/docs/latest/ /docs/1.10/;
/documentation/ /docs/latest/;
/support/ /community/;
/docs/overview/ /docs/latest/overview/;
/docs/administration/ /docs/latest/administration/;
/docs/usage/ /docs/latest/usage/;
/docs/development/ /docs/latest/development/;
/docs/support/ /docs/latest/support/;
/get-started/ /install/;
/get-started /install/;
/docs/1.10/administration/installing/local/ /docs/latest/installing/local/;
/docs/1.10/administration/access-node/index.html /docs/1.10/administering-clusters/;
/docs/1.10/administration/access-node/sshcluster/index.html /docs/1.10/administering-clusters/sshcluster/;
/docs/1.10/administration/access-node/tunnel/index.html /docs/1.10/developing-services/tunnel/;
/docs/1.10/administration/component-management/index.html /docs/1.10/administering-clusters/component-management/;
/docs/1.10/administration/debugging/index.html /docs/1.10/usage/debugging/cli-debugging/task-exec/;
/docs/1.10/administration/debugging/quickstart/index.html /docs/1.10/usage/debugging/cli-debugging/task-exec/;
/docs/1.10/administration/faq/index.html /docs/1.10/installing/faq/;
/docs/1.10/administration/gpu/aws-install/index.html /docs/1.10/deploying-services/gpu/aws-install/;
/docs/1.10/administration/gpu/custom-install/index.html /docs/1.10/deploying-services/gpu/custom-install/;
/docs/1.10/administration/gpu/index.html /docs/1.10/deploying-services/gpu/;
/docs/1.10/administration/haproxy-adminrouter/index.html /docs/1.10/administration/tls-ssl/haproxy-adminrouter/;
/docs/1.10/administration/high-availability/index.html /docs/1.10/networking/high-availability/;
/docs/1.10/administration/high-availability/multi-region/index.html /docs/1.10/networking/high-availability/multi-region/;
/docs/1.10/administration/high-availability/multi-zone/index.html /docs/1.10/networking/high-availability/multi-zone/;
/docs/1.10/administration/id-and-access-mgt/add-user-script/index.html /docs/1.10/security/add-user-script/;
/docs/1.10/administration/id-and-access-mgt/configure-your-security/index.html /docs/1.10/security/configure-your-security/;
/docs/1.10/administration/id-and-access-mgt/iam-api/index.html /docs/1.10/security/iam-api/;
/docs/1.10/administration/id-and-access-mgt/index.html /docs/1.10/security/;
/docs/1.10/administration/id-and-access-mgt/managing-authentication/index.html /docs/1.10/security/managing-authentication/;
/docs/1.10/administration/id-and-access-mgt/user-management/index.html /docs/1.10/security/user-management/;
/docs/1.10/administration/index.html /docs/1.10/administering-clusters/;
/docs/1.10/administration/installing/cloud/aws/advanced/aws-ami/index.html /docs/1.10/installing/cloud/aws/advanced/aws-ami/;
/docs/1.10/administration/installing/cloud/aws/advanced/aws-custom/index.html /docs/1.10/administration/installing/cloud/aws/advanced/;
/docs/1.10/administration/installing/cloud/aws/advanced/index.html /docs/1.10/installing/cloud/aws/advanced/;
/docs/1.10/administration/installing/cloud/aws/advanced/quickstart/index.html /docs/1.10/administration/installing/cloud/aws/advanced/;
/docs/1.10/administration/installing/cloud/aws/advanced/system-requirements/index.html /docs/1.10/administration/installing/cloud/aws/advanced/;
/docs/1.10/administration/installing/cloud/aws/advanced/template-reference/index.html /docs/1.10/installing/cloud/aws/advanced/template-reference/;
/docs/1.10/administration/installing/cloud/aws/basic/index.html /docs/1.10/installing/cloud/aws/basic/;
/docs/1.10/administration/installing/cloud/aws/index.html /docs/1.10/installing/cloud/aws/;
/docs/1.10/administration/installing/cloud/aws/removeaws/index.html /docs/1.10/installing/cloud/aws/removeaws/;
/docs/1.10/administration/installing/cloud/azure/index.html /docs/1.10/installing/cloud/azure/;
/docs/1.10/administration/installing/cloud/digitalocean/index.html /docs/1.10/installing/cloud/digitalocean/;
/docs/1.10/administration/installing/cloud/gce/index.html /docs/1.10/installing/cloud/gce/;
/docs/1.10/administration/installing/cloud/index.html /docs/1.10/installing/cloud/;
/docs/1.10/administration/installing/cloud/packet/index.html /docs/1.10/installing/cloud/packet/;
/docs/1.10/administration/installing/custom/add-a-node/index.html /docs/1.10/administering-clusters/add-a-node/;
/docs/1.10/administration/installing/custom/advanced/index.html /docs/1.10/installing/custom/advanced/;
/docs/1.10/administration/installing/custom/cli/index.html /docs/1.10/installing/custom/cli/;
/docs/1.10/administration/installing/custom/configuration-parameters/index.html /docs/1.10/installing/custom/configuration/configuration-parameters/;
/docs/1.10/installing/custom/configuration-parameters/index.html /docs/1.10/installing/custom/configuration/configuration-parameters/;
/docs/1.10/administration/installing/custom/configure-proxy/index.html /docs/1.10/installing/custom/configure-proxy/;
/docs/1.10/administration/installing/custom/convert-agent-type/index.html /docs/1.10/administering-clusters/convert-agent-type/;
/docs/1.10/administration/installing/custom/gui/index.html /docs/1.10/installing/custom/gui/;
/docs/1.10/administration/installing/custom/index.html /docs/1.10/installing/custom/;
/docs/1.10/administration/installing/custom/system-requirements/index.html /docs/1.10/installing/custom/system-requirements/;
/docs/1.10/administration/installing/custom/system-requirements/install-docker-centos/index.html /docs/1.10/installing/custom/system-requirements/install-docker-centos/;
/docs/1.10/administration/installing/custom/troubleshooting/index.html /docs/1.10/installing/troubleshooting/;
/docs/1.10/administration/installing/custom/uninstall/index.html /docs/1.10/installing/custom/uninstall/;
/docs/1.10/administration/installing/deploying-a-local-dcos-universe/index.html /docs/1.10/administering-clusters/deploying-a-local-dcos-universe/;
/docs/1.10/administration/installing/index.html /docs/1.10/installing/;
/docs/1.10/administration/installing/local/index.html /docs/1.10/installing/local/;
/docs/1.10/administration/installing/opt-out/index.html /docs/1.10/installing/custom/opt-out/;
/docs/1.10/administration/installing/ports/index.html /docs/1.10/installing/ports/;
/docs/1.10/administration/installing/update-a-node/index.html /docs/1.10/administering-clusters/update-a-node/;
/docs/1.10/administration/locate-public-agent/index.html /docs/1.10/administering-clusters/locate-public-agent/;
/docs/1.10/administration/logging/access-component-logs/index.html /docs/1.10/monitoring/logging/access-component-logs/;
/docs/1.10/administration/logging/access-task-logs/index.html /docs/1.10/monitoring/logging/access-task-logs/;
/docs/1.10/administration/logging/aggregating/elk/index.html /docs/1.10/monitoring/logging/aggregating/elk/;
/docs/1.10/administration/logging/aggregating/filter-elk/index.html /docs/1.10/monitoring/logging/aggregating/filter-elk/;
/docs/1.10/administration/logging/aggregating/filter-splunk/index.html /docs/1.10/monitoring/logging/aggregating/filter-splunk/;
/docs/1.10/administration/logging/aggregating/index.html /docs/1.10/monitoring/logging/aggregating/;
/docs/1.10/administration/logging/aggregating/splunk/index.html /docs/1.10/monitoring/logging/aggregating/splunk/;
/docs/1.10/administration/logging/index.html /docs/1.10/monitoring/logging/;
/docs/1.10/administration/logging/logging-api/index.html /docs/1.10/monitoring/logging/logging-api/;
/docs/1.10/administration/logging/quickstart/index.html /docs/1.10/monitoring/logging/quickstart/;
/docs/1.10/administration/managing-aws/index.html /docs/1.10/administering-clusters/managing-aws/;
/docs/1.10/administration/metrics/index.html /docs/1.10/administration/monitoring/metrics/;
/docs/1.10/administration/metrics/metrics-api/index.html /docs/1.10/administration/monitoring/metrics/metrics-api/;
/docs/1.10/administration/metrics/quickstart/index.html /docs/1.10/administration/monitoring/metrics/quickstart/;
/docs/1.10/administration/monitoring/index.html /docs/1.10/monitoring/;
/docs/1.10/administration/monitoring/metrics/index.html /docs/1.10/metrics/;
/docs/1.10/administration/monitoring/metrics/metrics-api/index.html /docs/1.10/metrics/metrics-api/;
/docs/1.10/administration/monitoring/metrics/quickstart/index.html /docs/1.10/metrics/quickstart/;
/docs/1.10/administration/monitoring/nagios/index.html /docs/1.10/administration/monitoring/performance-monitoring/nagios/;
/docs/1.10/administration/monitoring/performance-monitoring/index.html /docs/1.10/monitoring/performance-monitoring/;
/docs/1.10/administration/monitoring/performance-monitoring/nagios/index.html /docs/1.10/monitoring/performance-monitoring/nagios/;
/docs/1.10/administration/overlay-networks/index.html /docs/1.10/administration/virtual-networks/;
/docs/1.10/administration/overlay-networks/ip-per-container/index.html /docs/1.10/administration/virtual-networks/ip-per-container/;
/docs/1.10/administration/overlay-networks/isolation/index.html /docs/1.10/administration/virtual-networks/isolation/;
/docs/1.10/administration/release-notes/index.html /docs/1.10/release-notes/;
/docs/1.10/administration/remove-agent/index.html /docs/1.10/remove-agent/;
/docs/1.10/administration/securing-your-cluster/index.html /docs/1.10/administering-clusters/securing-your-cluster/;
/docs/1.10/administration/storage/index.html /docs/1.10/storage/;
/docs/1.10/administration/storage/mount-disk-resources/index.html /docs/1.10/storage/mount-disk-resources/;
/docs/1.10/administration/storage/nfs/index.html /docs/1.10/storage/nfs/;
/docs/1.10/administration/tls-ssl/haproxy-adminrouter/index.html /docs/1.10/networking/tls-ssl/haproxy-adminrouter/;
/docs/1.10/administration/tls-ssl/index.html /docs/1.10/networking/tls-ssl/;
/docs/1.10/administration/upgrading/index.html /docs/1.10/installing/upgrading/;
/docs/1.10/administration/user-management/index.html /docs/1.10/administration/id-and-access-mgt/user-management/;
/docs/1.10/administration/virtual-networks/index.html /docs/1.10/networking/virtual-networks/;
/docs/1.10/administration/virtual-networks/ip-per-container/index.html /docs/1.10/networking/virtual-networks/ip-per-container/;
/docs/1.10/administration/virtual-networks/isolation/index.html /docs/1.10/networking/virtual-networks/isolation/;
/docs/1.10/debugging/cli-debugging/task-exec/quickstart/index.html /docs/1.10/monitoring/debugging/cli-debugging/task-exec/;
/docs/1.10/development/index.html /docs/1.10/developing-services/;
/docs/1.10/monitoring/debugging/cli-debugging/task-exec/index.html /docs/1.10/monitoring/debugging/task-exec/;
/docs/1.10/overview/components/index.html /docs/1.10/overview/architecture/components/;
/docs/1.10/overview/roadmap/index.html /docs/1.10/;
/docs/1.10/usage/cli/command-reference/dcos-auth/dcos-auth-list-providers/index.html /docs/1.10/cli/command-reference/dcos-auth/dcos-auth-list-providers/;
/docs/1.10/usage/cli/command-reference/dcos-auth/dcos-auth-login/index.html /docs/1.10/cli/command-reference/dcos-auth/dcos-auth-login/;
/docs/1.10/usage/cli/command-reference/dcos-auth/dcos-auth-logout/index.html /docs/1.10/cli/command-reference/dcos-auth/dcos-auth-logout/;
/docs/1.10/usage/cli/command-reference/dcos-auth/index.html /docs/1.10/cli/command-reference/dcos-auth/dcos-auth-login/;
/docs/1.10/usage/cli/command-reference/dcos-config/dcos-config-set/index.html /docs/1.10/cli/command-reference/dcos-config/dcos-config-set/;
/docs/1.10/usage/cli/command-reference/dcos-config/dcos-config-show/index.html /docs/1.10/cli/command-reference/dcos-config/dcos-config-show/;
/docs/1.10/usage/cli/command-reference/dcos-config/dcos-config-unset/index.html /docs/1.10/cli/command-reference/dcos-config/dcos-config-unset/;
/docs/1.10/usage/cli/command-reference/dcos-config/dcos-config-validate/index.html /docs/1.10/cli/command-reference/dcos-config/dcos-config-validate/;
/docs/1.10/usage/cli/command-reference/dcos-config/index.html /docs/1.10/cli/command-reference/dcos-config/;
/docs/1.10/usage/cli/command-reference/dcos-experimental/dcos-experimental-package-add/index.html /docs/1.10/cli/command-reference/dcos-experimental/dcos-experimental-package-add/;
/docs/1.10/usage/cli/command-reference/dcos-experimental/dcos-experimental-package-build/index.html /docs/1.10/cli/command-reference/dcos-experimental/dcos-experimental-package-build/;
/docs/1.10/usage/cli/command-reference/dcos-experimental/dcos-experimental-package-start/index.html /docs/1.10/cli/command-reference/dcos-experimental/dcos-experimental-package-start/;
/docs/1.10/usage/cli/command-reference/dcos-experimental/index.html /docs/1.10/cli/command-reference/dcos-experimental/;
/docs/1.10/usage/cli/command-reference/dcos-help/index.html /docs/1.10/cli/command-reference/dcos-help/;
/docs/1.10/usage/cli/command-reference/dcos-job/dcos-job-add/index.html /docs/1.10/cli/command-reference/dcos-job/dcos-job-add/;
/docs/1.10/usage/cli/command-reference/dcos-job/dcos-job-history/index.html /docs/1.10/cli/command-reference/dcos-job/dcos-job-history/;
/docs/1.10/usage/cli/command-reference/dcos-job/dcos-job-kill/index.html /docs/1.10/cli/command-reference/dcos-job/dcos-job-kill/;
/docs/1.10/usage/cli/command-reference/dcos-job/dcos-job-list/index.html /docs/1.10/cli/command-reference/dcos-job/dcos-job-list/;
/docs/1.10/usage/cli/command-reference/dcos-job/dcos-job-remove/index.html /docs/1.10/cli/command-reference/dcos-job/dcos-job-remove/;
/docs/1.10/usage/cli/command-reference/dcos-job/dcos-job-run/index.html /docs/1.10/cli/command-reference/dcos-job/dcos-job-run/;
/docs/1.10/usage/cli/command-reference/dcos-job/dcos-job-schedule-add/index.html /docs/1.10/cli/command-reference/dcos-job/dcos-job-schedule-add/;
/docs/1.10/usage/cli/command-reference/dcos-job/dcos-job-schedule-remove/index.html /docs/1.10/cli/command-reference/dcos-job/dcos-job-schedule-remove/;
/docs/1.10/usage/cli/command-reference/dcos-job/dcos-job-schedule-show/index.html /docs/1.10/cli/command-reference/dcos-job/dcos-job-schedule-show/;
/docs/1.10/usage/cli/command-reference/dcos-job/dcos-job-schedule-update/index.html /docs/1.10/cli/command-reference/dcos-job/dcos-job-schedule-update/;
/docs/1.10/usage/cli/command-reference/dcos-job/dcos-job-show-runs/index.html /docs/1.10/cli/command-reference/dcos-job/dcos-job-show-runs/;
/docs/1.10/usage/cli/command-reference/dcos-job/dcos-job-show/index.html /docs/1.10/cli/command-reference/dcos-job/dcos-job-show/;
/docs/1.10/usage/cli/command-reference/dcos-job/dcos-job-update/index.html /docs/1.10/cli/command-reference/dcos-job/dcos-job-update/;
/docs/1.10/usage/cli/command-reference/dcos-job/index.html /docs/1.10/cli/command-reference/dcos-job/;
/docs/1.10/usage/cli/command-reference/dcos-marathon/dcos-marathon-about/index.html /docs/1.10/cli/command-reference/dcos-marathon/dcos-marathon-about/;
/docs/1.10/usage/cli/command-reference/dcos-marathon/dcos-marathon-app-add/index.html /docs/1.10/cli/command-reference/dcos-marathon/dcos-marathon-app-add/;
/docs/1.10/usage/cli/command-reference/dcos-marathon/dcos-marathon-app-kill/index.html /docs/1.10/cli/command-reference/dcos-marathon/dcos-marathon-app-kill/;
/docs/1.10/usage/cli/command-reference/dcos-marathon/dcos-marathon-app-list/index.html /docs/1.10/cli/command-reference/dcos-marathon/dcos-marathon-app-list/;
/docs/1.10/usage/cli/command-reference/dcos-marathon/dcos-marathon-app-remove/index.html /docs/1.10/cli/command-reference/dcos-marathon/dcos-marathon-app-remove/;
/docs/1.10/usage/cli/command-reference/dcos-marathon/dcos-marathon-app-restart/index.html /docs/1.10/cli/command-reference/dcos-marathon/dcos-marathon-app-restart/;
/docs/1.10/usage/cli/command-reference/dcos-marathon/dcos-marathon-app-show/index.html /docs/1.10/cli/command-reference/dcos-marathon/dcos-marathon-app-show/;
/docs/1.10/usage/cli/command-reference/dcos-marathon/dcos-marathon-app-start/index.html /docs/1.10/cli/command-reference/dcos-marathon/dcos-marathon-app-start/;
/docs/1.10/usage/cli/command-reference/dcos-marathon/dcos-marathon-app-stop/index.html /docs/1.10/cli/command-reference/dcos-marathon/dcos-marathon-app-stop/;
/docs/1.10/usage/cli/command-reference/dcos-marathon/dcos-marathon-app-update/index.html /docs/1.10/cli/command-reference/dcos-marathon/dcos-marathon-app-update/;
/docs/1.10/usage/cli/command-reference/dcos-marathon/dcos-marathon-app-version-list/index.html /docs/1.10/cli/command-reference/dcos-marathon/dcos-marathon-app-version-list/;
/docs/1.10/usage/cli/command-reference/dcos-marathon/dcos-marathon-debug-details/index.html /docs/1.10/cli/command-reference/dcos-marathon/dcos-marathon-debug-details/;
/docs/1.10/usage/cli/command-reference/dcos-marathon/dcos-marathon-debug-list/index.html /docs/1.10/cli/command-reference/dcos-marathon/dcos-marathon-debug-list/;
/docs/1.10/usage/cli/command-reference/dcos-marathon/dcos-marathon-debug-summary/index.html /docs/1.10/cli/command-reference/dcos-marathon/dcos-marathon-debug-summary/;
/docs/1.10/usage/cli/command-reference/dcos-marathon/dcos-marathon-deployment-list/index.html /docs/1.10/cli/command-reference/dcos-marathon/dcos-marathon-deployment-list/;
/docs/1.10/usage/cli/command-reference/dcos-marathon/dcos-marathon-deployment-rollback/index.html /docs/1.10/cli/command-reference/dcos-marathon/dcos-marathon-deployment-rollback/;
/docs/1.10/usage/cli/command-reference/dcos-marathon/dcos-marathon-deployment-stop/index.html /docs/1.10/cli/command-reference/dcos-marathon/dcos-marathon-deployment-stop/;
/docs/1.10/usage/cli/command-reference/dcos-marathon/dcos-marathon-deployment-watch/index.html /docs/1.10/cli/command-reference/dcos-marathon/dcos-marathon-deployment-watch/;
/docs/1.10/usage/cli/command-reference/dcos-marathon/dcos-marathon-group-add/index.html /docs/1.10/cli/command-reference/dcos-marathon/dcos-marathon-group-add/;
/docs/1.10/usage/cli/command-reference/dcos-marathon/dcos-marathon-group-list/index.html /docs/1.10/cli/command-reference/dcos-marathon/dcos-marathon-group-list/;
/docs/1.10/usage/cli/command-reference/dcos-marathon/dcos-marathon-group-remove/index.html /docs/1.10/cli/command-reference/dcos-marathon/dcos-marathon-group-remove/;
/docs/1.10/usage/cli/command-reference/dcos-marathon/dcos-marathon-group-scale/index.html /docs/1.10/cli/command-reference/dcos-marathon/dcos-marathon-group-scale/;
/docs/1.10/usage/cli/command-reference/dcos-marathon/dcos-marathon-group-show/index.html /docs/1.10/cli/command-reference/dcos-marathon/dcos-marathon-group-show/;
/docs/1.10/usage/cli/command-reference/dcos-marathon/dcos-marathon-group-update/index.html /docs/1.10/cli/command-reference/dcos-marathon/dcos-marathon-group-update/;
/docs/1.10/usage/cli/command-reference/dcos-marathon/dcos-marathon-pod-add/index.html /docs/1.10/cli/command-reference/dcos-marathon/dcos-marathon-pod-add/;
/docs/1.10/usage/cli/command-reference/dcos-marathon/dcos-marathon-pod-kill/index.html /docs/1.10/cli/command-reference/dcos-marathon/dcos-marathon-pod-kill/;
/docs/1.10/usage/cli/command-reference/dcos-marathon/dcos-marathon-pod-list/index.html /docs/1.10/cli/command-reference/dcos-marathon/dcos-marathon-pod-list/;
/docs/1.10/usage/cli/command-reference/dcos-marathon/dcos-marathon-pod-remove/index.html /docs/1.10/cli/command-reference/dcos-marathon/dcos-marathon-pod-remove/;
/docs/1.10/usage/cli/command-reference/dcos-marathon/dcos-marathon-pod-show/index.html /docs/1.10/cli/command-reference/dcos-marathon/dcos-marathon-pod-show/;
/docs/1.10/usage/cli/command-reference/dcos-marathon/dcos-marathon-pod-update/index.html /docs/1.10/cli/command-reference/dcos-marathon/dcos-marathon-pod-update/;
/docs/1.10/usage/cli/command-reference/dcos-marathon/dcos-marathon-task-list/index.html /docs/1.10/cli/command-reference/dcos-marathon/dcos-marathon-task-list/;
/docs/1.10/usage/cli/command-reference/dcos-marathon/dcos-marathon-task-show/index.html /docs/1.10/cli/command-reference/dcos-marathon/dcos-marathon-task-show/;
/docs/1.10/usage/cli/command-reference/dcos-marathon/dcos-marathon-task-stop/index.html /docs/1.10/cli/command-reference/dcos-marathon/dcos-marathon-task-stop/;
/docs/1.10/usage/cli/command-reference/dcos-marathon/index.html /docs/1.10/cli/command-reference/dcos-marathon/;
/docs/1.10/usage/cli/command-reference/dcos-node/dcos-node-diagnostics-create/index.html /docs/1.10/cli/command-reference/dcos-node/dcos-node-diagnostics-create/;
/docs/1.10/usage/cli/command-reference/dcos-node/dcos-node-diagnostics-delete/index.html /docs/1.10/cli/command-reference/dcos-node/dcos-node-diagnostics-delete/;
/docs/1.10/usage/cli/command-reference/dcos-node/dcos-node-diagnostics-download/index.html /docs/1.10/cli/command-reference/dcos-node/dcos-node-diagnostics-download/;
/docs/1.10/usage/cli/command-reference/dcos-node/dcos-node-diagnostics/index.html /docs/1.10/cli/command-reference/dcos-node/dcos-node-diagnostics/;
/docs/1.10/usage/cli/command-reference/dcos-node/dcos-node-list-components/index.html /docs/1.10/cli/command-reference/dcos-node/dcos-node-list-components/;
/docs/1.10/usage/cli/command-reference/dcos-node/dcos-node-log/index.html /docs/1.10/cli/command-reference/dcos-node/dcos-node-log/;
/docs/1.10/usage/cli/command-reference/dcos-node/dcos-node-ssh/index.html /docs/1.10/cli/command-reference/dcos-node/dcos-node-ssh/;
/docs/1.10/usage/cli/command-reference/dcos-node/index.html /docs/1.10/cli/command-reference/dcos-node/;
/docs/1.10/usage/cli/command-reference/dcos-package/dcos-package-describe/index.html /docs/1.10/cli/command-reference/dcos-package/dcos-package-describe/;
/docs/1.10/usage/cli/command-reference/dcos-package/dcos-package-install/index.html /docs/1.10/cli/command-reference/dcos-package/dcos-package-install/;
/docs/1.10/usage/cli/command-reference/dcos-package/dcos-package-list/index.html /docs/1.10/cli/command-reference/dcos-package/dcos-package-list/;
/docs/1.10/usage/cli/command-reference/dcos-package/dcos-package-repo-add/index.html /docs/1.10/cli/command-reference/dcos-package/dcos-package-repo-add/;
/docs/1.10/usage/cli/command-reference/dcos-package/dcos-package-repo-list/index.html /docs/1.10/cli/command-reference/dcos-package/dcos-package-repo-list/;
/docs/1.10/usage/cli/command-reference/dcos-package/dcos-package-repo-remove/index.html /docs/1.10/cli/command-reference/dcos-package/dcos-package-repo-remove/;
/docs/1.10/usage/cli/command-reference/dcos-package/dcos-package-search/index.html /docs/1.10/cli/command-reference/dcos-package/dcos-package-search/;
/docs/1.10/usage/cli/command-reference/dcos-package/dcos-package-uninstall/index.html /docs/1.10/cli/command-reference/dcos-package/dcos-package-uninstall/;
/docs/1.10/usage/cli/command-reference/dcos-package/dcos-package-update/index.html /docs/1.10/cli/command-reference/dcos-package/dcos-package-update/;
/docs/1.10/usage/cli/command-reference/dcos-package/index.html /docs/1.10/cli/command-reference/dcos-package/;
/docs/1.10/usage/cli/command-reference/dcos-service/dcos-service-log/index.html /docs/1.10/cli/command-reference/dcos-service/dcos-service-log/;
/docs/1.10/usage/cli/command-reference/dcos-service/dcos-service-shutdown/index.html /docs/1.10/cli/command-reference/dcos-service/dcos-service-shutdown/;
/docs/1.10/usage/cli/command-reference/dcos-service/index.html /docs/1.10/cli/command-reference/dcos-service/;
/docs/1.10/usage/cli/command-reference/dcos-task/dcos-task-exec/index.html /docs/1.10/cli/command-reference/dcos-task/dcos-task-exec/;
/docs/1.10/usage/cli/command-reference/dcos-task/dcos-task-log/index.html /docs/1.10/cli/command-reference/dcos-task/dcos-task-log/;
/docs/1.10/usage/cli/command-reference/dcos-task/dcos-task-ls/index.html /docs/1.10/cli/command-reference/dcos-task/dcos-task-ls/;
/docs/1.10/usage/cli/command-reference/dcos-task/index.html /docs/1.10/cli/command-reference/dcos-task/;
/docs/1.10/usage/cli/command-reference/dcos/index.html /docs/1.10/cli/command-reference/dcos/;
/docs/1.10/usage/cli/command-reference/index.html /docs/1.10/cli/command-reference/;
/docs/1.10/usage/cli/configure/index.html /docs/1.10/cli/configure/;
/docs/1.10/usage/cli/enterprise-cli/index.html /docs/1.10/cli/enterprise-cli/;
/docs/1.10/usage/cli/index.html /docs/1.10/cli/;
/docs/1.10/usage/cli/install/index.html /docs/1.10/cli/install/;
/docs/1.10/usage/cli/multi-cluster-cli/index.html /docs/1.10/cli/multi-cluster-cli/;
/docs/1.10/usage/cli/uninstall/index.html /docs/1.10/cli/uninstall/;
/docs/1.10/usage/cli/update/index.html /docs/1.10/cli/update/;
/docs/1.10/usage/containerizers/index.html /docs/1.10/deploying-services/containerizers/;
/docs/1.10/usage/debugging/cli-debugging/index.html /docs/1.10/monitoring/debugging/cli-debugging/;
/docs/1.10/usage/debugging/cli-debugging/task-exec/index.html /docs/1.10/monitoring/debugging/cli-debugging/task-exec/;
/docs/1.10/usage/debugging/gui-debugging/index.html /docs/1.10/monitoring/debugging/gui-debugging/;
/docs/1.10/usage/debugging/index.html /docs/1.10/monitoring/debugging/;
/docs/1.10/usage/debugging/stuck-deployment/index.html /docs/1.10/monitoring/debugging/stuck-deployment/;
/docs/1.10/usage/faq/index.html /docs/1.10/deploying-services/faq/;
/docs/1.10/usage/gpu/index.html /docs/1.10/deploying-services/gpu/;
/docs/1.10/usage/gpu/limitations/index.html /docs/1.10/deploying-services/gpu/;
/docs/1.10/usage/index.html /docs/1.10/;
/docs/1.10/usage/jobs/examples/index.html /docs/1.10/deploying-jobs/examples/;
/docs/1.10/usage/jobs/getting-started/index.html /docs/1.10/deploying-jobs/quickstart/;
/docs/1.10/usage/jobs/index.html /docs/1.10/deploying-jobs/;
/docs/1.10/usage/managing-services/application-basics/deploy-docker-app/index.html /docs/1.10/deploying-services/creating-services/deploy-docker-app/;
/docs/1.10/usage/managing-services/application-basics/index.html /docs/1.10/deploying-services/creating-services/;
/docs/1.10/usage/managing-services/config-universe-service/index.html /docs/1.10/deploying-services/config-universe-service/;
/docs/1.10/usage/managing-services/config/index.html /docs/1.10/usage/managing-services/config-universe-service/;
/docs/1.10/usage/managing-services/developing-services/index.html /docs/1.10/developing-services/;
/docs/1.10/developing-services/create-package/ https://github.com/mesosphere/universe/blob/version-3.x/docs/tutorial/GetStarted.md;
/docs/1.10/developing-services/service-requirements-spec/ https://github.com/mesosphere/universe/blob/version-3.x/docs/tutorial/GetStarted.md;
/docs/1.10/developing-services/dcos-integration/ https://github.com/mesosphere/universe/blob/version-3.x/docs/tutorial/GetStarted.md;
/docs/1.10/usage/managing-services/expose-service/index.html /docs/1.10/deploying-services/expose-service/;
/docs/1.10/usage/managing-services/index.html /docs/1.10/deploying-services/;
/docs/1.10/usage/managing-services/install/index.html /docs/1.10/deploying-services/install/;
/docs/1.10/usage/managing-services/list/index.html /docs/1.10/usage/managing-services/monitoring/;
/docs/1.10/usage/managing-services/monitor-services/index.html /docs/1.10/deploying-services/monitor-services/;
/docs/1.10/usage/managing-services/monitoring/index.html /docs/1.10/usage/managing-services/monitor-services/;
/docs/1.10/usage/managing-services/package-api/index.html /docs/1.10/deploying-services/package-api/;
/docs/1.10/usage/managing-services/rest-api/index.html /docs/1.10/deploying-services/marathon-api/;
/docs/1.10/usage/managing-services/scale-service/index.html /docs/1.10/deploying-services/scale-service/;
/docs/1.10/usage/managing-services/service-ports/index.html /docs/1.10/deploying-services/service-ports/;
/docs/1.10/usage/managing-services/task-handling/configure-task-handling/index.html /docs/1.10/deploying-services/task-handling/configure-task-handling/;
/docs/1.10/usage/managing-services/task-handling/index.html /docs/1.10/deploying-services/task-handling/;
/docs/1.10/usage/managing-services/uninstall/index.html /docs/1.10/deploying-services/uninstall/;
/docs/1.10/usage/managing-services/update-user-service/index.html /docs/1.10/deploying-services/update-user-service/;
/docs/1.10/usage/marathon/application-basics/index.html /docs/1.10/deploying-services/creating-services/;
/docs/1.10/usage/marathon/index.html /docs/1.10/usage/managing-services/;
/docs/1.10/usage/marathon/ports/index.html /docs/1.10/usage/managing-services/ports/service-ports/;
/docs/1.10/usage/marathon/rest-api/index.html /docs/1.10/usage/managing-services/rest-api/;
/docs/1.10/usage/nginx.json /docs/1.10/deploying-services/creating-services/nginx.json;
/docs/1.10/usage/pods/examples/index.html /docs/1.10/deploying-services/pods/examples/;
/docs/1.10/usage/pods/index.html /docs/1.10/deploying-services/pods/;
/docs/1.10/usage/pods/pods-cli/index.html /docs/1.10/usage/pods/using-pods/;
/docs/1.10/usage/pods/quickstart/index.html /docs/1.10/deploying-services/pods/quickstart/;
/docs/1.10/usage/pods/technical-overview/index.html /docs/1.10/deploying-services/pods/technical-overview/;
/docs/1.10/usage/pods/using-pods/index.html /docs/1.10/deploying-services/pods/using-pods/;
/docs/1.10/usage/repo/index.html /docs/1.10/administering-clusters/repo/;
/docs/1.10/usage/service-discovery/custom-domain-service-discovery/index.html /docs/1.10/usage/service-discovery/mesos-dns/custom-domain-service-discovery/;
/docs/1.10/usage/service-discovery/dns-naming/index.html /docs/1.10/usage/service-discovery/mesos-dns/service-naming/#dns-naming;
/docs/1.10/usage/service-discovery/dns-overview/index.html /docs/1.10/networking/dns-/docs/1.10/overview/;
/docs/1.10/usage/service-discovery/index.html /docs/1.10/networking/;
/docs/1.10/usage/service-discovery/load-balancing-vips/index.html /docs/1.10/networking/load-balancing-vips/;
/docs/1.10/usage/service-discovery/load-balancing-vips/overlay-networks/index.html /docs/1.10/usage/service-discovery/load-balancing-vips/virtual-networks/;
/docs/1.10/usage/service-discovery/load-balancing-vips/virtual-ip-addresses/index.html /docs/1.10/networking/load-balancing-vips/virtual-ip-addresses/;
/docs/1.10/usage/service-discovery/load-balancing-vips/virtual-networks/index.html /docs/1.10/networking/load-balancing-vips/virtual-networks/;
/docs/1.10/usage/service-discovery/marathon-lb/advanced/index.html /docs/1.10/networking/marathon-lb/advanced/;
/docs/1.10/usage/service-discovery/marathon-lb/index.html /docs/1.10/networking/marathon-lb/;
/docs/1.10/usage/service-discovery/marathon-lb/marathon-lb-advanced-tutorial/index.html /docs/1.10/networking/marathon-lb/marathon-lb-advanced-tutorial/;
/docs/1.10/usage/service-discovery/marathon-lb/marathon-lb-basic-tutorial/index.html /docs/1.10/networking/marathon-lb/marathon-lb-basic-tutorial/;
/docs/1.10/usage/service-discovery/marathon-lb/quickstart/index.html /docs/1.10/usage/service-discovery/marathon-lb/marathon-lb-basic-tutorial/;
/docs/1.10/usage/service-discovery/marathon-lb/usage/index.html /docs/1.10/networking/marathon-lb/usage/;
/docs/1.10/usage/service-discovery/mesos-dns/custom-domain-service-discovery.md /docs/1.10/usage/service-discovery/mesos-dns/expose-mesos-zone/;
/docs/1.10/usage/service-discovery/mesos-dns/expose-mesos-zone/index.html /docs/1.10/networking/mesos-dns/expose-mesos-zone/;
/docs/1.10/usage/service-discovery/mesos-dns/http-interface/index.html /docs/1.10/networking/mesos-dns/http-interface/;
/docs/1.10/networking/mesos-dns/http-interface/index.html /docs/1.10/networking/mesos-dns/mesos-dns-api/;
/docs/1.10/usage/service-discovery/mesos-dns/index.html /docs/1.10/networking/mesos-dns/;
/docs/1.10/usage/service-discovery/mesos-dns/service-naming/index.html /docs/1.10/networking/mesos-dns/service-naming/;
/docs/1.10/usage/service-discovery/mesos-dns/troubleshooting/index.html /docs/1.10/networking/mesos-dns/troubleshooting/;
/docs/1.10/usage/storage/external-storage/index.html /docs/1.10/storage/external-storage/;
/docs/1.10/usage/storage/index.html /docs/1.10/storage/;
/docs/1.10/usage/storage/persistent-volume/index.html /docs/1.10/storage/persistent-volume/;
/docs/1.10/usage/tutorials/autoscaling/cpu-memory/index.html /docs/1.10/tutorials/autoscaling/cpu-memory/;
/docs/1.10/usage/tutorials/autoscaling/index.html /docs/1.10/tutorials/autoscaling/;
/docs/1.10/usage/tutorials/autoscaling/microscaling-queue/index.html /docs/1.10/tutorials/autoscaling/microscaling-queue/;
/docs/1.10/usage/tutorials/autoscaling/requests-second/index.html /docs/1.10/tutorials/autoscaling/requests-second/;
/docs/1.10/usage/tutorials/create-service/index.html /docs/1.10/tutorials/create-service/;
/docs/1.10/usage/tutorials/deploy-on-marathon/index.html /docs/1.10/tutorials/deploy-on-marathon/;
/docs/1.10/usage/tutorials/docker-app/index.html /docs/1.10/usage/managing-services/creating-services/deploy-docker-app/;
/docs/1.10/usage/tutorials/index.html /docs/1.10/tutorials/;
/docs/1.10/usage/tutorials/inline-update/index.html /docs/1.10/usage/managing-services/update-user-service/;
/docs/1.10/usage/tutorials/iot_pipeline/index.html /docs/1.10/tutorials/iot_pipeline/;
/docs/1.10/usage/tutorials/public-app/index.html /docs/1.10/usage/managing-services/expose-service/;
/docs/1.10/usage/tutorials/registry/index.html https://github.com/dcos/examples/tree/master/registry/1.8;
/docs/1.10/usage/tutorials/stateful-services/index.html /docs/1.10/tutorials/stateful-services/;
/docs/1.10/usage/tutorials/task-labels/index.html /docs/1.10/tutorials/task-labels/;
/docs/1.10/usage/webinterface/index.html /docs/1.10/gui/;
/blog/2016/dc-os-1-8-is-now-available/index.html /blog/2016/dc-os-1-8-early-access/;
/brand /brand/;
/brand/index.html https://brand.ai/mesosphere/mesosphere-brand-guidelines;
/docs /docs/latest/;
/docs/ /docs/latest/;
/docs/1.7/administration/dcosarchitecture/security/index.html /docs/1.7/overview/;
/docs/1.7/administration/installing/custom/automated-installer/system-requirements/index.html /docs/1.7/administration/installing/custom/system-requirements/;
/docs/1.7/administration/security-and-authentication/index.html /docs/1.7/overview/security/;
/docs/1.7/administration/service-discovery/index.html /docs/1.7/overview/service-discovery/;
/docs/1.7/advanced-installer/create-a-script-for-ip-address-discovery/index.html /docs/1.7/administration/installing/custom/advanced/;
/docs/1.7/getting-started/overview/index.html /docs/1.7/usage/;
/docs/1.7/usage/jobs/getting-started/index.html /docs/1.8/usage/jobs/getting-started/;
/docs/1.7/usage/service-discovery/load-balancing-vips/virtual-ip-addresses/index.html /docs/1.7/usage/service-discovery/virtual-ip-addresses/;
/docs/1.7/usage/services/config/index.html /docs/1.7/usage/managing-services/config/;
/docs/1.7/usage/services/index.html /docs/1.7/usage/managing-services/;
/docs/1.7/usage/services/install/index.html /docs/1.7/usage/managing-services/install/;
/docs/1.7/usage/services/list/index.html /docs/1.7/usage/managing-services/list/;
/docs/1.7/usage/services/repo/index.html /docs/1.7/usage/repo/;
/docs/1.7/usage/services/uninstall/#framework-cleaner /docs/1.7/usage/managing-services/uninstall/#framework-cleaner;
/docs/1.7/usage/services/uninstall/index.html /docs/1.7/usage/managing-services/uninstall/;
/docs/1.7/usage/tutorials/marathon/inline-update/index.html /docs/1.7/usage/tutorials/marathon/;
/docs/1.7/usage/tutorials/ruby-on-rails/index.html /docs/1.7/usage/tutorials/;
/docs/1.8/administration/haproxy-adminrouter/index.html /docs/1.8/administration/tls-ssl/haproxy-adminrouter/;
/docs/1.8/administration/id-and-access-mgt/auth-api/index.html /docs/1.8/administration/id-and-access-mgt/iam-api/;
/docs/1.8/administration/installing/cloud/aws/advanced/aws-custom/index.html /docs/1.8/administration/installing/cloud/aws/advanced/;
/docs/1.8/administration/installing/cloud/aws/advanced/quickstart/index.html /docs/1.8/administration/installing/cloud/aws/advanced/;
/docs/1.8/administration/installing/cloud/aws/advanced/system-requirements/index.html /docs/1.8/administration/installing/cloud/aws/advanced/;
/docs/1.8/administration/installing/custom/create-public-agent/index.html /docs/1.8/administration/installing/custom/convert-agent-type/;
/docs/1.8/administration/overlay-networks/index.html /docs/1.8/administration/virtual-networks/;
/docs/1.8/administration/overlay-networks/ip-per-container/index.html /docs/1.8/administration/virtual-networks/ip-per-container/;
/docs/1.8/administration/overlay-networks/isolation/index.html /docs/1.8/administration/virtual-networks/isolation/;
/docs/1.8/administration/sshcluster/index.html /docs/1.8/administration/access-node/sshcluster/;
/docs/1.8/administration/telemetry/index.html /docs/1.8/overview/telemetry/;
/docs/1.8/administration/user-management/index.html /docs/1.8/administration/id-and-access-mgt/user-management/;
/docs/1.8/usage/managing-services/application-basics/deploy-docker-app/index.html /docs/1.8/usage/managing-services/creating-services/deploy-docker-app/;
/docs/1.8/usage/managing-services/application-basics/index.html /docs/1.8/usage/managing-services/creating-services/;
/docs/1.8/usage/managing-services/config/index.html /docs/1.8/usage/managing-services/config-universe-service/;
/docs/1.8/usage/managing-services/list/index.html /docs/1.8/usage/managing-services/monitoring/;
/docs/1.8/usage/managing-services/monitoring/index.html /docs/1.8/usage/managing-services/monitor-services/;
/docs/1.8/usage/marathon/application-basics/index.html /docs/1.8/usage/managing-services/creating-services/;
/docs/1.8/usage/marathon/index.html /docs/1.8/usage/managing-services/;
/docs/1.8/usage/marathon/ports/index.html /docs/1.8/usage/managing-services/ports/service-ports/;
/docs/1.8/usage/overlay-networks/index.html /docs/1.8/usage/service-discovery/load-balancing-vips/virtual-networks/;
/docs/1.8/usage/registry/index.html https://github.com/dcos/examples/tree/master/1.8/registry;
/docs/1.8/usage/service-discovery/custom-domain-service-discovery/index.html /docs/1.8/usage/service-discovery/mesos-dns/custom-domain-service-discovery/;
/docs/1.8/usage/service-discovery/dns-naming/index.html /docs/1.8/usage/service-discovery/mesos-dns/service-naming/#dns-naming;
/docs/1.8/usage/service-discovery/haproxy-adminrouter/index.html /docs/1.8/administration/haproxy-adminrouter/;
/docs/1.8/usage/service-discovery/load-balancing-vips/overlay-networks/index.html /docs/.8/usage/service-discovery/load-balancing-vips/virtual-networks/;
/docs/1.8/usage/service-discovery/marathon-lb/quickstart/index.html /docs/1.8/usage/service-discovery/marathon-lb/marathon-lb-basic-tutorial/;
/docs/1.8/usage/service-discovery/mesos-dns/custom-domain-service-discovery/index.html /docs/1.8/usage/service-discovery/mesos-dns/expose-mesos-zone/;
/docs/1.8/networking/mesos-dns/http-interface/index.html /docs/1.8/networking/mesos-dns/mesos-dns-api/;
/docs/1.8/usage/service-discovery/virtual-ip-addresses/index.html /docs/1.8/usage/service-discovery/load-balancing-vips/virtual-ip-addresses/;
/docs/1.8/usage/tutorials/docker-app/index.html /docs/1.8/usage/managing-services/creating-services/deploy-docker-app/;
/docs/1.8/usage/tutorials/inline-update/index.html /docs/1.8/usage/managing-services/update-user-service/;
/docs/1.8/usage/tutorials/marathon/index.html /docs/1.8/usage/tutorials/dcos-101/;
/docs/1.8/usage/tutorials/marathon/inline-update/index.html /docs/1.7/usage/tutorials/marathon/;
/docs/1.8/usage/tutorials/marathon/stateful-services/index.html /docs/1.7/usage/tutorials/marathon/stateful-services/;
/docs/1.8/usage/tutorials/public-app/index.html /docs/1.8/usage/managing-services/expose-service/;
/docs/1.8/usage/tutorials/registry/index.html https://github.com/dcos/examples/tree/master/1.8/registry;
/docs/1.9/administration/access-node/index.html /docs/1.9/administering-clusters/;
/docs/1.9/administration/access-node/sshcluster/index.html /docs/1.9/administering-clusters/sshcluster/;
/docs/1.9/administration/access-node/tunnel/index.html /docs/1.9/developing-services/tunnel/;
/docs/1.9/administration/component-management/index.html /docs/1.9/administering-clusters/component-management/;
/docs/1.9/administration/debugging/index.html /docs/1.9/usage/debugging/cli-debugging/task-exec/;
/docs/1.9/administration/debugging/quickstart/index.html /docs/1.9/usage/debugging/cli-debugging/task-exec/;
/docs/1.9/administration/faq/index.html /docs/1.9/installing/faq/;
/docs/1.9/administration/gpu/aws-install/index.html /docs/1.9/deploying-services/gpu/aws-install/;
/docs/1.9/administration/gpu/custom-install/index.html /docs/1.9/deploying-services/gpu/custom-install/;
/docs/1.9/administration/gpu/index.html /docs/1.9/deploying-services/gpu/;
/docs/1.9/administration/haproxy-adminrouter/index.html /docs/1.9/administration/tls-ssl/haproxy-adminrouter/;
/docs/1.9/administration/high-availability/index.html /docs/1.9/networking/high-availability/;
/docs/1.9/administration/high-availability/multi-region/index.html /docs/1.9/networking/high-availability/multi-region/;
/docs/1.9/administration/high-availability/multi-zone/index.html /docs/1.9/networking/high-availability/multi-zone/;
/docs/1.9/administration/id-and-access-mgt/add-user-script/index.html /docs/1.9/security/add-user-script/;
/docs/1.9/administration/id-and-access-mgt/configure-your-security/index.html /docs/1.9/security/configure-your-security/;
/docs/1.9/administration/id-and-access-mgt/iam-api/index.html /docs/1.9/security/iam-api/;
/docs/1.9/administration/id-and-access-mgt/index.html /docs/1.9/security/;
/docs/1.9/administration/id-and-access-mgt/managing-authentication/index.html /docs/1.9/security/managing-authentication/;
/docs/1.9/administration/id-and-access-mgt/user-management/index.html /docs/1.9/security/user-management/;
/docs/1.9/administration/index.html /docs/1.9/administering-clusters/;
/docs/1.9/administration/installing/cloud/aws/advanced/aws-ami/index.html /docs/1.9/installing/cloud/aws/advanced/aws-ami/;
/docs/1.9/administration/installing/cloud/aws/advanced/aws-custom/index.html /docs/1.9/administration/installing/cloud/aws/advanced/;
/docs/1.9/administration/installing/cloud/aws/advanced/index.html /docs/1.9/installing/cloud/aws/advanced/;
/docs/1.9/administration/installing/cloud/aws/advanced/quickstart/index.html /docs/1.9/administration/installing/cloud/aws/advanced/;
/docs/1.9/administration/installing/cloud/aws/advanced/system-requirements/index.html /docs/1.9/administration/installing/cloud/aws/advanced/;
/docs/1.9/administration/installing/cloud/aws/advanced/template-reference/index.html /docs/1.9/installing/cloud/aws/advanced/template-reference/;
/docs/1.9/administration/installing/cloud/aws/basic/index.html /docs/1.9/installing/cloud/aws/basic/;
/docs/1.9/administration/installing/cloud/aws/index.html /docs/1.9/installing/cloud/aws/;
/docs/1.9/administration/installing/cloud/aws/removeaws/index.html /docs/1.9/installing/cloud/aws/removeaws/;
/docs/1.9/administration/installing/cloud/azure/index.html /docs/1.9/installing/cloud/azure/;
/docs/1.9/administration/installing/cloud/digitalocean/index.html /docs/1.9/installing/cloud/digitalocean/;
/docs/1.9/administration/installing/cloud/gce/index.html /docs/1.9/installing/cloud/gce/;
/docs/1.9/administration/installing/cloud/index.html /docs/1.9/installing/cloud/;
/docs/1.9/administration/installing/cloud/packet/index.html /docs/1.9/installing/cloud/packet/;
/docs/1.9/administration/installing/custom/add-a-node/index.html /docs/1.9/administering-clusters/add-a-node/;
/docs/1.9/administration/installing/custom/advanced/index.html /docs/1.9/installing/custom/advanced/;
/docs/1.9/administration/installing/custom/cli/index.html /docs/1.9/installing/custom/cli/;
/docs/1.9/administration/installing/custom/configuration-parameters/index.html /docs/1.9/installing/custom/configuration/configuration-parameters/;
/docs/1.9/installing/custom/configuration-parameters/index.html /docs/1.9/installing/custom/configuration/configuration-parameters/;
/docs/1.9/administration/installing/custom/configure-proxy/index.html /docs/1.9/installing/custom/configure-proxy/;
/docs/1.9/administration/installing/custom/convert-agent-type/index.html /docs/1.9/administering-clusters/convert-agent-type/;
/docs/1.9/administration/installing/custom/gui/index.html /docs/1.9/installing/custom/gui/;
/docs/1.9/administration/installing/custom/index.html /docs/1.9/installing/custom/;
/docs/1.9/administration/installing/custom/system-requirements/index.html /docs/1.9/installing/custom/system-requirements/;
/docs/1.9/administration/installing/custom/system-requirements/install-docker-centos/index.html /docs/1.9/installing/custom/system-requirements/install-docker-centos/;
/docs/1.9/administration/installing/custom/troubleshooting/index.html /docs/1.9/installing/troubleshooting/;
/docs/1.9/administration/installing/custom/uninstall/index.html /docs/1.9/installing/custom/uninstall/;
/docs/1.9/administration/installing/deploying-a-local-dcos-universe/index.html /docs/1.9/administering-clusters/deploying-a-local-dcos-universe/;
/docs/1.9/administration/installing/index.html /docs/1.9/installing/;
/docs/1.9/administration/installing/local/index.html /docs/1.9/installing/local/;
/docs/1.9/administration/installing/opt-out/index.html /docs/1.9/installing/custom/opt-out/;
/docs/1.9/administration/installing/ports/index.html /docs/1.9/installing/ports/;
/docs/1.9/administration/installing/update-a-node/index.html /docs/1.9/administering-clusters/update-a-node/;
/docs/1.9/administration/locate-public-agent/index.html /docs/1.9/administering-clusters/locate-public-agent/;
/docs/1.9/administration/logging/access-component-logs/index.html /docs/1.9/monitoring/logging/access-component-logs/;
/docs/1.9/administration/logging/access-task-logs/index.html /docs/1.9/monitoring/logging/access-task-logs/;
/docs/1.9/administration/logging/aggregating/elk/index.html /docs/1.9/monitoring/logging/aggregating/elk/;
/docs/1.9/administration/logging/aggregating/filter-elk/index.html /docs/1.9/monitoring/logging/aggregating/filter-elk/;
/docs/1.9/administration/logging/aggregating/filter-splunk/index.html /docs/1.9/monitoring/logging/aggregating/filter-splunk/;
/docs/1.9/administration/logging/aggregating/index.html /docs/1.9/monitoring/logging/aggregating/;
/docs/1.9/administration/logging/aggregating/splunk/index.html /docs/1.9/monitoring/logging/aggregating/splunk/;
/docs/1.9/administration/logging/index.html /docs/1.9/monitoring/logging/;
/docs/1.9/administration/logging/logging-api/index.html /docs/1.9/monitoring/logging/logging-api/;
/docs/1.9/administration/logging/quickstart/index.html /docs/1.9/monitoring/logging/quickstart/;
/docs/1.9/administration/managing-aws/index.html /docs/1.9/administering-clusters/managing-aws/;
/docs/1.9/administration/metrics/index.html /docs/1.9/administration/monitoring/metrics/;
/docs/1.9/administration/metrics/metrics-api/index.html /docs/1.9/administration/monitoring/metrics/metrics-api/;
/docs/1.9/administration/metrics/quickstart/index.html /docs/1.9/administration/monitoring/metrics/quickstart/;
/docs/1.9/administration/monitoring/index.html /docs/1.9/monitoring/;
/docs/1.9/administration/monitoring/metrics/index.html /docs/1.9/metrics/;
/docs/1.9/administration/monitoring/metrics/metrics-api/index.html /docs/1.9/metrics/metrics-api/;
/docs/1.9/administration/monitoring/metrics/quickstart/index.html /docs/1.9/metrics/quickstart/;
/docs/1.9/administration/monitoring/nagios/index.html /docs/1.9/administration/monitoring/performance-monitoring/nagios/;
/docs/1.9/administration/monitoring/performance-monitoring/index.html /docs/1.9/monitoring/performance-monitoring/;
/docs/1.9/administration/monitoring/performance-monitoring/nagios/index.html /docs/1.9/monitoring/performance-monitoring/nagios/;
/docs/1.9/administration/overlay-networks/index.html /docs/1.9/administration/virtual-networks/;
/docs/1.9/administration/overlay-networks/ip-per-container/index.html /docs/1.9/administration/virtual-networks/ip-per-container/;
/docs/1.9/administration/overlay-networks/isolation/index.html /docs/1.9/administration/virtual-networks/isolation/;
/docs/1.9/administration/release-notes/index.html /docs/1.9/release-notes/;
/docs/1.9/administration/remove-agent/index.html /docs/1.9/remove-agent/;
/docs/1.9/administration/securing-your-cluster/index.html /docs/1.9/administering-clusters/securing-your-cluster/;
/docs/1.9/administration/storage/index.html /docs/1.9/storage/;
/docs/1.9/administration/storage/mount-disk-resources/index.html /docs/1.9/storage/mount-disk-resources/;
/docs/1.9/administration/storage/nfs/index.html /docs/1.9/storage/nfs/;
/docs/1.9/administration/tls-ssl/haproxy-adminrouter/index.html /docs/1.9/networking/tls-ssl/haproxy-adminrouter/;
/docs/1.9/administration/tls-ssl/index.html /docs/1.9/networking/tls-ssl/;
/docs/1.9/administration/upgrading/index.html /docs/1.9/installing/upgrading/;
/docs/1.9/administration/user-management/index.html /docs/1.9/administration/id-and-access-mgt/user-management/;
/docs/1.9/administration/virtual-networks/index.html /docs/1.9/networking/virtual-networks/;
/docs/1.9/administration/virtual-networks/ip-per-container/index.html /docs/1.9/networking/virtual-networks/ip-per-container/;
/docs/1.9/administration/virtual-networks/isolation/index.html /docs/1.9/networking/virtual-networks/isolation/;
/docs/1.9/debugging/cli-debugging/task-exec/quickstart/index.html /docs/1.9/monitoring/debugging/cli-debugging/task-exec/;
/docs/1.9/development/index.html /docs/1.9/developing-services/;
/docs/1.9/monitoring/debugging/cli-debugging/task-exec/index.html /docs/1.9/monitoring/debugging/task-exec/;
/docs/1.9/overview/components/index.html /docs/1.9/overview/architecture/components/;
/docs/1.9/overview/roadmap/index.html /docs/1.9/;
/docs/1.9/usage/cli/command-reference/dcos-auth/dcos-auth-list-providers/index.html /docs/1.9/cli/command-reference/dcos-auth/dcos-auth-list-providers/;
/docs/1.9/usage/cli/command-reference/dcos-auth/dcos-auth-login/index.html /docs/1.9/cli/command-reference/dcos-auth/dcos-auth-login/;
/docs/1.9/usage/cli/command-reference/dcos-auth/dcos-auth-logout/index.html /docs/1.9/cli/command-reference/dcos-auth/dcos-auth-logout/;
/docs/1.9/usage/cli/command-reference/dcos-auth/index.html /docs/1.9/cli/command-reference/dcos-auth/dcos-auth-login/;
/docs/1.9/usage/cli/command-reference/dcos-config/dcos-config-set/index.html /docs/1.9/cli/command-reference/dcos-config/dcos-config-set/;
/docs/1.9/usage/cli/command-reference/dcos-config/dcos-config-show/index.html /docs/1.9/cli/command-reference/dcos-config/dcos-config-show/;
/docs/1.9/usage/cli/command-reference/dcos-config/dcos-config-unset/index.html /docs/1.9/cli/command-reference/dcos-config/dcos-config-unset/;
/docs/1.9/usage/cli/command-reference/dcos-config/dcos-config-validate/index.html /docs/1.9/cli/command-reference/dcos-config/dcos-config-validate/;
/docs/1.9/usage/cli/command-reference/dcos-config/index.html /docs/1.9/cli/command-reference/dcos-config/;
/docs/1.9/usage/cli/command-reference/dcos-experimental/dcos-experimental-package-add/index.html /docs/1.9/cli/command-reference/dcos-experimental/dcos-experimental-package-add/;
/docs/1.9/usage/cli/command-reference/dcos-experimental/dcos-experimental-package-build/index.html /docs/1.9/cli/command-reference/dcos-experimental/dcos-experimental-package-build/;
/docs/1.9/usage/cli/command-reference/dcos-experimental/dcos-experimental-package-start/index.html /docs/1.9/cli/command-reference/dcos-experimental/dcos-experimental-package-start/;
/docs/1.9/usage/cli/command-reference/dcos-experimental/index.html /docs/1.9/cli/command-reference/dcos-experimental/;
/docs/1.9/usage/cli/command-reference/dcos-help/index.html /docs/1.9/cli/command-reference/dcos-help/;
/docs/1.9/usage/cli/command-reference/dcos-job/dcos-job-add/index.html /docs/1.9/cli/command-reference/dcos-job/dcos-job-add/;
/docs/1.9/usage/cli/command-reference/dcos-job/dcos-job-history/index.html /docs/1.9/cli/command-reference/dcos-job/dcos-job-history/;
/docs/1.9/usage/cli/command-reference/dcos-job/dcos-job-kill/index.html /docs/1.9/cli/command-reference/dcos-job/dcos-job-kill/;
/docs/1.9/usage/cli/command-reference/dcos-job/dcos-job-list/index.html /docs/1.9/cli/command-reference/dcos-job/dcos-job-list/;
/docs/1.9/usage/cli/command-reference/dcos-job/dcos-job-remove/index.html /docs/1.9/cli/command-reference/dcos-job/dcos-job-remove/;
/docs/1.9/usage/cli/command-reference/dcos-job/dcos-job-run/index.html /docs/1.9/cli/command-reference/dcos-job/dcos-job-run/;
/docs/1.9/usage/cli/command-reference/dcos-job/dcos-job-schedule-add/index.html /docs/1.9/cli/command-reference/dcos-job/dcos-job-schedule-add/;
/docs/1.9/usage/cli/command-reference/dcos-job/dcos-job-schedule-remove/index.html /docs/1.9/cli/command-reference/dcos-job/dcos-job-schedule-remove/;
/docs/1.9/usage/cli/command-reference/dcos-job/dcos-job-schedule-show/index.html /docs/1.9/cli/command-reference/dcos-job/dcos-job-schedule-show/;
/docs/1.9/usage/cli/command-reference/dcos-job/dcos-job-schedule-update/index.html /docs/1.9/cli/command-reference/dcos-job/dcos-job-schedule-update/;
/docs/1.9/usage/cli/command-reference/dcos-job/dcos-job-show-runs/index.html /docs/1.9/cli/command-reference/dcos-job/dcos-job-show-runs/;
/docs/1.9/usage/cli/command-reference/dcos-job/dcos-job-show/index.html /docs/1.9/cli/command-reference/dcos-job/dcos-job-show/;
/docs/1.9/usage/cli/command-reference/dcos-job/dcos-job-update/index.html /docs/1.9/cli/command-reference/dcos-job/dcos-job-update/;
/docs/1.9/usage/cli/command-reference/dcos-job/index.html /docs/1.9/cli/command-reference/dcos-job/;
/docs/1.9/usage/cli/command-reference/dcos-marathon/dcos-marathon-about/index.html /docs/1.9/cli/command-reference/dcos-marathon/dcos-marathon-about/;
/docs/1.9/usage/cli/command-reference/dcos-marathon/dcos-marathon-app-add/index.html /docs/1.9/cli/command-reference/dcos-marathon/dcos-marathon-app-add/;
/docs/1.9/usage/cli/command-reference/dcos-marathon/dcos-marathon-app-kill/index.html /docs/1.9/cli/command-reference/dcos-marathon/dcos-marathon-app-kill/;
/docs/1.9/usage/cli/command-reference/dcos-marathon/dcos-marathon-app-list/index.html /docs/1.9/cli/command-reference/dcos-marathon/dcos-marathon-app-list/;
/docs/1.9/usage/cli/command-reference/dcos-marathon/dcos-marathon-app-remove/index.html /docs/1.9/cli/command-reference/dcos-marathon/dcos-marathon-app-remove/;
/docs/1.9/usage/cli/command-reference/dcos-marathon/dcos-marathon-app-restart/index.html /docs/1.9/cli/command-reference/dcos-marathon/dcos-marathon-app-restart/;
/docs/1.9/usage/cli/command-reference/dcos-marathon/dcos-marathon-app-show/index.html /docs/1.9/cli/command-reference/dcos-marathon/dcos-marathon-app-show/;
/docs/1.9/usage/cli/command-reference/dcos-marathon/dcos-marathon-app-start/index.html /docs/1.9/cli/command-reference/dcos-marathon/dcos-marathon-app-start/;
/docs/1.9/usage/cli/command-reference/dcos-marathon/dcos-marathon-app-stop/index.html /docs/1.9/cli/command-reference/dcos-marathon/dcos-marathon-app-stop/;
/docs/1.9/usage/cli/command-reference/dcos-marathon/dcos-marathon-app-update/index.html /docs/1.9/cli/command-reference/dcos-marathon/dcos-marathon-app-update/;
/docs/1.9/usage/cli/command-reference/dcos-marathon/dcos-marathon-app-version-list/index.html /docs/1.9/cli/command-reference/dcos-marathon/dcos-marathon-app-version-list/;
/docs/1.9/usage/cli/command-reference/dcos-marathon/dcos-marathon-debug-details/index.html /docs/1.9/cli/command-reference/dcos-marathon/dcos-marathon-debug-details/;
/docs/1.9/usage/cli/command-reference/dcos-marathon/dcos-marathon-debug-list/index.html /docs/1.9/cli/command-reference/dcos-marathon/dcos-marathon-debug-list/;
/docs/1.9/usage/cli/command-reference/dcos-marathon/dcos-marathon-debug-summary/index.html /docs/1.9/cli/command-reference/dcos-marathon/dcos-marathon-debug-summary/;
/docs/1.9/usage/cli/command-reference/dcos-marathon/dcos-marathon-deployment-list/index.html /docs/1.9/cli/command-reference/dcos-marathon/dcos-marathon-deployment-list/;
/docs/1.9/usage/cli/command-reference/dcos-marathon/dcos-marathon-deployment-rollback/index.html /docs/1.9/cli/command-reference/dcos-marathon/dcos-marathon-deployment-rollback/;
/docs/1.9/usage/cli/command-reference/dcos-marathon/dcos-marathon-deployment-stop/index.html /docs/1.9/cli/command-reference/dcos-marathon/dcos-marathon-deployment-stop/;
/docs/1.9/usage/cli/command-reference/dcos-marathon/dcos-marathon-deployment-watch/index.html /docs/1.9/cli/command-reference/dcos-marathon/dcos-marathon-deployment-watch/;
/docs/1.9/usage/cli/command-reference/dcos-marathon/dcos-marathon-group-add/index.html /docs/1.9/cli/command-reference/dcos-marathon/dcos-marathon-group-add/;
/docs/1.9/usage/cli/command-reference/dcos-marathon/dcos-marathon-group-list/index.html /docs/1.9/cli/command-reference/dcos-marathon/dcos-marathon-group-list/;
/docs/1.9/usage/cli/command-reference/dcos-marathon/dcos-marathon-group-remove/index.html /docs/1.9/cli/command-reference/dcos-marathon/dcos-marathon-group-remove/;
/docs/1.9/usage/cli/command-reference/dcos-marathon/dcos-marathon-group-scale/index.html /docs/1.9/cli/command-reference/dcos-marathon/dcos-marathon-group-scale/;
/docs/1.9/usage/cli/command-reference/dcos-marathon/dcos-marathon-group-show/index.html /docs/1.9/cli/command-reference/dcos-marathon/dcos-marathon-group-show/;
/docs/1.9/usage/cli/command-reference/dcos-marathon/dcos-marathon-group-update/index.html /docs/1.9/cli/command-reference/dcos-marathon/dcos-marathon-group-update/;
/docs/1.9/usage/cli/command-reference/dcos-marathon/dcos-marathon-pod-add/index.html /docs/1.9/cli/command-reference/dcos-marathon/dcos-marathon-pod-add/;
/docs/1.9/usage/cli/command-reference/dcos-marathon/dcos-marathon-pod-kill/index.html /docs/1.9/cli/command-reference/dcos-marathon/dcos-marathon-pod-kill/;
/docs/1.9/usage/cli/command-reference/dcos-marathon/dcos-marathon-pod-list/index.html /docs/1.9/cli/command-reference/dcos-marathon/dcos-marathon-pod-list/;
/docs/1.9/usage/cli/command-reference/dcos-marathon/dcos-marathon-pod-remove/index.html /docs/1.9/cli/command-reference/dcos-marathon/dcos-marathon-pod-remove/;
/docs/1.9/usage/cli/command-reference/dcos-marathon/dcos-marathon-pod-show/index.html /docs/1.9/cli/command-reference/dcos-marathon/dcos-marathon-pod-show/;
/docs/1.9/usage/cli/command-reference/dcos-marathon/dcos-marathon-pod-update/index.html /docs/1.9/cli/command-reference/dcos-marathon/dcos-marathon-pod-update/;
/docs/1.9/usage/cli/command-reference/dcos-marathon/dcos-marathon-task-list/index.html /docs/1.9/cli/command-reference/dcos-marathon/dcos-marathon-task-list/;
/docs/1.9/usage/cli/command-reference/dcos-marathon/dcos-marathon-task-show/index.html /docs/1.9/cli/command-reference/dcos-marathon/dcos-marathon-task-show/;
/docs/1.9/usage/cli/command-reference/dcos-marathon/dcos-marathon-task-stop/index.html /docs/1.9/cli/command-reference/dcos-marathon/dcos-marathon-task-stop/;
/docs/1.9/usage/cli/command-reference/dcos-marathon/index.html /docs/1.9/cli/command-reference/dcos-marathon/;
/docs/1.9/usage/cli/command-reference/dcos-node/dcos-node-diagnostics-create/index.html /docs/1.9/cli/command-reference/dcos-node/dcos-node-diagnostics-create/;
/docs/1.9/usage/cli/command-reference/dcos-node/dcos-node-diagnostics-delete/index.html /docs/1.9/cli/command-reference/dcos-node/dcos-node-diagnostics-delete/;
/docs/1.9/usage/cli/command-reference/dcos-node/dcos-node-diagnostics-download/index.html /docs/1.9/cli/command-reference/dcos-node/dcos-node-diagnostics-download/;
/docs/1.9/usage/cli/command-reference/dcos-node/dcos-node-diagnostics/index.html /docs/1.9/cli/command-reference/dcos-node/dcos-node-diagnostics/;
/docs/1.9/usage/cli/command-reference/dcos-node/dcos-node-list-components/index.html /docs/1.9/cli/command-reference/dcos-node/dcos-node-list-components/;
/docs/1.9/usage/cli/command-reference/dcos-node/dcos-node-log/index.html /docs/1.9/cli/command-reference/dcos-node/dcos-node-log/;
/docs/1.9/usage/cli/command-reference/dcos-node/dcos-node-ssh/index.html /docs/1.9/cli/command-reference/dcos-node/dcos-node-ssh/;
/docs/1.9/usage/cli/command-reference/dcos-node/index.html /docs/1.9/cli/command-reference/dcos-node/;
/docs/1.9/usage/cli/command-reference/dcos-package/dcos-package-describe/index.html /docs/1.9/cli/command-reference/dcos-package/dcos-package-describe/;
/docs/1.9/usage/cli/command-reference/dcos-package/dcos-package-install/index.html /docs/1.9/cli/command-reference/dcos-package/dcos-package-install/;
/docs/1.9/usage/cli/command-reference/dcos-package/dcos-package-list/index.html /docs/1.9/cli/command-reference/dcos-package/dcos-package-list/;
/docs/1.9/usage/cli/command-reference/dcos-package/dcos-package-repo-add/index.html /docs/1.9/cli/command-reference/dcos-package/dcos-package-repo-add/;
/docs/1.9/usage/cli/command-reference/dcos-package/dcos-package-repo-list/index.html /docs/1.9/cli/command-reference/dcos-package/dcos-package-repo-list/;
/docs/1.9/usage/cli/command-reference/dcos-package/dcos-package-repo-remove/index.html /docs/1.9/cli/command-reference/dcos-package/dcos-package-repo-remove/;
/docs/1.9/usage/cli/command-reference/dcos-package/dcos-package-search/index.html /docs/1.9/cli/command-reference/dcos-package/dcos-package-search/;
/docs/1.9/usage/cli/command-reference/dcos-package/dcos-package-uninstall/index.html /docs/1.9/cli/command-reference/dcos-package/dcos-package-uninstall/;
/docs/1.9/usage/cli/command-reference/dcos-package/dcos-package-update/index.html /docs/1.9/cli/command-reference/dcos-package/dcos-package-update/;
/docs/1.9/usage/cli/command-reference/dcos-package/index.html /docs/1.9/cli/command-reference/dcos-package/;
/docs/1.9/usage/cli/command-reference/dcos-service/dcos-service-log/index.html /docs/1.9/cli/command-reference/dcos-service/dcos-service-log/;
/docs/1.9/usage/cli/command-reference/dcos-service/dcos-service-shutdown/index.html /docs/1.9/cli/command-reference/dcos-service/dcos-service-shutdown/;
/docs/1.9/usage/cli/command-reference/dcos-service/index.html /docs/1.9/cli/command-reference/dcos-service/;
/docs/1.9/usage/cli/command-reference/dcos-task/dcos-task-exec/index.html /docs/1.9/cli/command-reference/dcos-task/dcos-task-exec/;
/docs/1.9/usage/cli/command-reference/dcos-task/dcos-task-log/index.html /docs/1.9/cli/command-reference/dcos-task/dcos-task-log/;
/docs/1.9/usage/cli/command-reference/dcos-task/dcos-task-ls/index.html /docs/1.9/cli/command-reference/dcos-task/dcos-task-ls/;
/docs/1.9/usage/cli/command-reference/dcos-task/index.html /docs/1.9/cli/command-reference/dcos-task/;
/docs/1.9/usage/cli/command-reference/dcos/index.html /docs/1.9/cli/command-reference/dcos/;
/docs/1.9/usage/cli/command-reference/index.html /docs/1.9/cli/command-reference/;
/docs/1.9/usage/cli/configure/index.html /docs/1.9/cli/configure/;
/docs/1.9/usage/cli/enterprise-cli/index.html /docs/1.9/cli/enterprise-cli/;
/docs/1.9/usage/cli/index.html /docs/1.9/cli/;
/docs/1.9/usage/cli/install/index.html /docs/1.9/cli/install/;
/docs/1.9/usage/cli/multi-cluster-cli/index.html /docs/1.9/cli/multi-cluster-cli/;
/docs/1.9/usage/cli/uninstall/index.html /docs/1.9/cli/uninstall/;
/docs/1.9/usage/cli/update/index.html /docs/1.9/cli/update/;
/docs/1.9/usage/containerizers/index.html /docs/1.9/deploying-services/containerizers/;
/docs/1.9/usage/debugging/cli-debugging/index.html /docs/1.9/monitoring/debugging/cli-debugging/;
/docs/1.9/usage/debugging/cli-debugging/task-exec/index.html /docs/1.9/monitoring/debugging/cli-debugging/task-exec/;
/docs/1.9/usage/debugging/gui-debugging/index.html /docs/1.9/monitoring/debugging/gui-debugging/;
/docs/1.9/usage/debugging/index.html /docs/1.9/monitoring/debugging/;
/docs/1.9/usage/debugging/stuck-deployment/index.html /docs/1.9/monitoring/debugging/stuck-deployment/;
/docs/1.9/usage/faq/index.html /docs/1.9/deploying-services/faq/;
/docs/1.9/usage/gpu/index.html /docs/1.9/deploying-services/gpu/;
/docs/1.9/usage/gpu/limitations/index.html /docs/1.9/deploying-services/gpu/;
/docs/1.9/usage/index.html /docs/1.9/;
/docs/1.9/usage/jobs/examples/index.html /docs/1.9/deploying-jobs/examples/;
/docs/1.9/usage/jobs/getting-started/index.html /docs/1.9/deploying-jobs/quickstart/;
/docs/1.9/usage/jobs/index.html /docs/1.9/deploying-jobs/;
/docs/1.9/usage/managing-services/application-basics/deploy-docker-app/index.html /docs/1.9/deploying-services/creating-services/deploy-docker-app/;
/docs/1.9/usage/managing-services/application-basics/index.html /docs/1.9/deploying-services/creating-services/;
/docs/1.9/usage/managing-services/config-universe-service/index.html /docs/1.9/deploying-services/config-universe-service/;
/docs/1.9/usage/managing-services/config/index.html /docs/1.9/usage/managing-services/config-universe-service/;
/docs/1.9/usage/managing-services/developing-services/index.html /docs/1.9/developing-services/;
/docs/1.9/developing-services/create-package/ https://github.com/mesosphere/universe/blob/version-3.x/docs/tutorial/GetStarted.md;
/docs/1.9/developing-services/service-requirements-spec/ https://github.com/mesosphere/universe/blob/version-3.x/docs/tutorial/GetStarted.md;
/docs/1.9/developing-services/dcos-integration/ https://github.com/mesosphere/universe/blob/version-3.x/docs/tutorial/GetStarted.md;
/docs/1.9/usage/managing-services/expose-service/index.html /docs/1.9/deploying-services/expose-service/;
/docs/1.9/usage/managing-services/index.html /docs/1.9/deploying-services/;
/docs/1.9/usage/managing-services/install/index.html /docs/1.9/deploying-services/install/;
/docs/1.9/usage/managing-services/list/index.html /docs/1.9/usage/managing-services/monitoring/;
/docs/1.9/usage/managing-services/monitor-services/index.html /docs/1.9/deploying-services/monitor-services/;
/docs/1.9/usage/managing-services/monitoring/index.html /docs/1.9/usage/managing-services/monitor-services/;
/docs/1.9/usage/managing-services/package-api/index.html /docs/1.9/deploying-services/package-api/;
/docs/1.9/usage/managing-services/rest-api/index.html /docs/1.9/deploying-services/marathon-api/;
/docs/1.9/usage/managing-services/scale-service/index.html /docs/1.9/deploying-services/scale-service/;
/docs/1.9/usage/managing-services/service-ports/index.html /docs/1.9/deploying-services/service-ports/;
/docs/1.9/usage/managing-services/task-handling/configure-task-handling/index.html /docs/1.9/deploying-services/task-handling/configure-task-handling/;
/docs/1.9/usage/managing-services/task-handling/index.html /docs/1.9/deploying-services/task-handling/;
/docs/1.9/usage/managing-services/uninstall/index.html /docs/1.9/deploying-services/uninstall/;
/docs/1.9/usage/managing-services/update-user-service/index.html /docs/1.9/deploying-services/update-user-service/;
/docs/1.9/usage/marathon/application-basics/index.html /docs/1.9/deploying-services/creating-services/;
/docs/1.9/usage/marathon/index.html /docs/1.9/usage/managing-services/;
/docs/1.9/usage/marathon/ports/index.html /docs/1.9/usage/managing-services/ports/service-ports/;
/docs/1.9/usage/marathon/rest-api/index.html /docs/1.9/usage/managing-services/rest-api/;
/docs/1.9/usage/nginx.json /docs/1.9/deploying-services/creating-services/nginx.json;
/docs/1.9/usage/pods/examples/index.html /docs/1.9/deploying-services/pods/examples/;
/docs/1.9/usage/pods/index.html /docs/1.9/deploying-services/pods/;
/docs/1.9/usage/pods/pods-cli/index.html /docs/1.9/usage/pods/using-pods/;
/docs/1.9/usage/pods/quickstart/index.html /docs/1.9/deploying-services/pods/quickstart/;
/docs/1.9/usage/pods/technical-overview/index.html /docs/1.9/deploying-services/pods/technical-overview/;
/docs/1.9/usage/pods/using-pods/index.html /docs/1.9/deploying-services/pods/using-pods/;
/docs/1.9/usage/repo/index.html /docs/1.9/administering-clusters/repo/;
/docs/1.9/usage/service-discovery/custom-domain-service-discovery/index.html /docs/1.9/usage/service-discovery/mesos-dns/custom-domain-service-discovery/;
/docs/1.9/usage/service-discovery/dns-naming/index.html /docs/1.9/usage/service-discovery/mesos-dns/service-naming/#dns-naming;
/docs/1.9/usage/service-discovery/dns-overview/index.html /docs/1.9/networking/dns-/docs/1.9/overview/;
/docs/1.9/usage/service-discovery/index.html /docs/1.9/networking/;
/docs/1.9/usage/service-discovery/load-balancing-vips/index.html /docs/1.9/networking/load-balancing-vips/;
/docs/1.9/usage/service-discovery/load-balancing-vips/overlay-networks/index.html /docs/1.9/usage/service-discovery/load-balancing-vips/virtual-networks/;
/docs/1.9/usage/service-discovery/load-balancing-vips/virtual-ip-addresses/index.html /docs/1.9/networking/load-balancing-vips/virtual-ip-addresses/;
/docs/1.9/usage/service-discovery/load-balancing-vips/virtual-networks/index.html /docs/1.9/networking/load-balancing-vips/virtual-networks/;
/docs/1.9/usage/service-discovery/marathon-lb/advanced/index.html /docs/1.9/networking/marathon-lb/advanced/;
/docs/1.9/usage/service-discovery/marathon-lb/index.html /docs/1.9/networking/marathon-lb/;
/docs/1.9/usage/service-discovery/marathon-lb/marathon-lb-advanced-tutorial/index.html /docs/1.9/networking/marathon-lb/marathon-lb-advanced-tutorial/;
/docs/1.9/usage/service-discovery/marathon-lb/marathon-lb-basic-tutorial/index.html /docs/1.9/networking/marathon-lb/marathon-lb-basic-tutorial/;
/docs/1.9/usage/service-discovery/marathon-lb/quickstart/index.html /docs/1.9/usage/service-discovery/marathon-lb/marathon-lb-basic-tutorial/;
/docs/1.9/usage/service-discovery/marathon-lb/usage/index.html /docs/1.9/networking/marathon-lb/usage/;
/docs/1.9/usage/service-discovery/mesos-dns/custom-domain-service-discovery.md /docs/1.9/usage/service-discovery/mesos-dns/expose-mesos-zone/;
/docs/1.9/usage/service-discovery/mesos-dns/expose-mesos-zone/index.html /docs/1.9/networking/mesos-dns/expose-mesos-zone/;
/docs/1.9/usage/service-discovery/mesos-dns/http-interface/index.html /docs/1.9/networking/mesos-dns/http-interface/;
/docs/1.9/networking/mesos-dns/http-interface/index.html /docs/1.9/networking/mesos-dns/mesos-dns-api/;
/docs/1.9/usage/service-discovery/mesos-dns/index.html /docs/1.9/networking/mesos-dns/;
/docs/1.9/usage/service-discovery/mesos-dns/service-naming/index.html /docs/1.9/networking/mesos-dns/service-naming/;
/docs/1.9/usage/service-discovery/mesos-dns/troubleshooting/index.html /docs/1.9/networking/mesos-dns/troubleshooting/;
/docs/1.9/usage/storage/external-storage/index.html /docs/1.9/storage/external-storage/;
/docs/1.9/usage/storage/index.html /docs/1.9/storage/;
/docs/1.9/usage/storage/persistent-volume/index.html /docs/1.9/storage/persistent-volume/;
/docs/1.9/usage/tutorials/autoscaling/cpu-memory/index.html /docs/1.9/tutorials/autoscaling/cpu-memory/;
/docs/1.9/usage/tutorials/autoscaling/index.html /docs/1.9/tutorials/autoscaling/;
/docs/1.9/usage/tutorials/autoscaling/microscaling-queue/index.html /docs/1.9/tutorials/autoscaling/microscaling-queue/;
/docs/1.9/usage/tutorials/autoscaling/requests-second/index.html /docs/1.9/tutorials/autoscaling/requests-second/;
/docs/1.9/usage/tutorials/create-service/index.html /docs/1.9/tutorials/create-service/;
/docs/1.9/usage/tutorials/deploy-on-marathon/index.html /docs/1.9/tutorials/deploy-on-marathon/;
/docs/1.9/usage/tutorials/docker-app/index.html /docs/1.9/usage/managing-services/creating-services/deploy-docker-app/;
/docs/1.9/usage/tutorials/index.html /docs/1.9/tutorials/;
/docs/1.9/usage/tutorials/inline-update/index.html /docs/1.9/usage/managing-services/update-user-service/;
/docs/1.9/usage/tutorials/iot_pipeline/index.html /docs/1.9/tutorials/iot_pipeline/;
/docs/1.9/usage/tutorials/public-app/index.html /docs/1.9/usage/managing-services/expose-service/;
/docs/1.9/usage/tutorials/registry/index.html https://github.com/dcos/examples/tree/master/registry/1.8;
/docs/1.9/usage/tutorials/stateful-services/index.html /docs/1.9/tutorials/stateful-services/;
/docs/1.9/usage/tutorials/task-labels/index.html /docs/1.9/tutorials/task-labels/;
/docs/1.9/usage/webinterface/index.html /docs/1.9/gui/;
/docs/1.10/usage/managing-services/uninstall /docs/1.10/deploying-services/uninstall;
/docs/index.html /docs/latest/;
/docs/latest /docs/latest/;
/docs/support/index.html /community/;
/documentation /docs/latest/;
/media-kit /brand/;
/overview/components/index.html /docs/1.7/overview/components/;
/press /brand/;
/support /community/;