~(^/.*/[^.^#]*[^/])$ $1/;
~^/1.7/.+ /1.7/;
~^/1.8/.+ /1.8/;
~^/service-docs/(.*)$ /services/$1;
~/[0-9]+\.[0-9]+/release-notes/version-policy/ /version-policy/;
/administration/admin-tutorials/installdatacenter/ /latest/tutorials/dcos-101/redis-package/;
/administration/id-and-access-mgt/ /latest/security/ent/iam-api/;
/administration/installing/cloud/aws/ /latest/installing/oss/cloud/aws/;
/administration/release-notes/community-edition/dcos-1-6/ /latest/release-notes/;
/administration/release-notes/ /latest/release-notes/;
/administration/release-notes/enterprise-edition/dcos-1-6/#scrollNav-6 /latest/release-notes/;
/administration/security-and-authentication/ /1.11/security/ent/#authentication;
/assets/images/chef-zk-status.png /1.11/img/chef-zk-status.png;
/assets/images/dashboard-ee.gif /1.11/img/dashboard-ee.png;
/assets/images/gui-installer-begin-ee.gif /1.11/img/gui-installer-begin-ee.gif;
/assets/images/gui-installer-login-ee.gif /1.11/img/gui-installer-login-ee.gif;
/assets/images/gui-installer-setup-ee.gif /1.11/img/gui-installer-setup-ee.gif;
/assets/images/gui-installer-success-ee.gif /1.11/img/gui-installer-success-ee.gif;
/assets/images/ldap-bind-params.gif /1.11/img/ldap-bind-params.gif;
/assets/images/network-2.png /1.11/img/network-2.png;
/assets/images/network-tab.png /1.11/img/networking-ee.png;
/assets/images/nodes-donuts-ee.gif /1.11/img/nodes-donuts-ee.png;
/assets/images/nodes-ee.gif /1.11/img/nodes-donuts-ee.png;
/assets/images/services-ee.gif /1.11/img/services-ee.gif;
/assets/images/top-tweeters.png /1.11/img/top-tweeters.png;
/assets/images/tweeter.png /1.11/img/tweeter.png;
/assets/images/ui-installer-auth2.png /1.11/img/ui-installer-auth2.png;
/assets/images/ui-installer-deploy1.png /1.11/img/ui-installer-deploy1.png;
/assets/images/ui-installer-post-flight1.png /1.11/img/ui-installer-post-flight1.png;
/assets/images/ui-universe-ee.gif /1.11/img/ui-universe-ee.gif;
/assets/images/webui-universe-install.png /1.11/img/webui-universe-install.png;
/getting-started/ /latest/overview/;
/getting-started/release-notes/cm3/ /latest/release-notes/;
/getting-started/dcosarchitecture/ /latest/overview/architecture/;
/getting-started/datacenter/install/ /latest/installing/;
/img/hdfs-service-gui.gif /services/beta-hdfs/2.1.1-2.6.0-cdh5.11.0-beta/img/hdfs-service-gui.gif;
/img/hdfs-service-gui.png /services/hdfs/v2.0.0-2.6.0-cdh5.11.0/img/hdfs-service-gui.png;
/img/hdfs-service-gui2.gif /services/beta-hdfs/2.1.1-2.6.0-cdh5.11.0-beta/img/hdfs-service-gui2.gif;
/img/hdfs-service-gui3.gif /services/beta-hdfs/v2.0.0-2.6.0-cdh5.11.0/img/hdfs-service-gui3.gif;
/img/hdfs-service-gui3.png /services/hdfs/v2.0.0-2.6.0-cdh5.11.0/img/hdfs-service-gui3.png;
/img/spark-gui-install.png /services/spark/v2.0.1-2.2.0-1/img/spark-gui-install.png;
/install/awscluster/ /latest/installing/oss/cloud/aws/;
/install/cli/ /latest/installing/oss/custom/cli/;
/install/removeaws/ /latest/installing/oss/custom/uninstall/;
/install/sshcluster/ /latest/administering-clusters/sshcluster/;
/intro-course/ /latest/tutorials/dcos-101/;
/overview/release-notes/dcos1-4/ /latest/release-notes/;
/overview/universe/ /latest/deploying-services/config-universe-service/;
/pages/1.11/networking/DNS/mesos-dns/ /1.11/networking/DNS/mesos-dns/;
/pages/1.11/networking/load-balancing-vips/ /1.11/usage/service-discovery/load-balancing-vips/;
/pages/1.11/networking/load-balancing-vips/virtual-ip-addresses/ /1.11/usage/service-discovery/load-balancing-vips/virtual-ip-addresses/;
/pages/services/edge-lb/ /services/edge-lb/;
/pages/services/marathon-lb/ /services/marathon-lb/;
/services/beta-cassandra/2.1.0-3.0.15-beta/install/quick-start.md/ /services/beta-cassandra/2.1.0-3.0.15-beta/quick-start/;
/services/beta-cassandra/2.1.1-3.0.15-beta/install/quick-start.md/ /services/beta-cassandra/2.1.1-3.0.15-beta/quick-start/;
/services/beta-cassandra/2.1.2-3.0.15-beta/install/quick-start.md/ /services/beta-cassandra/2.1.2-3.0.15-beta/quick-start/;
/services/beta-cassandra/v1.0.30-3.0.13-beta/service-settings/ /services/beta-cassandra/1.0.30-3.0.13-beta/service-settings/;
/services/beta-cassandra/v1.0.30-3.0.13/limitations/ /services/beta-cassandra/1.0.30-3.0.13-beta/limitations/;
/services/beta-cassandra/v1.0.31-3.0.13-beta/service-settings/ /services/beta-cassandra/1.0.31-3.0.13-beta/service-settings/;
/services/beta-cassandra/v1.0.32-3.0.14-beta/service-settings/ /services/beta-cassandra/1.0.32-3.0.14-beta/service-settings/;
/services/beta-cassandra/v1.0.32-3.0.14/limitations/ /services/beta-cassandra/1.0.32-3.0.14-beta/limitations/;
/services/beta-confluent-kafka-zookeeper/2.1.1-4.0.0e-beta/quick-start/connecting-clients.md/ /services/beta-confluent-kafka-zookeeper/2.1.1-4.0.0e-beta/connecting-clients/;
/services/beta-confluent-kafka/2.1.0-4.0.0e-beta/install/api-reference.md/ /services/beta-confluent-kafka/2.1.0-4.0.0e-beta/api-reference/;
/services/beta-confluent-kafka/2.1.0-4.0.0e-beta/managing/configure.md/ /services/beta-confluent-kafka/2.1.0-4.0.0e-beta/managing/;
/services/beta-confluent-kafka/2.1.1-4.0.0e-beta/install/api-reference.md/ /services/beta-confluent-kafka/2.1.1-4.0.0e-beta/api-reference/;
/services/beta-confluent-kafka/2.1.2-4.0.0e-beta/managing/configure.md/ /services/beta-confluent-kafka/2.1.2-4.0.0e-beta/managing/;
/services/beta-elastic/1.0.13-5.4.1-beta/changelog/connecting.md/ /services/beta-elastic/1.0.13-5.4.1-beta/connecting/;
/services/beta-elastic/1.0.13-5.4.1-beta/connecting/x-pack.md/ /services/beta-elastic/1.0.13-5.4.1-beta/x-pack/;
/services/beta-elastic/1.0.14-5.5.0-beta/changelog/connecting.md/ /services/beta-elastic/1.0.14-5.5.0-beta/connecting/;
/services/beta-elastic/1.0.14-5.5.0-beta/connecting/x-pack.md/ /services/beta-elastic/1.0.14-5.5.0-beta/x-pack/;
/services/beta-elastic/1.0.15-5.5.1-beta/changelog/connecting.md/ /services/beta-elastic/1.0.15-5.5.1-beta/connecting/;
/services/beta-elastic/1.0.15-5.5.1-beta/connecting/x-pack.md/ /services/beta-elastic/1.0.15-5.5.1-beta/x-pack/;
/services/beta-elastic/2.0.0-5.5.1/changelog/connecting.md/ /services/beta-elastic/2.0.0-5.5.1/connecting/;
/services/beta-elastic/2.0.0-5.5.1/connecting/x-pack.md/ /services/beta-elastic/2.0.0-5.5.1/x-pack/;
/services/beta-elastic/2.1.0-5.6.4-beta/connecting-clients/x-pack.md/ /services/beta-elastic/2.1.0-5.6.4-beta/elastic-x-pack/;
/services/beta-elastic/2.1.0-5.6.4-beta/install/x-pack.md/ /services/beta-elastic/2.1.0-5.6.4-beta/elastic-x-pack/;
/services/beta-elastic/2.1.0-5.6.4-beta/release-notes/connecting.md/ /services/beta-elastic/2.1.0-5.6.4-beta/connecting-clients/;
/services/beta-elastic/2.1.0-5.6.4-beta/release-notes/custom-elasticsearch-yaml.md/ /services/beta-elastic/2.1.0-5.6.4-beta/custom-elasticsearch-yaml/;
/services/beta-elastic/2.1.1-5.6.5-beta/connecting-clients/x-pack.md/ /services/beta-elastic/2.1.1-5.6.5-beta/elastic-x-pack/;
/services/beta-elastic/2.1.1-5.6.5-beta/install/x-pack.md/ /services/beta-elastic/2.1.1-5.6.5-beta/elastic-x-pack/;
/services/beta-elastic/2.1.1-5.6.5-beta/release-notes/connecting.md/ /services/beta-elastic/2.1.1-5.6.5-beta/connecting-clients/;
/services/beta-elastic/2.1.1-5.6.5-beta/release-notes/custom-elasticsearch-yaml.md/ /services/beta-elastic/2.1.1-5.6.5-beta/custom-elasticsearch-yaml/;
/services/beta-elastic/2.1.2-5.6.5-beta/connecting-clients/x-pack.md/ /services/beta-elastic/2.1.2-5.6.5-beta/elastic-x-pack/;
/services/beta-elastic/2.1.2-5.6.5-beta/install/x-pack.md/ /services/beta-elastic/2.1.2-5.6.5-beta/elastic-x-pack/;
/services/beta-elastic/2.1.2-5.6.5-beta/release-notes/connecting.md/ /services/beta-elastic/2.1.2-5.6.5-beta/connecting-clients/;
/services/beta-elastic/2.1.2-5.6.5-beta/release-notes/custom-elasticsearch-yaml.md/ /services/beta-elastic/2.1.2-5.6.5-beta/custom-elasticsearch-yaml/;
/services/beta-elastic/v2.0.0-5.5.1/img/private-node-by-vip.png /services/beta-elastic/2.0.0-5.5.1/img/private-node-by-vip.png;
/services/beta-elastic/v2.0.0-5.5.1/img/private-nodes-by-agent.png /services/beta-elastic/2.0.0-5.5.1/img/private-nodes-by-agent.png;
/services/beta-elastic/v2.0.0-5.5.1/img/x-pack.png /services/beta-elastic/2.0.0-5.5.1/img/x-pack.png;
/services/beta-hdfs/v2.0.0-2.6.0-cdh5.11.0/img/hdfs-service-gui.gif /services/beta-hdfs/v2.0.0-2.6.0-cdh5.11.0/img/hdfs-service-gui2.gif;
/services/beta-kafka-zookeeper/2.1.0-3.4.11-beta/quick-start/connecting-clients.md/ /beta-kafka-zookeeper/2.1.0-3.4.11-beta/connecting-clients/;
/services/beta-kafka-zookeeper/2.1.1-3.4.11-beta/quick-start/connecting-clients.md/ /services/beta-kafka-zookeeper/2.1.1-3.4.11-beta/connecting-clients/;
/services/beta-kafka-zookeeper/2.1.2-3.4.11-beta/quick-start/connecting-clients.md/ /services/beta-kafka-zookeeper/2.1.2-3.4.11-beta/connecting-clients/;
/services/beta-kafka/1.1.27-0.11.0-beta/managing/configure.md/ /services/beta-kafka/1.1.27-0.11.0-beta/configure/;
/services/beta-kafka/2.1.0-1.0.0-beta/managing/configure.md/ /services/kafka/2.1.0-1.0.0/configuration/;
/services/beta-kafka/2.1.0-1.0.0-beta/troubleshooting/managing.md/ /services/kafka/2.1.0-1.0.0/troubleshooting/;
/services/beta-kafka/2.1.1-1.0.0-beta/managing/configure.md/ /services/beta-kafka/2.1.1-1.0.0-beta/managing/#updating-configuration/;
/services/beta-kafka/2.1.1-1.0.0-beta/troubleshooting/managing.md/ /services/beta-kafka/2.1.0-1.0.0-beta/managing/#extend-the-kill-grace-period/;
/services/beta-kafka/2.1.2-1.0.0-beta/managing/configure.md/ /services/beta-kafka/2.1.2-1.0.0-beta/managing/#updating-configuration/;
/services/beta-kafka/2.1.2-1.0.0-beta/troubleshooting/managing.md/ /services/beta-kafka/2.1.2-1.0.0-beta/managing/;
/services/beta-kafka/v1.1.25-0.10.1.0-beta/connecting-clients/ /services/beta-kafka/1.1.25-0.10.1.0-beta/connecting-clients/;
/services/beta-program/beta-elastic/v1.0.14-5.5.0-beta/img/private-node-by-vip.png /services/beta-elastic/1.0.14-5.5.0-beta/img/private-node-by-vip.png;
/services/beta-program/beta-elastic/v1.0.14-5.5.0-beta/img/private-nodes-by-agent.png /services/beta-elastic/1.0.14-5.5.0-beta/img/private-nodes-by-agent.png;
/services/beta-program/beta-elastic/v1.0.14-5.5.0-beta/img/x-pack.png /services/beta-elastic/1.0.14-5.5.0-beta/img/x-pack.png;
/services/beta-program/beta-elastic/v1.0.15-5.5.1-beta/img/private-node-by-vip.png /services/beta-elastic/1.0.15-5.5.1-beta/img/private-node-by-vip.png;
/services/beta-program/beta-elastic/v1.0.15-5.5.1-beta/img/private-nodes-by-agent.png /services/beta-elastic/1.0.15-5.5.1-beta/img/private-nodes-by-agent.png;
/services/beta-program/beta-elastic/v1.0.15-5.5.1-beta/img/x-pack.png /services/beta-elastic/1.0.15-5.5.1-beta/img/x-pack.png;
/services/cassandra/2.0.3-3.0.14/install/quick-start.md/ /services/cassandra/2.0.3-3.0.14/quick-start/;
/services/cassandra/cassandra-auth/ /services/cassandra/2.2.0-3.0.16/security/;
/services/confluent-kafka/2.0.1-3.3.0e/managing/configure.md/ /services/confluent-kafka/2.0.1-3.3.0e/managing/#updating-configuration/;
/services/confluent-kafka/2.0.1.1-3.3.0e/managing/configure.md/ /services/confluent-kafka/2.0.1.1-3.3.0e/managing/#updating-configuration/;
/services/confluent-kafka/2.0.2-3.3.0e/install/api-reference.md/ /services/confluent-kafka/2.0.2-3.3.0e/api-reference/;
/services/confluent-kafka/2.0.2-3.3.0e/managing/configure.md/ /services/confluent-kafka/2.0.2-3.3.0e/managing/;
/services/confluent-kafka/2.0.3-3.3.1e/managing/configure.md/ /services/confluent-kafka/2.0.3-3.3.1e/managing/;
/services/edge-lb/0.1.9/cli-reference/dcos-edgelb-pool-config/ /services/edge-lb/1.0/pool-configuration/;
/services/edge-lb/0.1.9/quickstart/ /services/edge-lb/latest/;
/services/elastic/2.0.1-5.5.1/connecting-clients/x-pack.md/ /services/elastic/2.0.1-5.5.1/elastic-x-pack/;
/services/elastic/2.0.2-5.6.2/connecting-clients/x-pack.md/ /services/elastic//2.0.2-5.6.2/elastic-x-pack/;
/services/elastic/2.1.0-5.6.2/connecting-clients/x-pack.md/ /services/elastic//2.1.0-5.6.2/elastic-x-pack/;
/services/elastic/2.1.0-5.6.2/release-notes/connecting.md/ /services/elastic/2.1.0-5.6.2/connecting-clients/;
/services/elastic/2.1.1-5.6.5/connecting-clients/x-pack.md/ /services/elastic/2.1.1-5.6.5/elastic-x-pack/;
/services/elastic/2.1.1-5.6.5/release-notes/connecting.md/ /services/elastic/2.1.1-5.6.5/connecting-clients/;
/services/elastic/2.1.1-5.6.5/release-notes/custom-elasticsearch-yaml.md/ /services/elastic/2.1.1-5.6.5/custom-elasticsearch-yaml/;
/services/elastic/beta-elastic/v1.0.13-5.4.1-beta/img/private-node-by-vip.png /services/beta-elastic/1.0.13-5.4.1-beta/img/private-node-by-vip.png;
/services/elastic/beta-elastic/v1.0.13-5.4.1-beta/img/private-nodes-by-agent.png /services/beta-elastic/1.0.13-5.4.1-beta/img/private-nodes-by-agent.png;
/services/elastic/beta-elastic/v1.0.13-5.4.1-beta/img/x-pack.png /services/beta-elastic/1.0.13-5.4.1-beta/img/x-pack.png;
/services/elastic/img/private-node-by-vip.png /services/elastic/v2.0.0-5.5.1/img/private-node-by-vip.png;
/services/elastic/img/private-nodes-by-agent.png /services/elastic/v2.0.0-5.5.1/img/private-nodes-by-agent.png;
/services/elastic/v2.0.0-5.5.1/connecting-clients/x-pack.md/ /services/elastic/v2.0.0-5.5.1/elastic-x-pack/;
/services/hdfs/beta-hdfs/v1.3.2-2.6.0-cdh5.9.1-beta/img/hdfs-service-gui.gif /services/beta-hdfs/v1.3.2-2.6.0-cdh5.9.1-beta/img/hdfs-service-gui.png;
/services/hdfs/beta-hdfs/v1.3.2-2.6.0-cdh5.9.1-beta/img/hdfs-service-gui2.gif /services/beta-hdfs/v1.3.2-2.6.0-cdh5.9.1-beta/img/hdfs-service-gui2.png;
/services/hdfs/beta-hdfs/v1.3.2-2.6.0-cdh5.9.1-beta/img/hdfs-service-gui3.gif /services/beta-hdfs/v1.3.2-2.6.0-cdh5.9.1-beta/img/hdfs-service-gui3.png;
/services/hdfs/v2.0.0-2.6.0-cdh5.11.0/img/hdfs-service-gui.gif /services/hdfs/v2.0.0-2.6.0-cdh5.11.0/img/hdfs-service-gui.png;
/services/hdfs/v2.0.0-2.6.0-cdh5.11.0/img/hdfs-service-gui2.gif /services/hdfs/v2.0.0-2.6.0-cdh5.11.0/img/hdfs-service-gui2.png;
/services/hdfs/v2.0.0-2.6.0-cdh5.11.0/img/hdfs-service-gui3.gif /services/hdfs/v2.0.0-2.6.0-cdh5.11.0/img/hdfs-service-gui3.png;
/services/hdfs/vhdfs_1.3.0-2.6.0-cdh5.9.1/img/hdfs-service-gui.gif /services/hdfs/v1.3.0-2.6.0-cdh5.9.1/img/hdfs-service-gui.png;
/services/hdfs/vhdfs_1.3.0-2.6.0-cdh5.9.1/img/hdfs-service-gui2.gif /services/hdfs/v1.3.0-2.6.0-cdh5.9.1/img/hdfs-service-gui2.png;
/services/hdfs/vhdfs_1.3.0-2.6.0-cdh5.9.1/img/hdfs-service-gui3.gif /services/hdfs/v1.3.0-2.6.0-cdh5.9.1/img/hdfs-service-gui3.png;
/services/kafka/2.0.1-0.11.0/api-reference/quick-start.md/ /services/kafka/2.0.1-0.11.0/quick-start/;
/services/kafka/2.0.1-0.11.0/install/api-reference.md/ /services/kafka/2.0.1-0.11.0/api-reference/;
/services/kafka/2.0.1-0.11.0/managing/configure.md/ /services/kafka/2.0.1-0.11.0/managing/;
/services/kafka/2.0.2-0.11.0/api-reference/quick-start.md/ /services/kafka/2.0.2-0.11.0/quick-start/;
/services/kafka/2.0.2-0.11.0/install/api-reference.md/ /services/kafka/2.0.2-0.11.0/api-reference/;
/services/kafka/2.0.2-0.11.0/managing/configure.md/ /services/kafka/2.0.2-0.11.0/managing/;
/services/kafka/2.0.3-0.11.0/api-reference/quick-start.md/ /services/kafka/2.0.3-0.11.0/quick-start/;
/services/kafka/2.0.3-0.11.0/install/api-reference.md/ /services/kafka/2.0.3-0.11.0/api-reference/;
/services/kafka/2.0.3-0.11.0/managing/configure.md/ /services/kafka/2.0.3-0.11.0/managing/;
/services/kafka/2.0.4-1.0.0/managing/configure.md/ /services/kafka/2.0.4-1.0.0/managing/;
/services/kafka/2.0.4-1.0.0/troubleshooting/managing.md/ /services/kafka/2.0.4-1.0.0/managing/#extend-the-kill-grace-period/;
/services/kafka/configure/ /services/kafka/kafka-auth/;
/services/kafka/connecting-clients/ /services/kafka/2.0.4-1.0.0/connecting-clients/;
/services/kafka/v2.0.0-0.11.0/api-reference/quick-start.md/ /services/kafka/v2.0.0-0.11.0/api-reference/;
/services/kafka/v2.0.0-0.11.0/install/api-reference.md/ /services/kafka/v2.0.0-0.11.0/api-reference/;
/services/kafka/v2.0.0-0.11.0/managing/configure.md/ /services/kafka/v2.0.0-0.11.0/managing/;
/services/marathon/ /services/marathon-lb/;
/services/overview/ /services/;
/services/spark/v1.1.0-2.1.1/img/spark-gui-install.gif /services/spark/v1.1.0-2.1.1/img/spark-gui-install.png;
/services/spark/v1.1.1-2.2.0/img/spark-gui-install.gif /services/spark/v1.1.1-2.2.0/img/spark-gui-install.png;
/services/spark/v2.0.1-2.2.0-1/img/spark-gui-install.gif /services/spark/v2.0.1-2.2.0-1/img/spark-gui-install.png;
/tutorials/ /latest/tutorials/;
/tutorials/launch-docker-container-on-mesosphere/ /latest/deploying-services/creating-services/deploy-docker-app/;
/usage/cli/ /latest/cli/;
/usage/managing-services/config/ /latest/deploying-services/config-universe-service/;
/services/confluent-kafka/2.2.0-4.0.0e/11-release-notes/ /services/confluent-kafka/2.2.0-4.0.0e/release-notes/;
/services/confluent-zookeeper/2.2.0-4.0.0e/11-release-notes/ /services/confluent-zookeeper/2.2.0-4.0.0e/release-notes/;
/services/kafka/2.2.0-1.0.0/11-release-notes/ /services/kafka/2.2.0-1.0.0/release-notes/;
/services/kafka/v1.1.19.1-0.10.1.0/uninstall/1.9/deploying-services/uninstall/ /1.9/deploying-services/uninstall/;
/services/kafka-zookeeper/2.2.0-3.4.11/11-release-notes/ /services/kafka-zookeeper/2.2.0-3.4.11/release-notes/;
/services/dse/2.1.2-5.1.2/11-release-notes/ /services/dse/2.1.2-5.1.2/release-notes/;
/services/cassandra/2.1.0-3.0.16/11-release-notes/ /services/cassandra/2.1.0-3.0.16/release-notes/;
/services/elastic/2.3.0-5.6.5/11-release-notes/ /services/elastic/2.3.0-5.6.5/release-notes/;
/services/hdfs/2.2.0-2.6.0-cdh5.11.0/11-release-notes/ /services/hdfs/2.2.0-2.6.0-cdh5.11.0/release-notes/;
/administration/id-and-access-mgt/service-auth/mlb-auth/ /1.12/security/ent/service-auth/custom-service-auth/;
/1.12/installing/oss/opt-out/ /1.12/installing/production/deploying-dcos/opt-out/;
/1.12/release-notes/1.12/ /1.12/release-notes/1.12.0/;
/1.12/installing/custom/advanced/ /1.12/installing/;
/1.12/installing/development/ /1.12/installing/evaluation/mesosphere-supported-methods/;
~/1.12/installing/evaluation/cloud-installation/aws/.* /1.12/installing/evaluation/mesosphere-supported-methods/aws/;
~/1.12/installing/evaluation/cloud-installation/azure/.* /1.12/installing/evaluation/mesosphere-supported-methods/azure/;
~/1.12/installing/evaluation/cloud-installation/gce/.* /1.12/installing/evaluation/mesosphere-supported-methods/gcp/;
~/1.12/installing/evaluation/cloud-installation/digitalocean/.* /1.12/installing/evaluation/community-supported-methods/digitalocean/;
~/1.12/installing/evaluation/cloud-installation/packet/.* /1.12/installing/evaluation/community-supported-methods/packet/;
~/1.12/installing/evaluation/cloud-installation/ /1.12/installing/evaluation/mesosphere-supported-methods/;
~/1.12/installing/evaluation/on-premise-installation/ /1.12/installing/evaluation/;
~/1.12/installing/evaluation/mesosphere-supported-methods/(.*)$  /1.12/installing/evaluation/$1;
/1.11/administering-clusters/cluster-connections/ /1.11/administering-clusters/multiple-clusters/cluster-connections/;
/1.11/cli/command-reference/dcos-cluster-link/ /1.11/cli/command-reference/dcos-cluster/dcos-cluster-link/;
/1.11/cli/command-reference/dcos-cluster-unlink/ /1.11/cli/command-reference/dcos-cluster/dcos-cluster-unlink/;
/1.11/cli/command-reference/dcos-cluster/dcos-auth-login/ /1.11/cli/command-reference/dcos-auth/dcos-auth-login/;
/1.11/cli/command-reference/dcos-cluster/dcos-config-set/ /1.11/cli/command-reference/dcos-config/dcos-config-set/;
/1.11/img/new-user-group-prod-permission-done.png /1.11/img/new-user-group-prod-permission.png;
~/1.11/installing/ent/cloud/(.*)$ /1.11/installing/evaluation/mesosphere-supported-methods/$1;
/1.11/installing/ent/ /1.11/installing/;
/1.11/installing/ent/custom/advanced/ /1.11/installing/production/deploying-dcos/installation/;
/1.11/installing/ent/custom/cli/ /1.11/installing/evaluation/;
/1.11/installing/ent/custom/configuration/ /1.11/production/deploying-dcos/configuration/;
/1.11/installing/ent/custom/configuration/configuration-parameters/ /1.11/installing/production/advanced-configuration/configuration-reference/;
/1.11/installing/ent/custom/configuration/examples/ /1.11/installing/production/deploying-dcos/configuration/examples/;
/1.11/installing/ent/custom/configure-proxy/ /1.11/installing/production/deploying-dcos/configuration/;
/1.11/installing/ent/custom/gui/ /1.11/installing/;
/1.11/installing/ent/custom/node-cluster-health-check/ /1.11/installing/production/deploying-dcos/node-cluster-health-check/;
~/1.11/installing/ent/custom/system-requirements/(.*)$ /1.11/installing/production/system-requirements/$1;
/1.11/installing/ent/custom/system-requirements/install-docker-centos/ /1.11/installing/production/system-requirements/docker-centos/;
/1.11/installing/ent/custom/system-requirements/install-docker-RHEL/ /1.11/installing/production/system-requirements/docker-centos/;
/1.11/installing/ent/custom/uninstall/ /1.11/installing/production/uninstall/;
/1.11/installing/ent/faq/ /1.11/installing/installation-faq/;
~/1.11/installing/ent/high-availability/(.*)$ /1.11/installing/production/advanced-configuration/configuring-zones-and-regions/$1;
~/1.11/installing/high-availability/(.*)$ /1.11/installing/production/advanced-configuration/configuring-zones-and-regions/$1;
/1.11/installing/ent/local/ /1.11/installing/development/;
/1.11/installing/ent/opt-out/ /1.11/installing/production/deploying-dcos/opt-out/;
/1.11/installing/ent/patching/ /1.11/installing/production/patching/;
/1.11/installing/ent/ports/ /1.11/installing/production/system-requirements/ports/;
/1.11/installing/ent/troubleshooting/ /1.11/installing/troubleshooting/;
/1.11/installing/ent/upgrading/ /1.11/installing/production/upgrading/;
/1.11/installing/evaluation/cloud-installation/aws/advanced/aws-ami/ /1.11/installing/production/system-requirements/aws-ami/;
/1.11/installing/oss/ /1.11/installing/;
~/1.11/installing/oss/cloud/(.*)$ /1.11/installing/evaluation/cloud-installation/$1;
/1.11/installing/oss/custom/ /1.11/installing/production/deploying-dcos/installation/;
/1.11/installing/oss/custom/advanced/ /1.11/installing/production/deploying-dcos/installation/;
/1.11/installing/oss/custom/cli/ /1.11/installing/evaluation/cloud-installation/;
/1.11/installing/oss/custom/configuration/ /1.11/production/deploying-dcos/configuration/;
/1.11/installing/oss/custom/configuration/configuration-parameters/ /1.11/installing/production/advanced-configuration/configuration-reference/;
/1.11/installing/oss/custom/configuration/examples/ /1.11/installing/production/deploying-dcos/configuration/examples/;
/1.11/installing/oss/custom/configure-proxy/ /1.11/installing/production/deploying-dcos/configuration/;
/1.11/installing/oss/custom/gui/ /1.11/installing/;
/1.11/installing/oss/custom/node-cluster-health-check/ /1.11/installing/production/deploying-dcos/node-cluster-health-check/;
~/1.11/installing/oss/custom/system-requirements/ /1.11/installing/production/system-requirements/;
/1.11/installing/oss/custom/system-requirements/install-docker-centos/ /1.11/installing/production/system-requirements/docker-centos/;
/1.11/installing/oss/custom/system-requirements/install-docker-RHEL/ /1.11/installing/production/system-requirements/docker-centos/;
/1.11/installing/oss/custom/uninstall/ /1.11/installing/production/uninstalling/;
/1.11/installing/oss/faq/ /1.11/installing/installation-faq/;
~/1.11/installing/oss/high-availability/(.*)$ /1.11/installing/production/advanced-configuration/configuring-zones-regions/$1;
/1.11/installing/oss/local/ /1.11/installing/;
/1.11/installing/oss/opt-out/ /1.11/installing/production/deploying-dcos/opt-out/;
/1.11/installing/oss/patching/ /1.11/installing/production/patching/;
/1.11/installing/oss/ports/ /1.11/installing/production/system-requirements/ports/;
/1.11/installing/oss/troubleshooting/ /1.11/installing/troubleshooting/;
/1.11/installing/oss/upgrading/ /1.11/installing/production/upgrading/;
/1.11/installing/production/advanced-configuration/configuring-zones-and-regions/ /1.11/installing/production/advanced-configuration/configuring-zones-regions/;
~/1.11/installing/evaluation/mesosphere-supported-methods/(.*)$  /1.11/installing/evaluation/$1;
/1.11/networking/edge-lb/(.*)$ /services/edge-lb/1.0.0/$1;
/services/edge-lb/architecture/ /services/edge-lb/1.0.0/;
/1.11/networking/edge-lb/quickstart/ /services/edge-lb/1.0.0/;
~^/1.11/networking/marathon-lb/(.*)$ /services/marathon-lb/$1;
/1.11/networking/mesos-dns/ /1.11/networking/DNS/mesos-dns/;
/1.11/networking/mesos-dns/mesos-dns-api/ /1.11/networking/DNS/mesos-dns/mesos-dns-api/;
/1.11/monitoring/logging/logging-api/logging-v1/ /1.11/monitoring/logging/logging-api/;
/1.11/monitoring/logging/logging-api/logging-v2/ /1.11/monitoring/logging/logging-api/;
/1.11/networking/tls-ssl/ /1.11/security/ent/tls-ssl/;
/1.11/networking/tls-ssl/get-cert/ /1.11/security/ent/tls-ssl/get-cert/;
/1.11/networking/virtual-networks/ /1.11/networking/SDN/dcos-overlay/;
/1.10/administration/access-node/(.*)$ /1.10/administering-clusters/$1;
/1.11/usage/managing-services/install/ /1.11/deploying-services/install/;
/1.11/security/iam-api/ /1.11/security/ent/iam-api/;
/1.11/security/secrets/ /1.11/security/ent/secrets/;
/1.11/security/secrets/secrets-api/ /1.11/security/ent/secrets/secrets-api/;
/1.11/security/sso/ /1.11/security/ent/sso/;
/1.11/security/sso/setup-openid/ /1.11/security/ent/sso/setup-openid/;
/1.11/storage/volume-profiles/ /services/beta-storage/0.1.0-beta/terminology-and-concepts/;
/1.11/usage/storage/ /1.11/storage/;
/1.11/usage/storage/persistent-volume/ /1.11/storage/persistent-volume/;
/1.11/usage/service-discovery/load-balancing-vips/virtual-ip-addresses/ /1.11/networking/load-balancing-vips/virtual-ip-addresses/;
~^/1.10/administration/access-node/(.*)$ /1.10/administering-clusters/$1;
/1.10/administration/access-node/tunnel/ /1.10/developing-services/tunnel/;
/1.10/administration/component-management/ /1.10/administering-clusters/component-management/;
/1.10/administration/debugging/(.*)$ /1.10/usage/debugging/$1;
/1.10/administration/faq/ /1.10/installing/installation-faq/;
/1.10/administration/(.*)$ /1.10/deploying-services/$1;
/1.10/administration/haproxy-adminrouter/ /1.10/security/oss/tls-ssl/haproxy-adminrouter/;
/1.10/administration/high-availability/ /1.10/networking/high-availability/;
/1.10/administration/high-availability/(.*)$ /1.10/production/advanced-configuration/configuring-zones-regions/$1;
/1.10/administration/id-and-access-mgt/ /1.10/security/;
/1.10/administration/id-and-access-mgt/add-user-script/ /1.10/security/oss/add-user-script/;
/1.10/administration/id-and-access-mgt/configure-your-security/ /1.10/security/;
/1.10/administration/id-and-access-mgt/service-auth/kafka-auth/ /services/kafka/kafka-auth/;
/1.10/administration/id-and-access-mgt/(.*)$ /1.10/security/oss/$1;
/1.10/administration/installing/ /1.10/installing/;
/1.10/administration/installing/cloud/aws/(.*)$ /1.10/installing/evaluation/;
/1.10/administration/id-and-access-mgt/iam-api/ /1.10/security/oss/iam-api/;
/1.10/administration/id-and-access-mgt/managing-authentication/ /1.10/security/oss/managing-authentication/;
/1.10/administration/id-and-access-mgt/user-management/ /1.10/security/ent/users-groups/;
/1.10/administration/installing/cloud/ /1.10/installing/cloud/;
/1.10/administration/installing/cloud/aws/ /1.10/installing/cloud/aws/;
/1.10/administration/installing/cloud/aws/advanced/ /1.10/installing/production/deploying-dcos/installation/;
/1.10/administration/installing/cloud/aws/advanced/aws-ami/ /1.10/installing/production/system-requirements/custom-ami/;
/1.10/administration/installing/cloud/aws/advanced/aws-custom/ /1.10/administration/installing/cloud/aws/advanced/;
/1.10/administration/installing/cloud/aws/advanced/quickstart/ /1.10/installing/production/evaluation/;
/1.10/administration/installing/cloud/aws/advanced/system-requirements/ /1.10/administration/installing/cloud/aws/advanced/;
/1.10/administration/installing/cloud/aws/advanced/template-reference/ /1.10/installing/evaluation/;
/1.10/administration/installing/cloud/aws/basic/ /1.10/installing/evaluation/;
/1.10/administration/installing/cloud/aws/removeaws/ /1.10/installing/evaluation/;
/1.10/administration/installing/cloud/azure/ /1.10/installing/evaluation/mesosphere-supported-methods/azure/;
/1.10/administration/installing/cloud/digitalocean/ /1.10/installing/evaluation/community-supported-methods/;
/1.10/administration/installing/cloud/gce/ /1.10/installing/evaluation/community-supported-methods/;
/1.10/administration/installing/cloud/packet/ /1.10/installing/evaluation/mesosphere-supported-methods/;
/1.10/administration/installing/custom/ /1.10/installing/;
/1.10/administration/installing/custom/add-a-node/ /1.10/administering-clusters/add-a-node/;
/1.10/administration/installing/custom/advanced/ /1.10/installing/production/deploying-dcos/installation/;
/1.10/administration/installing/custom/cli/ /1.10/installing/;
/1.10/administration/installing/custom/configuration-parameters/ /1.10/installing/production/advanced-configuration/configuration-reference/;
/1.10/administration/installing/custom/configure-proxy/ /1.10/installing/production/deploying-dcos/configuration/;
/1.10/administration/installing/custom/gui/ /1.10/installing/;
/1.10/administration/installing/custom/system-requirements/ /1.10/installing/production/system-requirements/;
/1.10/administration/installing/custom/system-requirements/install-docker-centos/ /1.10/installing/production/system-requirements/docker-centos/;
/1.10/administration/installing/custom/convert-agent-type/ /1.10/administering-clusters/convert-agent-type/;
/1.10/administration/installing/custom/troubleshooting/ /1.10/installing/troubleshooting/;
/1.10/administration/installing/custom/uninstall/ /1.10/installing/production/uninstalling/;
/1.10/administration/installing/deploying-a-local-dcos-universe/ /1.10/administering-clusters/deploying-a-local-dcos-universe/;
/1.10/administration/installing/local/ /1.10/installing/;
/1.10/administration/installing/opt-out/ /1.10/installing/production/deploying-dcos/opt-out/;
/1.10/administration/installing/oss/cloud/aws/ /1.10/installing/evaluation/;
/1.10/administration/installing/ports/ /1.10/installing/production/system-requirements/ports/;
/1.10/administration/installing/update-a-node/ /1.10/administering-clusters/update-a-node/;
/1.10/administration/locate-public-agent/ /1.10/administering-clusters/locate-public-agent/;
/1.10/administration/logging/(.*)$ /1.10/monitoring/logging/$1;
/1.10/administration/managing-aws/ /1.10/administering-clusters/managing-aws/;
/1.10/administration/metrics/(.*)$ /1.10/administration/monitoring/metrics/$1;
/1.10/administration/metrics/ /1.10/metrics/;
/1.10/administration/metrics/metrics-api/ /1.10/metrics/metrics-api/;
/1.10/administration/metrics/quickstart/ /1.10/metrics/quickstart/;
/1.10/administration/monitoring/metrics/(.*)$ /1.10/metrics/$1;
/1.10/administration/monitoring/metrics/ /1.10/metrics/;
/1.10/administration/monitoring/metrics/metrics-api/ /1.10/metrics/metrics-api/;
/1.10/administration/monitoring/metrics/quickstart/ /1.10/metrics/quickstart/;
/1.10/administration/monitoring/performance-monitoring/ /1.10/monitoring/performance-monitoring/;
/1.10/administration/monitoring/ /1.10/monitoring/;
/1.10/administration/monitoring/nagios/ /1.10/administration/monitoring/performance-monitoring/nagios/;
/1.10/administration/monitoring/performance-monitoring/(.*)$ /1.10/monitoring/performance-monitoring/$1;
/1.10/administration/monitoring/performance-monitoring/nagios/ /1.10/monitoring/performance-monitoring/nagios/;
/1.10/administration/overlay-networks/(.*)$ /1.10/administration/virtual-networks/$1;
/1.10/administration/release-notes/ /1.10/release-notes/;
/1.10/administration/remove-agent/ /1.10/remove-agent/;
/1.10/administration/securing-your-cluster/ /1.10/administering-clusters/securing-your-cluster/;
/1.10/administration/secrets/troubleshooting/ /1.10/security/ent/secrets/;
/1.10/administration/storage/(.*)$ /1.10/storage/$1;
/1.10/administration/storage/mount-disk-resources/ /1.10/storage/mount-disk-resources/;
/1.10/administration/storage/nfs/ /1.10/storage/nfs/;
/1.10/administration/tls-ssl/ /1.10/security/oss/tls-ssl/;
/1.10/administration/tls-ssl/haproxy-adminrouter/ /1.10/networking/tls-ssl/haproxy-adminrouter/;
/1.10/administration/overlay-networks/ /1.10/networking/virtual-networks/;
/1.10/administration/overlay-networks/ip-per-container/ /1.10/virtual-networks/ip-per-container/;
/1.10/administration/overlay-networks/isolation/ /1.10/administration/virtual-networks/isolation/;
/1.10/administration/upgrading/ /1.10/installing/upgrading/;
/1.10/administration/user-management/ /1.10/security/ent/users-groups/;
/1.10/administration/virtual-networks/(.*)$  /1.10/networking/virtual-networks/$1;
/1.10/debugging/cli-debugging/task-exec/quickstart/ /1.10/monitoring/debugging/cli-debugging/task-exec/;
/1.10/developing-services/create-package/ https://github.com/mesosphere/universe/blob/version-3.x/tutorial/GetStarted.md;
/1.10/developing-services/dcos-integration/ https://github.com/mesosphere/universe/blob/version-3.x/tutorial/GetStarted.md;
/1.10/developing-services/service-requirements-spec/ https://github.com/mesosphere/universe/blob/version-3.x/tutorial/GetStarted.md;
/1.10/development/ /1.10/developing-services/;
/1.10/installing/cloud/ /1.10/installing/evaluation/;
/1.10/installing/cloud/aws/ /1.10/installing/evaluation/aws/;
/1.10/installing/custom/ /1.10/installing/evaluation/;
/1.10/installing/custom/advanced/ /1.10/installing/production/deploying-dcos/installation/;
/1.10/installing/custom/configuration/configuration-parameters/ /1.10/installing/production/advanced-configuration/configuration-reference/;
/1.10/installing/custom/configuration-parameters/ /1.10/installing/production/advanced-configuration/configuration-reference/;
/1.10/installing/custom/system-requirements/ /1.10/installing/production/system-requirements/;
~^/1.10/installing/ent/cloud/(.*)$ /1.10/installing/evaluation/mesosphere-supported-methods/;
/1.10/installing/ent/ /1.10/installing/;
/1.10/installing/ent/custom/advanced/ /1.10/installing/production/deploying-dcos/installation/;
/1.10/installing/ent/custom/cli/ /1.10/installing/evaluation/;
/1.10/installing/ent/custom/configuration/ /1.10/production/deploying-dcos/configuration/;
/1.10/installing/ent/custom/configuration/configuration-parameters/ /1.10/installing/production/advanced-configuration/configuration-reference/;
/1.10/installing/ent/custom/configuration/examples/ /1.10/installing/production/deploying-dcos/configuration/examples/;
/1.10/installing/ent/custom/configure-proxy/ /1.10/1.12/installing/production/deploying-dcos/configuration/;
/1.10/installing/ent/custom/gui/ /1.11/installing/;
/1.10/installing/ent/custom/node-cluster-health-check/ /1.10/installing/production/deploying-dcos/node-cluster-health-check/;
~/1.10/installing/ent/custom/system-requirements/(.*)$ /1.10/installing/production/system-requirements/$1;
/1.10/installing/ent/custom/system-requirements/install-docker-centos/ /1.10/installing/production/system-requirements/docker-centos/;
/1.10/installing/ent/custom/system-requirements/install-docker-RHEL/ /1.10/installing/production/system-requirements/docker-centos/;
/1.10/installing/ent/custom/uninstall/ /1.10/installing/production/uninstalling/;
/1.10/installing/ent/faq/ /1.10/installing/installation-faq/;
~/1.10/installing/ent/high-availability/(.*)$ /1.10/installing/production/advanced-configuration/configuring-zones-and-regions/$1;
~/1.10/installing/high-availability/(.*)$ /1.10/installing/production/advanced-configuration/configuring-zones-and-regions/$1;
/1.10/installing/ent/local/ /1.10/installing/;
/1.10/installing/ent/opt-out/ /1.10/installing/production/deploying-dcos/opt-out/;
/1.10/installing/ent/patching/ /1.10/installing/production/patching/;
/1.10/installing/ent/ports/ /1.10/installing/production/system-requirements/ports/;
/1.10/installing/ent/troubleshooting/ /1.10/installing/troubleshooting/;
/1.10/installing/ent/upgrading/ /1.10/installing/production/upgrading/;
/1.10/installing/evaluation/cloud-installation/aws/advanced/aws-ami/ /1.10/installing/production/system-requirements/custom-ami/;
/1.10/installing/local/ /1.10/installing/;
/1.10/installing/oss/ /1.10/installing/;
/1.10/installing/oss/custom/ /1.10/installing/;
/1.10/installing/oss/patching/ /1.10/installing/production/patching/;
/1.10/installing/oss/upgrading/ /1.10/installing/production/upgrading/;
~/1.10/installing/oss/cloud/aws/(.*)$ /1.10/installing/evaluation/aws/;
~/1.10/installing/oss/cloud/azure/(.*)$ /1.10/installing/evaluation/azure/;
~/1.10/installing/oss/cloud/(.*)$ /1.10/installing/;
/1.10/installing/oss/custom/advanced/ /1.10/installing/production/deploying-dcos/installation/;
/1.10/installing/oss/custom/cli/ /1.10/installing/evaluation/;
/1.10/installing/oss/custom/configuration/ /1.10/production/deploying-dcos/configuration/;
/1.10/installing/oss/custom/configuration/configuration-parameters/ /1.10/installing/production/advanced-configuration/configuration-reference/;
/1.10/installing/oss/custom/configuration/examples/ /1.10/installing/production/deploying-dcos/configuration/examples/;
/1.10/installing/oss/custom/configure-proxy/ /1.10/installing/production/deploying-dcos/configureation/;
/1.10/installing/oss/custom/gui/ /1.10/installing/;
/1.10/installing/oss/custom/node-cluster-health-check/ /1.10/installing/production/deploying-dcos/node-cluster-health-check/;
/1.10/installing/oss/custom/system-requirements/ /1.10/installing/production/system-requirements/;
/1.10/installing/oss/custom/system-requirements/install-docker-centos/ /1.10/installing/production/system-requirements/docker-centos/;
/1.10/installing/oss/custom/system-requirements/install-docker-RHEL/ /1.10/installing/production/system-requirements/docker-centos/;
/1.10/installing/oss/custom/uninstall/ /1.10/installing/production/uninstalling/;
/1.10/installing/oss/faq/ /1.10/installing/installation-faq/;
~/1.10/installing/oss/high-availability/(.*)$ /1.10/installing/production/advanced-configuration/configuring-zones-regions/$1;
/1.10/installing/oss/local/ /1.10/installing/;
/1.10/installing/oss/opt-out/ /1.10/installing/production/deploying-dcos/opt-out/;
/1.10/installing/oss/ports/ /1.10/installing/production/system-requirements/ports/;
/1.10/installing/oss/troubleshooting/ /1.10/installing/troubleshooting/;
/1.10/installing/production/advanced-configuration/configuring-zones-and-regions/ /1.10/installing/production/advanced-configuration/configuring-zones-regions/;
/1.10/installing/upgrading/ /1.10/installing/production/upgrading/;
~/1.10/installing/evaluation/mesosphere-supported-methods/(.*)$  /1.10/installing/evaluation/$1;
/1.10/monitoring/debugging/cli-debugging/task-exec/ /1.10/monitoring/debugging/task-exec/;
/1.10/networking/mesos-dns/http-interface/ /1.10/networking/mesos-dns/mesos-dns-api/;
~^/1.10/networking/edge-lb/(.*)$ /services/edge-lb/$1;
~^/1.10/networking/marathon-lb/(.*)$ /services/marathon-lb/$1;
~^/1.9/networking/marathon-lb/(.*)$ /services/marathon-lb/$1;
/1.10/networking/tls-ssl/ /1.10/security/oss/tls-ssl/;
/1.10/networking/tls-ssl/get-cert/ /1.10/security/ent/tls-ssl/get-cert/;
/1.10/overview/components/ /1.10/overview/architecture/components/;
/1.10/overview/roadmap/ /1.10/;
/1.10/security/iam-api/ /1.10/security/ent/iam-api/;
/1.10/security/perms-reference/ /1.10/security/ent/perms-reference/;
/1.10/security/secrets/ /1.10/security/ent/secrets/;
/1.10/security/service-auth/custom-service-auth/ /1.10/security/ent/service-auth/custom-service-auth/;
/1.10/security/tls-ssl/ /1.10/security/oss/tls-ssl/;
/1.10/usage/ /1.10/;
/1.10/usage/cli/ /1.10/cli/;
/1.10/usage/cli/command-reference/ /1.10/cli/command-reference/;
/1.10/usage/cli/command-reference/dcos-auth/ /1.10/cli/command-reference/dcos-auth/dcos-auth-login/;
/1.10/usage/cli/command-reference/dcos-auth/dcos-auth-list-providers/ /1.10/cli/command-reference/dcos-auth/dcos-auth-list-providers/;
/1.10/usage/cli/command-reference/dcos-auth/dcos-auth-login/ /1.10/cli/command-reference/dcos-auth/dcos-auth-login/;
/1.10/usage/cli/command-reference/dcos-auth/dcos-auth-logout/ /1.10/cli/command-reference/dcos-auth/dcos-auth-logout/;
/1.10/usage/cli/command-reference/dcos-config/ /1.10/cli/command-reference/dcos-config/;
/1.10/usage/cli/command-reference/dcos-config/dcos-config-set/ /1.10/cli/command-reference/dcos-config/dcos-config-set/;
/1.10/usage/cli/command-reference/dcos-config/dcos-config-show/ /1.10/cli/command-reference/dcos-config/dcos-config-show/;
/1.10/usage/cli/command-reference/dcos-config/dcos-config-unset/ /1.10/cli/command-reference/dcos-config/dcos-config-unset/;
/1.10/usage/cli/command-reference/dcos-config/dcos-config-validate/ /1.10/cli/command-reference/dcos-config/dcos-config-validate/;
/1.10/usage/cli/command-reference/dcos-experimental/ /1.10/cli/command-reference/dcos-experimental/;
/1.10/usage/cli/command-reference/dcos-experimental/dcos-experimental-package-add/ /1.10/cli/command-reference/dcos-experimental/dcos-experimental-package-add/;
/1.10/usage/cli/command-reference/dcos-experimental/dcos-experimental-package-build/ /1.10/cli/command-reference/dcos-experimental/dcos-experimental-package-build/;
/1.10/usage/cli/command-reference/dcos-experimental/dcos-experimental-package-start/ /1.10/cli/command-reference/dcos-experimental/dcos-experimental-package-start/;
/1.10/usage/cli/command-reference/dcos-help/ /1.10/cli/command-reference/dcos-help/;
/1.10/usage/cli/command-reference/dcos-job/ /1.10/cli/command-reference/dcos-job/;
/1.10/usage/cli/command-reference/dcos-job/dcos-job-add/ /1.10/cli/command-reference/dcos-job/dcos-job-add/;
/1.10/usage/cli/command-reference/dcos-job/dcos-job-history/ /1.10/cli/command-reference/dcos-job/dcos-job-history/;
/1.10/usage/cli/command-reference/dcos-job/dcos-job-kill/ /1.10/cli/command-reference/dcos-job/dcos-job-kill/;
/1.10/usage/cli/command-reference/dcos-job/dcos-job-list/ /1.10/cli/command-reference/dcos-job/dcos-job-list/;
/1.10/usage/cli/command-reference/dcos-job/dcos-job-remove/ /1.10/cli/command-reference/dcos-job/dcos-job-remove/;
/1.10/usage/cli/command-reference/dcos-job/dcos-job-run/ /1.10/cli/command-reference/dcos-job/dcos-job-run/;
/1.10/usage/cli/command-reference/dcos-job/dcos-job-schedule-add/ /1.10/cli/command-reference/dcos-job/dcos-job-schedule-add/;
/1.10/usage/cli/command-reference/dcos-job/dcos-job-schedule-remove/ /1.10/cli/command-reference/dcos-job/dcos-job-schedule-remove/;
/1.10/usage/cli/command-reference/dcos-job/dcos-job-schedule-show/ /1.10/cli/command-reference/dcos-job/dcos-job-schedule-show/;
/1.10/usage/cli/command-reference/dcos-job/dcos-job-schedule-update/ /1.10/cli/command-reference/dcos-job/dcos-job-schedule-update/;
/1.10/usage/cli/command-reference/dcos-job/dcos-job-show-runs/ /1.10/cli/command-reference/dcos-job/dcos-job-show-runs/;
/1.10/usage/cli/command-reference/dcos-job/dcos-job-show/ /1.10/cli/command-reference/dcos-job/dcos-job-show/;
/1.10/usage/cli/command-reference/dcos-job/dcos-job-update/ /1.10/cli/command-reference/dcos-job/dcos-job-update/;
/1.10/usage/cli/command-reference/dcos-marathon/ /1.10/cli/command-reference/dcos-marathon/;
/1.10/usage/cli/command-reference/dcos-marathon/dcos-marathon-about/ /1.10/cli/command-reference/dcos-marathon/dcos-marathon-about/;
/1.10/usage/cli/command-reference/dcos-marathon/dcos-marathon-app-add/ /1.10/cli/command-reference/dcos-marathon/dcos-marathon-app-add/;
/1.10/usage/cli/command-reference/dcos-marathon/dcos-marathon-app-kill/ /1.10/cli/command-reference/dcos-marathon/dcos-marathon-app-kill/;
/1.10/usage/cli/command-reference/dcos-marathon/dcos-marathon-app-list/ /1.10/cli/command-reference/dcos-marathon/dcos-marathon-app-list/;
/1.10/usage/cli/command-reference/dcos-marathon/dcos-marathon-app-remove/ /1.10/cli/command-reference/dcos-marathon/dcos-marathon-app-remove/;
/1.10/usage/cli/command-reference/dcos-marathon/dcos-marathon-app-restart/ /1.10/cli/command-reference/dcos-marathon/dcos-marathon-app-restart/;
/1.10/usage/cli/command-reference/dcos-marathon/dcos-marathon-app-show/ /1.10/cli/command-reference/dcos-marathon/dcos-marathon-app-show/;
/1.10/usage/cli/command-reference/dcos-marathon/dcos-marathon-app-start/ /1.10/cli/command-reference/dcos-marathon/dcos-marathon-app-start/;
/1.10/usage/cli/command-reference/dcos-marathon/dcos-marathon-app-stop/ /1.10/cli/command-reference/dcos-marathon/dcos-marathon-app-stop/;
/1.10/usage/cli/command-reference/dcos-marathon/dcos-marathon-app-update/ /1.10/cli/command-reference/dcos-marathon/dcos-marathon-app-update/;
/1.10/usage/cli/command-reference/dcos-marathon/dcos-marathon-app-version-list/ /1.10/cli/command-reference/dcos-marathon/dcos-marathon-app-version-list/;
/1.10/usage/cli/command-reference/dcos-marathon/dcos-marathon-debug-details/ /1.10/cli/command-reference/dcos-marathon/dcos-marathon-debug-details/;
/1.10/usage/cli/command-reference/dcos-marathon/dcos-marathon-debug-list/ /1.10/cli/command-reference/dcos-marathon/dcos-marathon-debug-list/;
/1.10/usage/cli/command-reference/dcos-marathon/dcos-marathon-debug-summary/ /1.10/cli/command-reference/dcos-marathon/dcos-marathon-debug-summary/;
/1.10/usage/cli/command-reference/dcos-marathon/dcos-marathon-deployment-list/ /1.10/cli/command-reference/dcos-marathon/dcos-marathon-deployment-list/;
/1.10/usage/cli/command-reference/dcos-marathon/dcos-marathon-deployment-rollback/ /1.10/cli/command-reference/dcos-marathon/dcos-marathon-deployment-rollback/;
/1.10/usage/cli/command-reference/dcos-marathon/dcos-marathon-deployment-stop/ /1.10/cli/command-reference/dcos-marathon/dcos-marathon-deployment-stop/;
/1.10/usage/cli/command-reference/dcos-marathon/dcos-marathon-deployment-watch/ /1.10/cli/command-reference/dcos-marathon/dcos-marathon-deployment-watch/;
/1.10/usage/cli/command-reference/dcos-marathon/dcos-marathon-group-add/ /1.10/cli/command-reference/dcos-marathon/dcos-marathon-group-add/;
/1.10/usage/cli/command-reference/dcos-marathon/dcos-marathon-group-list/ /1.10/cli/command-reference/dcos-marathon/dcos-marathon-group-list/;
/1.10/usage/cli/command-reference/dcos-marathon/dcos-marathon-group-remove/ /1.10/cli/command-reference/dcos-marathon/dcos-marathon-group-remove/;
/1.10/usage/cli/command-reference/dcos-marathon/dcos-marathon-group-scale/ /1.10/cli/command-reference/dcos-marathon/dcos-marathon-group-scale/;
/1.10/usage/cli/command-reference/dcos-marathon/dcos-marathon-group-show/ /1.10/cli/command-reference/dcos-marathon/dcos-marathon-group-show/;
/1.10/usage/cli/command-reference/dcos-marathon/dcos-marathon-group-update/ /1.10/cli/command-reference/dcos-marathon/dcos-marathon-group-update/;
/1.10/usage/cli/command-reference/dcos-marathon/dcos-marathon-pod-add/ /1.10/cli/command-reference/dcos-marathon/dcos-marathon-pod-add/;
/1.10/usage/cli/command-reference/dcos-marathon/dcos-marathon-pod-kill/ /1.10/cli/command-reference/dcos-marathon/dcos-marathon-pod-kill/;
/1.10/usage/cli/command-reference/dcos-marathon/dcos-marathon-pod-list/ /1.10/cli/command-reference/dcos-marathon/dcos-marathon-pod-list/;
/1.10/usage/cli/command-reference/dcos-marathon/dcos-marathon-pod-remove/ /1.10/cli/command-reference/dcos-marathon/dcos-marathon-pod-remove/;
/1.10/usage/cli/command-reference/dcos-marathon/dcos-marathon-pod-show/ /1.10/cli/command-reference/dcos-marathon/dcos-marathon-pod-show/;
/1.10/usage/cli/command-reference/dcos-marathon/dcos-marathon-pod-update/ /1.10/cli/command-reference/dcos-marathon/dcos-marathon-pod-update/;
/1.10/usage/cli/command-reference/dcos-marathon/dcos-marathon-task-list/ /1.10/cli/command-reference/dcos-marathon/dcos-marathon-task-list/;
/1.10/usage/cli/command-reference/dcos-marathon/dcos-marathon-task-show/ /1.10/cli/command-reference/dcos-marathon/dcos-marathon-task-show/;
/1.10/usage/cli/command-reference/dcos-marathon/dcos-marathon-task-stop/ /1.10/cli/command-reference/dcos-marathon/dcos-marathon-task-stop/;
/1.10/usage/cli/command-reference/dcos-node/ /1.10/cli/command-reference/dcos-node/;
/1.10/usage/cli/command-reference/dcos-node/dcos-node-diagnostics-create/ /1.10/cli/command-reference/dcos-node/dcos-node-diagnostics-create/;
/1.10/usage/cli/command-reference/dcos-node/dcos-node-diagnostics-delete/ /1.10/cli/command-reference/dcos-node/dcos-node-diagnostics-delete/;
/1.10/usage/cli/command-reference/dcos-node/dcos-node-diagnostics-download/ /1.10/cli/command-reference/dcos-node/dcos-node-diagnostics-download/;
/1.10/usage/cli/command-reference/dcos-node/dcos-node-diagnostics/ /1.10/cli/command-reference/dcos-node/dcos-node-diagnostics/;
/1.10/usage/cli/command-reference/dcos-node/dcos-node-list-components/ /1.10/cli/command-reference/dcos-node/dcos-node-list-components/;
/1.10/usage/cli/command-reference/dcos-node/dcos-node-log/ /1.10/cli/command-reference/dcos-node/dcos-node-log/;
/1.10/usage/cli/command-reference/dcos-node/dcos-node-ssh/ /1.10/cli/command-reference/dcos-node/dcos-node-ssh/;
/1.10/usage/cli/command-reference/dcos-package/ /1.10/cli/command-reference/dcos-package/;
/1.10/usage/cli/command-reference/dcos-package/dcos-package-describe/ /1.10/cli/command-reference/dcos-package/dcos-package-describe/;
/1.10/usage/cli/command-reference/dcos-package/dcos-package-install/ /1.10/cli/command-reference/dcos-package/dcos-package-install/;
/1.10/usage/cli/command-reference/dcos-package/dcos-package-list/ /1.10/cli/command-reference/dcos-package/dcos-package-list/;
/1.10/usage/cli/command-reference/dcos-package/dcos-package-repo-add/ /1.10/cli/command-reference/dcos-package/dcos-package-repo-add/;
/1.10/usage/cli/command-reference/dcos-package/dcos-package-repo-list/ /1.10/cli/command-reference/dcos-package/dcos-package-repo-list/;
/1.10/usage/cli/command-reference/dcos-package/dcos-package-repo-remove/ /1.10/cli/command-reference/dcos-package/dcos-package-repo-remove/;
/1.10/usage/cli/command-reference/dcos-package/dcos-package-search/ /1.10/cli/command-reference/dcos-package/dcos-package-search/;
/1.10/usage/cli/command-reference/dcos-package/dcos-package-uninstall/ /1.10/cli/command-reference/dcos-package/dcos-package-uninstall/;
/1.10/usage/cli/command-reference/dcos-package/dcos-package-update/ /1.10/cli/command-reference/dcos-package/dcos-package-update/;
/1.10/usage/cli/command-reference/dcos-service/ /1.10/cli/command-reference/dcos-service/;
/1.10/usage/cli/command-reference/dcos-service/dcos-service-log/ /1.10/cli/command-reference/dcos-service/dcos-service-log/;
/1.10/usage/cli/command-reference/dcos-service/dcos-service-shutdown/ /1.10/cli/command-reference/dcos-service/dcos-service-shutdown/;
/1.10/usage/cli/command-reference/dcos-task/ /1.10/cli/command-reference/dcos-task/;
/1.10/usage/cli/command-reference/dcos-task/dcos-task-exec/ /1.10/cli/command-reference/dcos-task/dcos-task-exec/;
/1.10/usage/cli/command-reference/dcos-task/dcos-task-log/ /1.10/cli/command-reference/dcos-task/dcos-task-log/;
/1.10/usage/cli/command-reference/dcos-task/dcos-task-ls/ /1.10/cli/command-reference/dcos-task/dcos-task-ls/;
/1.10/usage/cli/command-reference/dcos/ /1.10/cli/command-reference/dcos/;
/1.10/usage/cli/configure/ /1.10/cli/configure/;
/1.10/usage/cli/enterprise-cli/ /1.10/cli/enterprise-cli/;
/1.10/usage/cli/install/ /1.10/cli/install/;
/1.10/usage/cli/multi-cluster-cli/ /1.10/cli/multi-cluster-cli/;
/1.10/usage/cli/uninstall/ /1.10/cli/uninstall/;
/1.10/usage/cli/update/ /1.10/cli/update/;
/1.10/usage/containerizers/ /1.10/deploying-services/containerizers/;
/1.10/usage/debugging/ /1.10/monitoring/debugging/;
/1.10/usage/debugging/cli-debugging/ /1.10/monitoring/debugging/cli-debugging/;
/1.10/usage/debugging/cli-debugging/task-exec/ /1.10/monitoring/debugging/cli-debugging/task-exec/;
/1.10/usage/debugging/gui-debugging/ /1.10/monitoring/debugging/gui-debugging/;
/1.10/usage/debugging/stuck-deployment/ /1.10/monitoring/debugging/stuck-deployment/;
/1.10/usage/faq/ /1.10/deploying-services/faq/;
/1.10/usage/gpu/ /1.10/deploying-services/gpu/;
/1.10/usage/gpu/limitations/ /1.10/deploying-services/gpu/;
/1.10/usage/jobs/ /1.10/deploying-jobs/;
/1.10/usage/jobs/examples/ /1.10/deploying-jobs/examples/;
/1.10/usage/jobs/getting-started/ /1.10/deploying-jobs/quickstart/;
/1.10/usage/managing-services/ /1.10/deploying-services/;
/1.10/usage/managing-services/application-basics/ /1.10/deploying-services/creating-services/;
/1.10/usage/managing-services/application-basics/deploy-docker-app/ /1.10/deploying-services/creating-services/deploy-docker-app/;
/1.10/usage/managing-services/config-universe-service/ /1.10/deploying-services/config-universe-service/;
/1.10/usage/managing-services/config/ /1.10/usage/managing-services/config-universe-service/;
/1.10/usage/managing-services/developing-services/ /1.10/developing-services/;
/1.10/usage/managing-services/expose-service/ /1.10/deploying-services/expose-service/;
/1.10/usage/managing-services/install/ /1.10/deploying-services/install/;
/1.10/usage/managing-services/list/ /1.10/usage/managing-services/monitoring/;
/1.10/usage/managing-services/monitor-services/ /1.10/deploying-services/monitor-services/;
/1.10/usage/managing-services/monitoring/ /1.10/usage/managing-services/monitor-services/;
/1.10/usage/managing-services/package-api/ /1.10/deploying-services/package-api/;
/1.10/usage/managing-services/rest-api/ /1.10/deploying-services/marathon-api/;
/1.10/usage/managing-services/scale-service/ /1.10/deploying-services/scale-service/;
/1.10/usage/managing-services/service-ports/ /1.10/deploying-services/service-ports/;
/1.10/usage/managing-services/task-handling/ /1.10/deploying-services/task-handling/;
/1.10/usage/managing-services/task-handling/configure-task-handling/ /1.10/deploying-services/task-handling/configure-task-handling/;
/1.10/usage/managing-services/uninstall/ /1.10/deploying-services/uninstall;
/1.10/usage/managing-services/update-user-service/ /1.10/deploying-services/update-user-service/;
/1.10/usage/marathon/ /1.10/usage/managing-services/;
/1.10/usage/marathon/application-basics/ /1.10/deploying-services/creating-services/;
/1.10/usage/marathon/ports/ /1.10/usage/managing-services/ports/service-ports/;
/1.10/usage/marathon/rest-api/ /1.10/usage/managing-services/rest-api/;
/1.10/usage/nginx.json /1.10/deploying-services/creating-services/nginx.json;
/1.10/usage/pods/ /1.10/deploying-services/pods/;
/1.10/usage/pods/examples/ /1.10/deploying-services/pods/examples/;
/1.10/usage/pods/pods-cli/ /1.10/usage/pods/using-pods/;
/1.10/usage/pods/quickstart/ /1.10/deploying-services/pods/quickstart/;
/1.10/usage/pods/technical-overview/ /1.10/deploying-services/pods/technical-overview/;
/1.10/usage/pods/using-pods/ /1.10/deploying-services/pods/using-pods/;
/1.10/usage/repo/ /1.10/administering-clusters/repo/;
/1.10/usage/service-discovery/ /1.10/networking/;
/1.10/usage/service-discovery/custom-domain-service-discovery/ /1.10/usage/service-discovery/mesos-dns/custom-domain-service-discovery/;
/1.10/usage/service-discovery/dns-naming/ /1.10/usage/service-discovery/mesos-dns/service-naming/#dns-naming;
/1.10/usage/service-discovery/dns-overview/ /1.10/networking/dns-/1.10/overview/;
/1.10/usage/service-discovery/load-balancing-vips/ /1.10/networking/load-balancing-vips/;
/1.10/usage/service-discovery/load-balancing-vips/overlay-networks/ /1.10/usage/service-discovery/load-balancing-vips/virtual-networks/;
/1.10/usage/service-discovery/load-balancing-vips/virtual-ip-addresses/ /1.10/networking/load-balancing-vips/virtual-ip-addresses/;
/1.10/usage/service-discovery/load-balancing-vips/virtual-networks/ /1.10/networking/load-balancing-vips/virtual-networks/;
/1.10/usage/service-discovery/marathon-lb/ /1.10/networking/marathon-lb/;
/1.10/usage/service-discovery/marathon-lb/advanced/ /1.10/networking/marathon-lb/advanced/;
/1.10/usage/service-discovery/marathon-lb/marathon-lb-advanced-tutorial/ /1.10/networking/marathon-lb/marathon-lb-advanced-tutorial/;
/1.10/usage/service-discovery/marathon-lb/marathon-lb-basic-tutorial/ /1.10/networking/marathon-lb/marathon-lb-basic-tutorial/;
/1.10/usage/service-discovery/marathon-lb/quickstart/ /1.10/usage/service-discovery/marathon-lb/marathon-lb-basic-tutorial/;
/1.10/usage/service-discovery/marathon-lb/usage/ /1.10/networking/marathon-lb/usage/;
/1.10/usage/service-discovery/mesos-dns/ /1.10/networking/mesos-dns/;
/1.10/usage/service-discovery/mesos-dns/custom-domain-service-discovery.md /1.10/usage/service-discovery/mesos-dns/expose-mesos-zone/;
/1.10/usage/service-discovery/mesos-dns/expose-mesos-zone/ /1.10/networking/mesos-dns/expose-mesos-zone/;
/1.10/usage/service-discovery/mesos-dns/http-interface/ /1.10/networking/mesos-dns/http-interface/;
/1.10/usage/service-discovery/mesos-dns/service-naming/ /1.10/networking/mesos-dns/service-naming/;
/1.10/usage/service-discovery/mesos-dns/troubleshooting/ /1.10/networking/mesos-dns/troubleshooting/;
/1.10/usage/storage/ /1.10/storage/;
/1.10/usage/storage/external-storage/ /1.10/storage/external-storage/;
/1.10/usage/storage/persistent-volume/ /1.10/storage/persistent-volume/;
/1.10/usage/tutorials/ /1.10/tutorials/;
/1.10/usage/tutorials/autoscaling/ /1.10/tutorials/autoscaling/;
/1.10/usage/tutorials/autoscaling/cpu-memory/ /1.10/tutorials/autoscaling/cpu-memory/;
/1.10/usage/tutorials/autoscaling/microscaling-queue/ /1.10/tutorials/autoscaling/microscaling-queue/;
/1.10/usage/tutorials/autoscaling/requests-second/ /1.10/tutorials/autoscaling/requests-second/;
/1.10/usage/tutorials/create-service/ /1.10/tutorials/create-service/;
/1.10/usage/tutorials/deploy-on-marathon/ /1.10/tutorials/deploy-on-marathon/;
/1.10/usage/tutorials/docker-app/ /1.10/usage/managing-services/creating-services/deploy-docker-app/;
/1.10/usage/tutorials/inline-update/ /1.10/usage/managing-services/update-user-service/;
/1.10/usage/tutorials/iot_pipeline/ /1.10/tutorials/iot_pipeline/;
/1.10/usage/tutorials/public-app/ /1.10/usage/managing-services/expose-service/;
/1.10/usage/tutorials/registry/ https://github.com/dcos/examples/tree/master/registry/1.8;
/1.10/usage/tutorials/stateful-services/ /1.10/tutorials/stateful-services/;
/1.10/usage/tutorials/task-labels/ /1.10/tutorials/task-labels/;
/1.11/usage/webinterface/ /1.11/gui/;
/1.10/usage/webinterface/ /1.10/gui/;
/1.7/administration/dcosarchitecture/security/ /1.7/overview/;
/1.7/administration/installing/custom/automated-installer/system-requirements/ /1.7/administration/installing/custom/system-requirements/;
/1.7/administration/installing/img/digitalocean_help_link.png/ /1.7/administration/img/digitalocean_help_link.png/;
/1.7/administration/installing/img/digitalocean_terraform_output.png/ /1.7/administration/img/digitalocean_terraform_output.png/;
/1.7/administration/installing/img/packet_help_link.png/ /1.7/administration/img/packet_help_link.png/;
/1.7/administration/installing/img/packet_terraform_output.png/ /1.7/administration/img/packet_terraform_output.png/;
/1.7/administration/security-and-authentication/ /1.7/overview/security/;
/1.7/administration/service-discovery/ /1.7/overview/service-discovery/;
/1.7/advanced-installer/create-a-script-for-ip-address-discovery/ /1.7/administration/installing/oss/custom/advanced/;
/1.7/getting-started/overview/ /1.7/usage/;
/1.7/usage/jobs/getting-started/ /1.8/usage/jobs/getting-started/;
/1.7/usage/service-discovery/load-balancing-vips/virtual-ip-addresses/ /1.7/usage/service-discovery/virtual-ip-addresses/;
/1.7/usage/services/ /1.7/usage/managing-services/;
/1.7/usage/services/config/ /1.7/usage/managing-services/config/;
/1.7/usage/services/install/ /1.7/usage/managing-services/install/;
/1.7/usage/services/list/ /1.7/usage/managing-services/list/;
/1.7/usage/services/repo/ /1.7/usage/repo/;
/1.7/usage/services/uninstall/ /1.7/usage/managing-services/uninstall/;
/1.7/usage/services/uninstall/#framework-cleaner /1.7/usage/managing-services/uninstall/#framework-cleaner;
/1.7/usage/tutorials/marathon/inline-update/ /1.7/usage/tutorials/marathon/;
/1.7/usage/tutorials/ruby-on-rails/ /1.7/usage/tutorials/;
/1.8/administration/haproxy-adminrouter/ /1.8/administration/tls-ssl/haproxy-adminrouter/;
/1.8/administration/id-and-access-mgt/iam-api/ /1.8/administration/id-and-access-mgt/ent/permissions/quickstart/#services-access-via-api/;
/1.8/administration/installing/cloud/aws/advanced/aws-custom/ /1.8/administration/installing/cloud/aws/advanced/;
/1.8/administration/installing/cloud/aws/advanced/quickstart/ /1.8/administration/installing/cloud/aws/advanced/;
/1.8/administration/installing/cloud/aws/advanced/system-requirements/ /1.8/administration/installing/cloud/aws/advanced/;
/1.8/administration/installing/custom/create-public-agent/ /1.8/administration/installing/custom/convert-agent-type/;
/1.8/administration/installing/custom/configuration-parameters/ /1.8/administration/installing/oss/custom/configuration-parameters/;
/1.8/administration/installing/img/digitalocean_help_link.png/ /1.8/administration/img/digitalocean_help_link.png/;
/1.8/administration/installing/img/digitalocean_terraform_output.png/ /1.8/administration/img/digitalocean_terraform_output.png/;
/1.8/administration/id-and-access-mgt/auth-api/ /1.8/administration/id-and-access-mgt/iam-api/;
/1.8/administration/id-and-access-mgt/permissions/master-agent-perms/ /1.8/administration/id-and-access-mgt/ent/permissions/master-agent-perms/;
/1.8/administration/id-and-access-mgt/service-auth/custom-service-auth/ /1.8/administration/id-and-access-mgt/ent/service-auth/custom-service-auth/;
/1.8/administration/overlay-networks/ /1.8/administration/virtual-networks/;
/1.8/administration/overlay-networks/ip-per-container/ /1.8/administration/virtual-networks/ip-per-container/;
/1.8/administration/overlay-networks/isolation/ /1.8/administration/virtual-networks/isolation/;
/1.8/administration/sshcluster/ /1.8/administration/access-node/sshcluster/;
/1.8/administration/telemetry/ /1.8/overview/telemetry/;
/1.8/administration/user-management/ /1.8/administration/id-and-access-mgt/user-management/;
/1.8/usage/service-guides/kafka/uninstall/ /1.9/deploying-services/uninstall/;
/1.8/networking/mesos-dns/http-interface/ /1.8/networking/mesos-dns/mesos-dns-api/;
/1.8/usage/img/ui-dashboard-network.gif/ /1.11/img/ui-dashboard-network.gif/;
/1.8/usage/managing-services/application-basics/ /1.8/usage/managing-services/creating-services/;
/1.8/usage/managing-services/application-basics/deploy-docker-app/ /1.8/usage/managing-services/creating-services/deploy-docker-app/;
/1.8/usage/managing-services/config/ /1.8/usage/managing-services/config-universe-service/;
/1.8/usage/managing-services/list/ /1.8/usage/managing-services/monitoring/;
/1.8/usage/managing-services/monitoring/ /1.8/usage/managing-services/monitor-services/;
/1.8/usage/managing-services/ports/service-ports/ /1.8/usage/managing-services/service-ports/;
/1.8/usage/marathon/ /1.8/usage/managing-services/;
/1.8/usage/marathon/application-basics/ /1.8/usage/managing-services/creating-services/;
/1.8/usage/marathon/ports/ /1.8/usage/managing-services/ports/service-ports/;
/1.8/usage/overlay-networks/ /1.8/usage/service-discovery/load-balancing-vips/virtual-networks/;
/1.8/usage/registry/ https://github.com/dcos/examples/tree/master/1.8/registry;
/1.8/usage/service-discovery/custom-domain-service-discovery/ /1.8/usage/service-discovery/mesos-dns/custom-domain-service-discovery/;
/1.8/usage/service-discovery/dns-naming/ /1.8/usage/service-discovery/mesos-dns/service-naming/#dns-naming;
/1.8/usage/service-discovery/haproxy-adminrouter/ /1.8/administration/haproxy-adminrouter/;
/1.8/usage/service-discovery/load-balancing-vips/overlay-networks/ /.8/usage/service-discovery/load-balancing-vips/virtual-networks/;
/1.8/usage/service-discovery/load-balancing-vips/name-based-vips/ /1.8/usage/service-discovery/load-balancing-vips/virtual-ip-addresses/;
/1.8/usage/service-discovery/marathon-lb/quickstart/ /1.8/usage/service-discovery/marathon-lb/marathon-lb-basic-tutorial/;
/1.8/usage/service-discovery/mesos-dns/custom-domain-service-discovery/ /1.8/usage/service-discovery/mesos-dns/expose-mesos-zone/;
/1.8/usage/service-discovery/virtual-ip-addresses/ /1.8/usage/service-discovery/load-balancing-vips/virtual-ip-addresses/;
/1.8/usage/service-guides/hdfs/uninstall/ /services/hdfs/v1.3.0-2.6.0-cdh5.9.1/uninstall/;
/1.8/usage/tutorials/docker-app/ /1.8/usage/managing-services/creating-services/deploy-docker-app/;
/1.8/usage/tutorials/inline-update/ /1.8/usage/managing-services/update-user-service/;
/1.8/usage/tutorials/marathon/ /1.8/usage/tutorials/dcos-101/;
/1.8/usage/tutorials/marathon/inline-update/ /1.7/usage/tutorials/marathon/;
/1.8/usage/tutorials/marathon/stateful-services/ /1.7/usage/tutorials/marathon/stateful-services/;
/1.8/usage/tutorials/public-app/ /1.8/usage/managing-services/expose-service/;
/1.8/usage/tutorials/registry/ https://github.com/dcos/examples/tree/master/1.8/registry;
/1.9/administration/access-node/ /1.9/administering-clusters/;
/1.9/administration/access-node/sshcluster/ /1.9/administering-clusters/sshcluster/;
/1.9/administration/access-node/tunnel/ /1.9/developing-services/tunnel/;
/1.9/administration/component-management/ /1.9/administering-clusters/component-management/;
/1.9/administration/debugging/ /1.9/usage/debugging/cli-debugging/task-exec/;
/1.9/administration/debugging/quickstart/ /1.9/usage/debugging/cli-debugging/task-exec/;
/1.9/administration/faq/ /1.9/installing/faq/;
/1.9/administration/gpu/ /1.9/deploying-services/gpu/;
/1.9/administration/gpu/aws-install/ /1.9/deploying-services/gpu/aws-install/;
/1.9/administration/gpu/custom-install/ /1.9/deploying-services/gpu/custom-install/;
/1.9/administration/haproxy-adminrouter/ /1.9/administration/tls-ssl/haproxy-adminrouter/;
/1.9/administration/high-availability/ /1.9/networking/high-availability/;
/1.9/administration/high-availability/multi-region/ /1.9/networking/high-availability/multi-region/;
/1.9/administration/high-availability/multi-zone/ /1.9/networking/high-availability/multi-zone/;
/1.9/administration/id-and-access-mgt/ /1.9/security/;
/1.9/administration/id-and-access-mgt/add-user-script/ /1.9/security/add-user-script/;
/1.9/administration/id-and-access-mgt/configure-your-security/ /1.9/security/configure-your-security/;
/1.9/administration/id-and-access-mgt/iam-api/ /1.9/security/iam-api/;
/1.9/administration/id-and-access-mgt/managing-authentication/ /1.9/security/managing-authentication/;
/1.9/administration/id-and-access-mgt/user-management/ /1.9/security/ent/users-groups/;
/1.9/administration/installing/ /1.9/installing/;
/1.9/administration/installing/cloud/ /1.9/installing/cloud/;
/1.9/administration/installing/cloud/aws/ /1.9/installing/cloud/aws/;
/1.9/administration/installing/cloud/aws/advanced/ /1.9/installing/cloud/aws/advanced/;
/1.9/administration/installing/cloud/aws/advanced/aws-ami/ /1.9/installing/cloud/aws/advanced/aws-ami/;
/1.9/administration/installing/cloud/aws/advanced/aws-custom/ /1.9/administration/installing/cloud/aws/advanced/;
/1.9/administration/installing/cloud/aws/advanced/quickstart/ /1.9/administration/installing/cloud/aws/advanced/;
/1.9/administration/installing/cloud/aws/advanced/system-requirements/ /1.9/administration/installing/cloud/aws/advanced/;
/1.9/administration/installing/cloud/aws/advanced/template-reference/ /1.9/installing/cloud/aws/advanced/template-reference/;
/1.9/administration/installing/cloud/aws/basic/ /1.9/installing/cloud/aws/basic/;
/1.9/administration/installing/cloud/aws/removeaws/ /1.9/installing/cloud/aws/removeaws/;
/1.9/administration/installing/cloud/azure/ /1.9/installing/cloud/azure/;
/1.9/administration/installing/cloud/digitalocean/ /1.9/installing/cloud/digitalocean/;
/1.9/administration/installing/cloud/gce/ /1.9/installing/cloud/gce/;
/1.9/administration/installing/cloud/packet/ /1.9/installing/cloud/packet/;
/1.9/administration/installing/custom/ /1.9/installing/custom/;
/1.9/administration/installing/custom/add-a-node/ /1.9/administering-clusters/add-a-node/;
/1.9/administration/installing/custom/advanced/ /1.9/installing/oss/custom/advanced/;
/1.9/administration/installing/custom/cli/ /1.9/installing/custom/cli/;
/1.9/administration/installing/custom/configuration-parameters/ /1.9/installing/custom/configuration/configuration-parameters/;
/1.9/administration/installing/custom/configure-proxy/ /1.9/installing/custom/configure-proxy/;
/1.9/administration/installing/custom/convert-agent-type/ /1.9/administering-clusters/convert-agent-type/;
/1.9/administration/installing/custom/gui/ /1.9/installing/custom/gui/;
/1.9/administration/installing/custom/system-requirements/ /1.9/installing/custom/system-requirements/;
/1.9/administration/installing/custom/system-requirements/install-docker-centos/ /1.9/installing/custom/system-requirements/install-docker-centos/;
/1.9/administration/installing/custom/troubleshooting/ /1.9/installing/troubleshooting/;
/1.9/administration/installing/custom/uninstall/ /1.9/installing/custom/uninstall/;
/1.9/administration/installing/deploying-a-local-dcos-universe/ /1.9/administering-clusters/deploying-a-local-dcos-universe/;
/1.9/administration/installing/local/ /1.9/installing/ent/local/;
/1.9/administration/installing/opt-out/ /1.9/installing/custom/opt-out/;
/1.9/administration/installing/ports/ /1.9/installing/ports/;
/1.9/administration/installing/update-a-node/ /1.9/administering-clusters/update-a-node/;
/1.9/administration/locate-public-agent/ /1.9/administering-clusters/locate-public-agent/;
/1.9/administration/logging/ /1.9/monitoring/logging/;
/1.9/administration/logging/access-component-logs/ /1.9/monitoring/logging/access-component-logs/;
/1.9/administration/logging/access-task-logs/ /1.9/monitoring/logging/access-task-logs/;
/1.9/administration/logging/aggregating/ /1.9/monitoring/logging/aggregating/;
/1.9/administration/logging/aggregating/elk/ /1.9/monitoring/logging/aggregating/elk/;
/1.9/administration/logging/aggregating/filter-elk/ /1.9/monitoring/logging/aggregating/filter-elk/;
/1.9/administration/logging/aggregating/filter-splunk/ /1.9/monitoring/logging/aggregating/filter-splunk/;
/1.9/administration/logging/aggregating/splunk/ /1.9/monitoring/logging/aggregating/splunk/;
/1.9/administration/logging/logging-api/ /1.9/monitoring/logging/logging-api/;
/1.9/administration/logging/quickstart/ /1.9/monitoring/logging/quickstart/;
/1.9/administration/managing-aws/ /1.9/administering-clusters/managing-aws/;
/1.9/administration/metrics/ /1.9/administration/monitoring/metrics/;
/1.9/administration/metrics/metrics-api/ /1.9/administration/monitoring/metrics/metrics-api/;
/1.9/administration/metrics/quickstart/ /1.9/administration/monitoring/metrics/quickstart/;
/1.9/administration/monitoring/ /1.9/monitoring/;
/1.9/administration/monitoring/metrics/ /1.9/metrics/;
/1.9/administration/monitoring/metrics/metrics-api/ /1.9/metrics/metrics-api/;
/1.9/administration/monitoring/metrics/quickstart/ /1.9/metrics/quickstart/;
/1.9/administration/monitoring/nagios/ /1.9/administration/monitoring/performance-monitoring/nagios/;
/1.9/administration/monitoring/performance-monitoring/ /1.9/monitoring/performance-monitoring/;
/1.9/administration/monitoring/performance-monitoring/nagios/ /1.9/monitoring/performance-monitoring/nagios/;
/1.9/administration/overlay-networks/ /1.9/administration/virtual-networks/;
/1.9/administration/overlay-networks/ip-per-container/ /1.9/administration/virtual-networks/ip-per-container/;
/1.9/administration/overlay-networks/isolation/ /1.9/administration/virtual-networks/isolation/;
/1.9/administration/release-notes/ /1.9/release-notes/;
/1.9/administration/remove-agent/ /1.9/remove-agent/;
/1.9/administration/secrets/ /1.9/security/ent/secrets/create-secrets/;
/1.9/administration/securing-your-cluster/ /1.9/administering-clusters/securing-your-cluster/;
/1.9/administration/storage/ /1.9/storage/;
/1.9/administration/storage/mount-disk-resources/ /1.9/storage/mount-disk-resources/;
/1.9/administration/storage/nfs/ /1.9/storage/nfs/;
/1.9/administration/tls-ssl/ /1.9/networking/tls-ssl/;
/1.9/administration/tls-ssl/haproxy-adminrouter/ /1.9/networking/tls-ssl/haproxy-adminrouter/;
/1.9/administration/upgrading/ /1.9/installing/upgrading/;
/1.9/administration/user-management/ /1.9/administration/id-and-access-mgt/user-management/;
/1.9/administration/virtual-networks/ /1.9/networking/virtual-networks/;
/1.9/administration/virtual-networks/ip-per-container/ /1.9/networking/virtual-networks/ip-per-container/;
/1.9/administration/virtual-networks/isolation/ /1.9/networking/virtual-networks/isolation/;
/1.9/debugging/cli-debugging/task-exec/quickstart/ /1.9/monitoring/debugging/cli-debugging/task-exec/;
/1.9/developing-services/create-package/ https://github.com/mesosphere/universe/blob/version-3.x/tutorial/GetStarted.md;
/1.9/developing-services/dcos-integration/ https://github.com/mesosphere/universe/blob/version-3.x/tutorial/GetStarted.md;
/1.9/developing-services/service-requirements-spec/ https://github.com/mesosphere/universe/blob/version-3.x/tutorial/GetStarted.md;
/1.9/development/ /1.9/developing-services/;
/1.9/installing/custom/configuration-parameters/ /1.9/installing/oss/custom/configuration/configuration-parameters/;
/1.9/installing/custom/configuration/configuration-parameters/ /1.9/installing/oss/custom/configuration/configuration-parameters/;
/1.9/installing/ent/custom/configuration-parameters/ /1.9/installing/oss/custom/configuration/configuration-parameters/;
/1.9/networking/mesos-dns/http-interface/ /1.9/networking/mesos-dns/mesos-dns-api/;
/1.9/overview/components/ /1.9/overview/architecture/components/;
/1.9/overview/roadmap/ /1.9/;
/1.9/overview/security/security-modes/ /1.9/security/ent/#security-modes/;
/1.9/overview/service-discovery/ /1.9/tutorials/dcos-101/service-discovery/;
/1.9/security/iam-api/ /1.9/security/ent/iam-api/;
/1.9/security/perms-reference/ /1.9/security/ent/perms-reference/;
/1.9/security/secrets/ /1.9/security/ent/secrets/;
/1.9/security/service-auth/ /1.9/security/ent/service-auth/;
/1.9/security/service-auth/custom-service-auth/ /1.9/security/ent/service-auth/custom-service-auth/;
/1.9/security/users-groups/ /1.9/security/ent/users-groups/;
/1.9/usage/ /1.9/;
/1.9/usage/cli/ /1.9/cli/;
/1.9/usage/cli/command-reference/ /1.9/cli/command-reference/;
/1.9/usage/cli/command-reference/dcos-auth/ /1.9/cli/command-reference/dcos-auth/dcos-auth-login/;
/1.9/usage/cli/command-reference/dcos-auth/dcos-auth-list-providers/ /1.9/cli/command-reference/dcos-auth/dcos-auth-list-providers/;
/1.9/usage/cli/command-reference/dcos-auth/dcos-auth-login/ /1.9/cli/command-reference/dcos-auth/dcos-auth-login/;
/1.9/usage/cli/command-reference/dcos-auth/dcos-auth-logout/ /1.9/cli/command-reference/dcos-auth/dcos-auth-logout/;
/1.9/usage/cli/command-reference/dcos-config/ /1.9/cli/command-reference/dcos-config/;
/1.9/usage/cli/command-reference/dcos-config/dcos-config-set/ /1.9/cli/command-reference/dcos-config/dcos-config-set/;
/1.9/usage/cli/command-reference/dcos-config/dcos-config-show/ /1.9/cli/command-reference/dcos-config/dcos-config-show/;
/1.9/usage/cli/command-reference/dcos-config/dcos-config-unset/ /1.9/cli/command-reference/dcos-config/dcos-config-unset/;
/1.9/usage/cli/command-reference/dcos-config/dcos-config-validate/ /1.9/cli/command-reference/dcos-config/dcos-config-validate/;
/1.9/usage/cli/command-reference/dcos-experimental/ /1.9/cli/command-reference/dcos-experimental/;
/1.9/usage/cli/command-reference/dcos-experimental/dcos-experimental-package-add/ /1.9/cli/command-reference/dcos-experimental/dcos-experimental-package-add/;
/1.9/usage/cli/command-reference/dcos-experimental/dcos-experimental-package-build/ /1.9/cli/command-reference/dcos-experimental/dcos-experimental-package-build/;
/1.9/usage/cli/command-reference/dcos-experimental/dcos-experimental-package-start/ /1.9/cli/command-reference/dcos-experimental/dcos-experimental-package-start/;
/1.9/usage/cli/command-reference/dcos-help/ /1.9/cli/command-reference/dcos-help/;
/1.9/usage/cli/command-reference/dcos-job/ /1.9/cli/command-reference/dcos-job/;
/1.9/usage/cli/command-reference/dcos-job/dcos-job-add/ /1.9/cli/command-reference/dcos-job/dcos-job-add/;
/1.9/usage/cli/command-reference/dcos-job/dcos-job-history/ /1.9/cli/command-reference/dcos-job/dcos-job-history/;
/1.9/usage/cli/command-reference/dcos-job/dcos-job-kill/ /1.9/cli/command-reference/dcos-job/dcos-job-kill/;
/1.9/usage/cli/command-reference/dcos-job/dcos-job-list/ /1.9/cli/command-reference/dcos-job/dcos-job-list/;
/1.9/usage/cli/command-reference/dcos-job/dcos-job-remove/ /1.9/cli/command-reference/dcos-job/dcos-job-remove/;
/1.9/usage/cli/command-reference/dcos-job/dcos-job-run/ /1.9/cli/command-reference/dcos-job/dcos-job-run/;
/1.9/usage/cli/command-reference/dcos-job/dcos-job-schedule-add/ /1.9/cli/command-reference/dcos-job/dcos-job-schedule-add/;
/1.9/usage/cli/command-reference/dcos-job/dcos-job-schedule-remove/ /1.9/cli/command-reference/dcos-job/dcos-job-schedule-remove/;
/1.9/usage/cli/command-reference/dcos-job/dcos-job-schedule-show/ /1.9/cli/command-reference/dcos-job/dcos-job-schedule-show/;
/1.9/usage/cli/command-reference/dcos-job/dcos-job-schedule-update/ /1.9/cli/command-reference/dcos-job/dcos-job-schedule-update/;
/1.9/usage/cli/command-reference/dcos-job/dcos-job-show-runs/ /1.9/cli/command-reference/dcos-job/dcos-job-show-runs/;
/1.9/usage/cli/command-reference/dcos-job/dcos-job-show/ /1.9/cli/command-reference/dcos-job/dcos-job-show/;
/1.9/usage/cli/command-reference/dcos-job/dcos-job-update/ /1.9/cli/command-reference/dcos-job/dcos-job-update/;
/1.9/usage/cli/command-reference/dcos-marathon/ /1.9/cli/command-reference/dcos-marathon/;
/1.9/usage/cli/command-reference/dcos-marathon/dcos-marathon-about/ /1.9/cli/command-reference/dcos-marathon/dcos-marathon-about/;
/1.9/usage/cli/command-reference/dcos-marathon/dcos-marathon-app-add/ /1.9/cli/command-reference/dcos-marathon/dcos-marathon-app-add/;
/1.9/usage/cli/command-reference/dcos-marathon/dcos-marathon-app-kill/ /1.9/cli/command-reference/dcos-marathon/dcos-marathon-app-kill/;
/1.9/usage/cli/command-reference/dcos-marathon/dcos-marathon-app-list/ /1.9/cli/command-reference/dcos-marathon/dcos-marathon-app-list/;
/1.9/usage/cli/command-reference/dcos-marathon/dcos-marathon-app-remove/ /1.9/cli/command-reference/dcos-marathon/dcos-marathon-app-remove/;
/1.9/usage/cli/command-reference/dcos-marathon/dcos-marathon-app-restart/ /1.9/cli/command-reference/dcos-marathon/dcos-marathon-app-restart/;
/1.9/usage/cli/command-reference/dcos-marathon/dcos-marathon-app-show/ /1.9/cli/command-reference/dcos-marathon/dcos-marathon-app-show/;
/1.9/usage/cli/command-reference/dcos-marathon/dcos-marathon-app-start/ /1.9/cli/command-reference/dcos-marathon/dcos-marathon-app-start/;
/1.9/usage/cli/command-reference/dcos-marathon/dcos-marathon-app-stop/ /1.9/cli/command-reference/dcos-marathon/dcos-marathon-app-stop/;
/1.9/usage/cli/command-reference/dcos-marathon/dcos-marathon-app-update/ /1.9/cli/command-reference/dcos-marathon/dcos-marathon-app-update/;
/1.9/usage/cli/command-reference/dcos-marathon/dcos-marathon-app-version-list/ /1.9/cli/command-reference/dcos-marathon/dcos-marathon-app-version-list/;
/1.9/usage/cli/command-reference/dcos-marathon/dcos-marathon-debug-details/ /1.9/cli/command-reference/dcos-marathon/dcos-marathon-debug-details/;
/1.9/usage/cli/command-reference/dcos-marathon/dcos-marathon-debug-list/ /1.9/cli/command-reference/dcos-marathon/dcos-marathon-debug-list/;
/1.9/usage/cli/command-reference/dcos-marathon/dcos-marathon-debug-summary/ /1.9/cli/command-reference/dcos-marathon/dcos-marathon-debug-summary/;
/1.9/usage/cli/command-reference/dcos-marathon/dcos-marathon-deployment-list/ /1.9/cli/command-reference/dcos-marathon/dcos-marathon-deployment-list/;
/1.9/usage/cli/command-reference/dcos-marathon/dcos-marathon-deployment-rollback/ /1.9/cli/command-reference/dcos-marathon/dcos-marathon-deployment-rollback/;
/1.9/usage/cli/command-reference/dcos-marathon/dcos-marathon-deployment-stop/ /1.9/cli/command-reference/dcos-marathon/dcos-marathon-deployment-stop/;
/1.9/usage/cli/command-reference/dcos-marathon/dcos-marathon-deployment-watch/ /1.9/cli/command-reference/dcos-marathon/dcos-marathon-deployment-watch/;
/1.9/usage/cli/command-reference/dcos-marathon/dcos-marathon-group-add/ /1.9/cli/command-reference/dcos-marathon/dcos-marathon-group-add/;
/1.9/usage/cli/command-reference/dcos-marathon/dcos-marathon-group-list/ /1.9/cli/command-reference/dcos-marathon/dcos-marathon-group-list/;
/1.9/usage/cli/command-reference/dcos-marathon/dcos-marathon-group-remove/ /1.9/cli/command-reference/dcos-marathon/dcos-marathon-group-remove/;
/1.9/usage/cli/command-reference/dcos-marathon/dcos-marathon-group-scale/ /1.9/cli/command-reference/dcos-marathon/dcos-marathon-group-scale/;
/1.9/usage/cli/command-reference/dcos-marathon/dcos-marathon-group-show/ /1.9/cli/command-reference/dcos-marathon/dcos-marathon-group-show/;
/1.9/usage/cli/command-reference/dcos-marathon/dcos-marathon-group-update/ /1.9/cli/command-reference/dcos-marathon/dcos-marathon-group-update/;
/1.9/usage/cli/command-reference/dcos-marathon/dcos-marathon-pod-add/ /1.9/cli/command-reference/dcos-marathon/dcos-marathon-pod-add/;
/1.9/usage/cli/command-reference/dcos-marathon/dcos-marathon-pod-kill/ /1.9/cli/command-reference/dcos-marathon/dcos-marathon-pod-kill/;
/1.9/usage/cli/command-reference/dcos-marathon/dcos-marathon-pod-list/ /1.9/cli/command-reference/dcos-marathon/dcos-marathon-pod-list/;
/1.9/usage/cli/command-reference/dcos-marathon/dcos-marathon-pod-remove/ /1.9/cli/command-reference/dcos-marathon/dcos-marathon-pod-remove/;
/1.9/usage/cli/command-reference/dcos-marathon/dcos-marathon-pod-show/ /1.9/cli/command-reference/dcos-marathon/dcos-marathon-pod-show/;
/1.9/usage/cli/command-reference/dcos-marathon/dcos-marathon-pod-update/ /1.9/cli/command-reference/dcos-marathon/dcos-marathon-pod-update/;
/1.9/usage/cli/command-reference/dcos-marathon/dcos-marathon-task-list/ /1.9/cli/command-reference/dcos-marathon/dcos-marathon-task-list/;
/1.9/usage/cli/command-reference/dcos-marathon/dcos-marathon-task-show/ /1.9/cli/command-reference/dcos-marathon/dcos-marathon-task-show/;
/1.9/usage/cli/command-reference/dcos-marathon/dcos-marathon-task-stop/ /1.9/cli/command-reference/dcos-marathon/dcos-marathon-task-stop/;
/1.9/usage/cli/command-reference/dcos-node/ /1.9/cli/command-reference/dcos-node/;
/1.9/usage/cli/command-reference/dcos-node/dcos-node-diagnostics-create/ /1.9/cli/command-reference/dcos-node/dcos-node-diagnostics-create/;
/1.9/usage/cli/command-reference/dcos-node/dcos-node-diagnostics-delete/ /1.9/cli/command-reference/dcos-node/dcos-node-diagnostics-delete/;
/1.9/usage/cli/command-reference/dcos-node/dcos-node-diagnostics-download/ /1.9/cli/command-reference/dcos-node/dcos-node-diagnostics-download/;
/1.9/usage/cli/command-reference/dcos-node/dcos-node-diagnostics/ /1.9/cli/command-reference/dcos-node/dcos-node-diagnostics/;
/1.9/usage/cli/command-reference/dcos-node/dcos-node-list-components/ /1.9/cli/command-reference/dcos-node/dcos-node-list-components/;
/1.9/usage/cli/command-reference/dcos-node/dcos-node-log/ /1.9/cli/command-reference/dcos-node/dcos-node-log/;
/1.9/usage/cli/command-reference/dcos-node/dcos-node-ssh/ /1.9/cli/command-reference/dcos-node/dcos-node-ssh/;
/1.9/usage/cli/command-reference/dcos-package/ /1.9/cli/command-reference/dcos-package/;
/1.9/usage/cli/command-reference/dcos-package/dcos-package-describe/ /1.9/cli/command-reference/dcos-package/dcos-package-describe/;
/1.9/usage/cli/command-reference/dcos-package/dcos-package-install/ /1.9/cli/command-reference/dcos-package/dcos-package-install/;
/1.9/usage/cli/command-reference/dcos-package/dcos-package-list/ /1.9/cli/command-reference/dcos-package/dcos-package-list/;
/1.9/usage/cli/command-reference/dcos-package/dcos-package-repo-add/ /1.9/cli/command-reference/dcos-package/dcos-package-repo-add/;
/1.9/usage/cli/command-reference/dcos-package/dcos-package-repo-list/ /1.9/cli/command-reference/dcos-package/dcos-package-repo-list/;
/1.9/usage/cli/command-reference/dcos-package/dcos-package-repo-remove/ /1.9/cli/command-reference/dcos-package/dcos-package-repo-remove/;
/1.9/usage/cli/command-reference/dcos-package/dcos-package-search/ /1.9/cli/command-reference/dcos-package/dcos-package-search/;
/1.9/usage/cli/command-reference/dcos-package/dcos-package-uninstall/ /1.9/cli/command-reference/dcos-package/dcos-package-uninstall/;
/1.9/usage/cli/command-reference/dcos-package/dcos-package-update/ /1.9/cli/command-reference/dcos-package/dcos-package-update/;
/1.9/usage/cli/command-reference/dcos-service/ /1.9/cli/command-reference/dcos-service/;
/1.9/usage/cli/command-reference/dcos-service/dcos-service-log/ /1.9/cli/command-reference/dcos-service/dcos-service-log/;
/1.9/usage/cli/command-reference/dcos-service/dcos-service-shutdown/ /1.9/cli/command-reference/dcos-service/dcos-service-shutdown/;
/1.9/usage/cli/command-reference/dcos-task/ /1.9/cli/command-reference/dcos-task/;
/1.9/usage/cli/command-reference/dcos-task/dcos-task-exec/ /1.9/cli/command-reference/dcos-task/dcos-task-exec/;
/1.9/usage/cli/command-reference/dcos-task/dcos-task-log/ /1.9/cli/command-reference/dcos-task/dcos-task-log/;
/1.9/usage/cli/command-reference/dcos-task/dcos-task-ls/ /1.9/cli/command-reference/dcos-task/dcos-task-ls/;
/1.9/usage/cli/command-reference/dcos/ /1.9/cli/command-reference/dcos/;
/1.9/usage/cli/configure/ /1.9/cli/configure/;
/1.9/usage/cli/enterprise-cli/ /1.9/cli/enterprise-cli/;
/1.9/usage/cli/install/ /1.9/cli/install/;
/1.9/usage/cli/multi-cluster-cli/ /1.9/cli/multi-cluster-cli/;
/1.9/usage/cli/uninstall/ /1.9/cli/uninstall/;
/1.9/usage/cli/update/ /1.9/cli/update/;
/1.9/usage/containerizers/ /1.9/deploying-services/containerizers/;
/1.9/usage/debugging/ /1.9/monitoring/debugging/;
/1.9/usage/debugging/cli-debugging/ /1.9/monitoring/debugging/cli-debugging/;
/1.9/usage/debugging/cli-debugging/task-exec/ /1.9/monitoring/debugging/cli-debugging/task-exec/;
/1.9/usage/debugging/gui-debugging/ /1.9/monitoring/debugging/gui-debugging/;
/1.9/usage/debugging/stuck-deployment/ /1.9/monitoring/debugging/stuck-deployment/;
/1.9/usage/faq/ /1.9/deploying-services/faq/;
/1.9/usage/gpu/ /1.9/deploying-services/gpu/;
/1.9/usage/gpu/limitations/ /1.9/deploying-services/gpu/;
/1.9/usage/jobs/ /1.9/deploying-jobs/;
/1.9/usage/jobs/examples/ /1.9/deploying-jobs/examples/;
/1.9/usage/jobs/getting-started/ /1.9/deploying-jobs/quickstart/;
/1.9/usage/managing-services/ /1.9/deploying-services/;
/1.9/usage/managing-services/application-basics/ /1.9/deploying-services/creating-services/;
/1.9/usage/managing-services/application-basics/deploy-docker-app/ /1.9/deploying-services/creating-services/deploy-docker-app/;
/1.9/usage/managing-services/config-universe-service/ /1.9/deploying-services/config-universe-service/;
/1.9/usage/managing-services/config/ /1.9/usage/managing-services/config-universe-service/;
/1.9/usage/managing-services/developing-services/ /1.9/developing-services/;
/1.9/usage/managing-services/expose-service/ /1.9/deploying-services/expose-service/;
/1.9/usage/managing-services/install/ /1.9/deploying-services/install/;
/1.9/usage/managing-services/list/ /1.9/usage/managing-services/monitoring/;
/1.9/usage/managing-services/monitor-services/ /1.9/deploying-services/monitor-services/;
/1.9/usage/managing-services/monitoring/ /1.9/usage/managing-services/monitor-services/;
/1.9/usage/managing-services/package-api/ /1.9/deploying-services/package-api/;
/1.9/usage/managing-services/rest-api/ /1.9/deploying-services/marathon-api/;
/1.9/usage/managing-services/scale-service/ /1.9/deploying-services/scale-service/;
/1.9/usage/managing-services/service-ports/ /1.9/deploying-services/service-ports/;
/1.9/usage/managing-services/task-handling/ /1.9/deploying-services/task-handling/;
/1.9/usage/managing-services/task-handling/configure-task-handling/ /1.9/deploying-services/task-handling/configure-task-handling/;
/1.9/usage/managing-services/uninstall/ /1.9/deploying-services/uninstall/;
/1.9/usage/managing-services/update-user-service/ /1.9/deploying-services/update-user-service/;
/1.9/usage/marathon/ /1.9/usage/managing-services/;
/1.9/usage/marathon/application-basics/ /1.9/deploying-services/creating-services/;
/1.9/usage/marathon/ports/ /1.9/usage/managing-services/ports/service-ports/;
/1.9/usage/marathon/rest-api/ /1.9/usage/managing-services/rest-api/;
/1.9/usage/nginx.json /1.9/deploying-services/creating-services/nginx.json;
/1.9/usage/pods/ /1.9/deploying-services/pods/;
/1.9/usage/pods/examples/ /1.9/deploying-services/pods/examples/;
/1.9/usage/pods/pods-cli/ /1.9/usage/pods/using-pods/;
/1.9/usage/pods/quickstart/ /1.9/deploying-services/pods/quickstart/;
/1.9/usage/pods/technical-overview/ /1.9/deploying-services/pods/technical-overview/;
/1.9/usage/pods/using-pods/ /1.9/deploying-services/pods/using-pods/;
/1.9/usage/repo/ /1.9/administering-clusters/repo/;
/1.9/usage/service-discovery/ /1.9/networking/;
/1.9/usage/service-discovery/custom-domain-service-discovery/ /1.9/usage/service-discovery/mesos-dns/custom-domain-service-discovery/;
/1.9/usage/service-discovery/dns-naming/ /1.9/usage/service-discovery/mesos-dns/service-naming/#dns-naming;
/1.9/usage/service-discovery/dns-overview/ /1.9/networking/dns-/1.9/overview/;
/1.9/usage/service-discovery/load-balancing-vips/ /1.9/networking/load-balancing-vips/;
/1.9/usage/service-discovery/load-balancing-vips/overlay-networks/ /1.9/usage/service-discovery/load-balancing-vips/virtual-networks/;
/1.9/usage/service-discovery/load-balancing-vips/virtual-ip-addresses/ /1.9/networking/load-balancing-vips/virtual-ip-addresses/;
/1.9/usage/service-discovery/load-balancing-vips/virtual-networks/ /1.9/networking/load-balancing-vips/virtual-networks/;
/1.9/usage/service-discovery/marathon-lb/ /1.9/networking/marathon-lb/;
/1.9/usage/service-discovery/marathon-lb/advanced/ /1.9/networking/marathon-lb/advanced/;
/1.9/usage/service-discovery/marathon-lb/marathon-lb-advanced-tutorial/ /1.9/networking/marathon-lb/marathon-lb-advanced-tutorial/;
/1.9/usage/service-discovery/marathon-lb/marathon-lb-basic-tutorial/ /1.9/networking/marathon-lb/marathon-lb-basic-tutorial/;
/1.9/usage/service-discovery/marathon-lb/quickstart/ /1.9/usage/service-discovery/marathon-lb/marathon-lb-basic-tutorial/;
/1.9/usage/service-discovery/marathon-lb/usage/ /1.9/networking/marathon-lb/usage/;
/1.9/usage/service-discovery/mesos-dns/ /1.9/networking/mesos-dns/;
/1.9/usage/service-discovery/mesos-dns/custom-domain-service-discovery.md /1.9/usage/service-discovery/mesos-dns/expose-mesos-zone/;
/1.9/usage/service-discovery/mesos-dns/expose-mesos-zone/ /1.9/networking/mesos-dns/expose-mesos-zone/;
/1.9/usage/service-discovery/mesos-dns/http-interface/ /1.9/networking/mesos-dns/http-interface/;
/1.9/usage/service-discovery/mesos-dns/service-naming/ /1.9/networking/mesos-dns/service-naming/;
/1.9/usage/service-discovery/mesos-dns/troubleshooting/ /1.9/networking/mesos-dns/troubleshooting/;
/1.9/usage/service-guides/kafka/configure/ /services/kafka/2.0.3-0.11.0/install/;
/1.9/usage/storage/ /1.9/storage/;
/1.9/usage/storage/external-storage/ /1.9/storage/external-storage/;
/1.9/usage/storage/persistent-volume/ /1.9/storage/persistent-volume/;
/1.9/usage/tutorials/ /1.9/tutorials/;
/1.9/usage/tutorials/autoscaling/ /1.9/tutorials/autoscaling/;
/1.9/usage/tutorials/autoscaling/cpu-memory/ /1.9/tutorials/autoscaling/cpu-memory/;
/1.9/usage/tutorials/autoscaling/microscaling-queue/ /1.9/tutorials/autoscaling/microscaling-queue/;
/1.9/usage/tutorials/autoscaling/requests-second/ /1.9/tutorials/autoscaling/requests-second/;
/1.9/usage/tutorials/create-service/ /1.9/tutorials/create-service/;
/1.9/usage/tutorials/deploy-on-marathon/ /1.9/tutorials/deploy-on-marathon/;
/1.9/usage/tutorials/docker-app/ /1.9/usage/managing-services/creating-services/deploy-docker-app/;
/1.9/usage/tutorials/inline-update/ /1.9/usage/managing-services/update-user-service/;
/1.9/usage/tutorials/iot_pipeline/ /1.9/tutorials/iot_pipeline/;
/1.9/usage/tutorials/public-app/ /1.9/usage/managing-services/expose-service/;
/1.9/usage/tutorials/registry/ https://github.com/dcos/examples/tree/master/registry/1.8;
/1.9/usage/tutorials/stateful-services/ /1.9/tutorials/stateful-services/;
/1.9/usage/tutorials/task-labels/ /1.9/tutorials/task-labels/;
/1.9/usage/webinterface/ /1.9/gui/;
/administration/ /latest/administration/;
/development/ /latest/development/;
/documentation/ /latest/;
/installing/ /latest/installing/;
/1.12/installing/ent/ /1.12/installing/;
/1.12/installing/oss/ /1.12/installing/;
/overview/components/ /1.7/overview/components/;
/release-notes/open-source-attribution/ /1.10/release-notes/open-source-attribution/;
/services/beta-cassandra/v1.0.30-3.0.13-beta/ /services/beta-cassandra/1.0.30-3.0.13-beta/;
/services/beta-cassandra/v1.0.31-3.0.13-beta/ /services/beta-cassandra/1.0.31-3.0.13-beta/;
/services/beta-cassandra/v1.0.32-3.0.14-beta/ /services/beta-cassandra/1.0.32-3.0.14-beta/;
/services/beta-elastic/v1.0.13-5.4.1-beta/ /services/beta-elastic/1.0.13-5.4.1-beta/;
/services/beta-elastic/v1.0.14-5.5.0-beta/ /services/beta-elastic/1.0.14-5.5.0-beta/;
/services/beta-elastic/v1.0.15-5.5.1-beta/ /services/beta-elastic/1.0.15-5.5.1-beta/;
/services/beta-elastic/v2.0.0-5.5.1/ /services/beta-elastic/2.0.0-5.5.1/;
/services/beta-kafka/v1.1.25-0.10.1.0-beta/ /services/beta-kafka/1.1.25-0.10.1.0-beta/;
/services/beta-kafka/v1.1.26-0.10.1.0-beta/ /services/beta-kafka/1.1.26-0.10.1.0-beta/;
~^/services/edge-lb/0.1.9/(.*)$ /services/edge-lb/0.1/$1;
~^/services/edge-lb/1.0.0/(.*)$ /services/edge-lb/1.0/$1;
/support/ https://support.mesosphere.com;
~^/docs/(.*)$ /$1;
