/documentation/ /latest/;
/administration/ /latest/administration/;
/usage/ /latest/usage/;
/development/ /latest/development/;
/support/ support.mesosphere.com;
/get-started/ /install/;
/get-started /install/;
/release-notes/open-source-attribution/ /1.10/release-notes/open-source-attribution/;
/release-notes/version-policy/ /release-notes/1.10/version-policy/;
/latest/installing/ /latest/installing/oss/;
/latest/installing/cloud/ /latest/installing/oss/cloud/;
/latest/installing/custom/ /latest/installing/oss/custom/;
/latest/installing/local/ /latest/installing/oss/local/;
/docs/1.10/administration/access-node/ /docs/1.10/administering-clusters/;
/docs/1.10/administration/access-node/sshcluster/ /docs/1.10/administering-clusters/sshcluster/;
/docs/1.10/administration/access-node/tunnel/ /docs/1.10/developing-services/tunnel/;
/docs/1.10/administration/component-management/ /docs/1.10/administering-clusters/component-management/;
/docs/1.10/administration/debugging/ /docs/1.10/usage/debugging/cli-debugging/task-exec/;
/docs/1.10/administration/debugging/quickstart/ /docs/1.10/usage/debugging/cli-debugging/task-exec/;
/docs/1.10/administration/faq/ /docs/1.10/installing/faq/;
/docs/1.10/administration/gpu/aws-install/ /docs/1.10/deploying-services/gpu/aws-install/;
/docs/1.10/administration/gpu/custom-install/ /docs/1.10/deploying-services/gpu/custom-install/;
/docs/1.10/administration/gpu/ /docs/1.10/deploying-services/gpu/;
/docs/1.10/administration/haproxy-adminrouter/ /docs/1.10/administration/tls-ssl/haproxy-adminrouter/;
/docs/1.10/administration/high-availability/ /docs/1.10/networking/high-availability/;
/docs/1.10/administration/high-availability/multi-region/ /docs/1.10/networking/high-availability/multi-region/;
/docs/1.10/administration/high-availability/multi-zone/ /docs/1.10/networking/high-availability/multi-zone/;
/docs/1.10/administration/id-and-access-mgt/add-user-script/ /docs/1.10/security/add-user-script/;
/docs/1.10/administration/id-and-access-mgt/configure-your-security/ /docs/1.10/security/configure-your-security/;
/docs/1.10/administration/id-and-access-mgt/iam-api/ /docs/1.10/security/iam-api/;
/docs/1.10/administration/id-and-access-mgt/ /docs/1.10/security/;
/docs/1.10/administration/id-and-access-mgt/managing-authentication/ /docs/1.10/security/managing-authentication/;
/docs/1.10/administration/id-and-access-mgt/user-management/ /docs/1.10/security/ent/users-groups/;
/docs/1.10/administration/ /docs/1.10/administering-clusters/;
/docs/1.10/administration/installing/cloud/aws/advanced/aws-ami/ /docs/1.10/installing/cloud/aws/advanced/aws-ami/;
/docs/1.10/administration/installing/cloud/aws/advanced/aws-custom/ /docs/1.10/administration/installing/cloud/aws/advanced/;
/docs/1.10/administration/installing/cloud/aws/advanced/ /docs/1.10/installing/cloud/aws/advanced/;
/docs/1.10/administration/installing/cloud/aws/advanced/quickstart/ /docs/1.10/administration/installing/cloud/aws/advanced/;
/docs/1.10/administration/installing/cloud/aws/advanced/system-requirements/ /docs/1.10/administration/installing/cloud/aws/advanced/;
/docs/1.10/administration/installing/cloud/aws/advanced/template-reference/ /docs/1.10/installing/cloud/aws/advanced/template-reference/;
/docs/1.10/administration/installing/cloud/aws/basic/ /docs/1.10/installing/cloud/aws/basic/;
/docs/1.10/administration/installing/cloud/aws/ /docs/1.10/installing/cloud/aws/;
/docs/1.10/administration/installing/cloud/aws/removeaws/ /docs/1.10/installing/cloud/aws/removeaws/;
/docs/1.10/administration/installing/cloud/azure/ /docs/1.10/installing/cloud/azure/;
/docs/1.10/administration/installing/cloud/digitalocean/ /docs/1.10/installing/cloud/digitalocean/;
/docs/1.10/administration/installing/cloud/gce/ /docs/1.10/installing/cloud/gce/;
/docs/1.10/administration/installing/cloud/ /docs/1.10/installing/cloud/;
/docs/1.10/administration/installing/cloud/packet/ /docs/1.10/installing/cloud/packet/;
/docs/1.10/administration/installing/custom/add-a-node/ /docs/1.10/administering-clusters/add-a-node/;
/docs/1.10/administration/installing/custom/advanced/ /docs/1.10/installing/custom/advanced/;
/docs/1.10/administration/installing/custom/cli/ /docs/1.10/installing/custom/cli/;
/docs/1.10/administration/installing/custom/configuration-parameters/ /docs/1.10/installing/custom/configuration/configuration-parameters/;
/docs/1.10/installing/custom/configuration-parameters/ /docs/1.10/installing/custom/configuration/configuration-parameters/;
/docs/1.10/administration/installing/custom/configure-proxy/ /docs/1.10/installing/custom/configure-proxy/;
/docs/1.10/administration/installing/custom/convert-agent-type/ /docs/1.10/administering-clusters/convert-agent-type/;
/docs/1.10/administration/installing/custom/gui/ /docs/1.10/installing/custom/gui/;
/docs/1.10/administration/installing/custom/ /docs/1.10/installing/custom/;
/docs/1.10/administration/installing/custom/system-requirements/ /docs/1.10/installing/custom/system-requirements/;
/docs/1.10/administration/installing/custom/system-requirements/install-docker-centos/ /docs/1.10/installing/custom/system-requirements/install-docker-centos/;
/docs/1.10/administration/installing/custom/troubleshooting/ /docs/1.10/installing/troubleshooting/;
/docs/1.10/administration/installing/custom/uninstall/ /docs/1.10/installing/custom/uninstall/;
/docs/1.10/administration/installing/deploying-a-local-dcos-universe/ /docs/1.10/administering-clusters/deploying-a-local-dcos-universe/;
/docs/1.10/administration/installing/ /docs/1.10/installing/;
/docs/1.10/administration/installing/local/ /docs/1.10/installing/local/;
/docs/1.10/administration/installing/opt-out/ /docs/1.10/installing/custom/opt-out/;
/docs/1.10/administration/installing/ports/ /docs/1.10/installing/ports/;
/docs/1.10/administration/installing/update-a-node/ /docs/1.10/administering-clusters/update-a-node/;
/docs/1.10/administration/locate-public-agent/ /docs/1.10/administering-clusters/locate-public-agent/;
/docs/1.10/administration/logging/access-component-logs/ /docs/1.10/monitoring/logging/access-component-logs/;
/docs/1.10/administration/logging/access-task-logs/ /docs/1.10/monitoring/logging/access-task-logs/;
/docs/1.10/administration/logging/aggregating/elk/ /docs/1.10/monitoring/logging/aggregating/elk/;
/docs/1.10/administration/logging/aggregating/filter-elk/ /docs/1.10/monitoring/logging/aggregating/filter-elk/;
/docs/1.10/administration/logging/aggregating/filter-splunk/ /docs/1.10/monitoring/logging/aggregating/filter-splunk/;
/docs/1.10/administration/logging/aggregating/ /docs/1.10/monitoring/logging/aggregating/;
/docs/1.10/administration/logging/aggregating/splunk/ /docs/1.10/monitoring/logging/aggregating/splunk/;
/docs/1.10/administration/logging/ /docs/1.10/monitoring/logging/;
/docs/1.10/administration/logging/logging-api/ /docs/1.10/monitoring/logging/logging-api/;
/docs/1.10/administration/logging/quickstart/ /docs/1.10/monitoring/logging/quickstart/;
/docs/1.10/administration/managing-aws/ /docs/1.10/administering-clusters/managing-aws/;
/docs/1.10/administration/metrics/ /docs/1.10/administration/monitoring/metrics/;
/docs/1.10/administration/metrics/metrics-api/ /docs/1.10/administration/monitoring/metrics/metrics-api/;
/docs/1.10/administration/metrics/quickstart/ /docs/1.10/administration/monitoring/metrics/quickstart/;
/docs/1.10/administration/monitoring/ /docs/1.10/monitoring/;
/docs/1.10/administration/monitoring/metrics/ /docs/1.10/metrics/;
/docs/1.10/administration/monitoring/metrics/metrics-api/ /docs/1.10/metrics/metrics-api/;
/docs/1.10/administration/monitoring/metrics/quickstart/ /docs/1.10/metrics/quickstart/;
/docs/1.10/administration/monitoring/nagios/ /docs/1.10/administration/monitoring/performance-monitoring/nagios/;
/docs/1.10/administration/monitoring/performance-monitoring/ /docs/1.10/monitoring/performance-monitoring/;
/docs/1.10/administration/monitoring/performance-monitoring/nagios/ /docs/1.10/monitoring/performance-monitoring/nagios/;
/docs/1.10/administration/overlay-networks/ /docs/1.10/administration/virtual-networks/;
/docs/1.10/administration/overlay-networks/ip-per-container/ /docs/1.10/administration/virtual-networks/ip-per-container/;
/docs/1.10/administration/overlay-networks/isolation/ /docs/1.10/administration/virtual-networks/isolation/;
/docs/1.10/administration/release-notes/ /docs/1.10/release-notes/;
/docs/1.10/administration/remove-agent/ /docs/1.10/remove-agent/;
/docs/1.10/administration/securing-your-cluster/ /docs/1.10/administering-clusters/securing-your-cluster/;
/docs/1.10/administration/storage/ /docs/1.10/storage/;
/docs/1.10/administration/storage/mount-disk-resources/ /docs/1.10/storage/mount-disk-resources/;
/docs/1.10/administration/storage/nfs/ /docs/1.10/storage/nfs/;
/docs/1.10/administration/tls-ssl/haproxy-adminrouter/ /docs/1.10/networking/tls-ssl/haproxy-adminrouter/;
/docs/1.10/administration/tls-ssl/ /docs/1.10/networking/tls-ssl/;
/docs/1.10/administration/upgrading/ /docs/1.10/installing/upgrading/;
/docs/1.10/administration/user-management/ /docs/1.10/administration/id-and-access-mgt/user-management/;
/docs/1.10/administration/virtual-networks/ /docs/1.10/networking/virtual-networks/;
/docs/1.10/administration/virtual-networks/ip-per-container/ /docs/1.10/networking/virtual-networks/ip-per-container/;
/docs/1.10/administration/virtual-networks/isolation/ /docs/1.10/networking/virtual-networks/isolation/;
/docs/1.10/debugging/cli-debugging/task-exec/quickstart/ /docs/1.10/monitoring/debugging/cli-debugging/task-exec/;
/docs/1.10/development/ /docs/1.10/developing-services/;
/docs/1.10/monitoring/debugging/cli-debugging/task-exec/ /docs/1.10/monitoring/debugging/task-exec/;
/docs/1.10/overview/components/ /docs/1.10/overview/architecture/components/;
/docs/1.10/overview/roadmap/ /docs/1.10/;
/docs/1.10/usage/cli/command-reference/dcos-auth/dcos-auth-list-providers/ /docs/1.10/cli/command-reference/dcos-auth/dcos-auth-list-providers/;
/docs/1.10/usage/cli/command-reference/dcos-auth/dcos-auth-login/ /docs/1.10/cli/command-reference/dcos-auth/dcos-auth-login/;
/docs/1.10/usage/cli/command-reference/dcos-auth/dcos-auth-logout/ /docs/1.10/cli/command-reference/dcos-auth/dcos-auth-logout/;
/docs/1.10/usage/cli/command-reference/dcos-auth/ /docs/1.10/cli/command-reference/dcos-auth/dcos-auth-login/;
/docs/1.10/usage/cli/command-reference/dcos-config/dcos-config-set/ /docs/1.10/cli/command-reference/dcos-config/dcos-config-set/;
/docs/1.10/usage/cli/command-reference/dcos-config/dcos-config-show/ /docs/1.10/cli/command-reference/dcos-config/dcos-config-show/;
/docs/1.10/usage/cli/command-reference/dcos-config/dcos-config-unset/ /docs/1.10/cli/command-reference/dcos-config/dcos-config-unset/;
/docs/1.10/usage/cli/command-reference/dcos-config/dcos-config-validate/ /docs/1.10/cli/command-reference/dcos-config/dcos-config-validate/;
/docs/1.10/usage/cli/command-reference/dcos-config/ /docs/1.10/cli/command-reference/dcos-config/;
/docs/1.10/usage/cli/command-reference/dcos-experimental/dcos-experimental-package-add/ /docs/1.10/cli/command-reference/dcos-experimental/dcos-experimental-package-add/;
/docs/1.10/usage/cli/command-reference/dcos-experimental/dcos-experimental-package-build/ /docs/1.10/cli/command-reference/dcos-experimental/dcos-experimental-package-build/;
/docs/1.10/usage/cli/command-reference/dcos-experimental/dcos-experimental-package-start/ /docs/1.10/cli/command-reference/dcos-experimental/dcos-experimental-package-start/;
/docs/1.10/usage/cli/command-reference/dcos-experimental/ /docs/1.10/cli/command-reference/dcos-experimental/;
/docs/1.10/usage/cli/command-reference/dcos-help/ /docs/1.10/cli/command-reference/dcos-help/;
/docs/1.10/usage/cli/command-reference/dcos-job/dcos-job-add/ /docs/1.10/cli/command-reference/dcos-job/dcos-job-add/;
/docs/1.10/usage/cli/command-reference/dcos-job/dcos-job-history/ /docs/1.10/cli/command-reference/dcos-job/dcos-job-history/;
/docs/1.10/usage/cli/command-reference/dcos-job/dcos-job-kill/ /docs/1.10/cli/command-reference/dcos-job/dcos-job-kill/;
/docs/1.10/usage/cli/command-reference/dcos-job/dcos-job-list/ /docs/1.10/cli/command-reference/dcos-job/dcos-job-list/;
/docs/1.10/usage/cli/command-reference/dcos-job/dcos-job-remove/ /docs/1.10/cli/command-reference/dcos-job/dcos-job-remove/;
/docs/1.10/usage/cli/command-reference/dcos-job/dcos-job-run/ /docs/1.10/cli/command-reference/dcos-job/dcos-job-run/;
/docs/1.10/usage/cli/command-reference/dcos-job/dcos-job-schedule-add/ /docs/1.10/cli/command-reference/dcos-job/dcos-job-schedule-add/;
/docs/1.10/usage/cli/command-reference/dcos-job/dcos-job-schedule-remove/ /docs/1.10/cli/command-reference/dcos-job/dcos-job-schedule-remove/;
/docs/1.10/usage/cli/command-reference/dcos-job/dcos-job-schedule-show/ /docs/1.10/cli/command-reference/dcos-job/dcos-job-schedule-show/;
/docs/1.10/usage/cli/command-reference/dcos-job/dcos-job-schedule-update/ /docs/1.10/cli/command-reference/dcos-job/dcos-job-schedule-update/;
/docs/1.10/usage/cli/command-reference/dcos-job/dcos-job-show-runs/ /docs/1.10/cli/command-reference/dcos-job/dcos-job-show-runs/;
/docs/1.10/usage/cli/command-reference/dcos-job/dcos-job-show/ /docs/1.10/cli/command-reference/dcos-job/dcos-job-show/;
/docs/1.10/usage/cli/command-reference/dcos-job/dcos-job-update/ /docs/1.10/cli/command-reference/dcos-job/dcos-job-update/;
/docs/1.10/usage/cli/command-reference/dcos-job/ /docs/1.10/cli/command-reference/dcos-job/;
/docs/1.10/usage/cli/command-reference/dcos-marathon/dcos-marathon-about/ /docs/1.10/cli/command-reference/dcos-marathon/dcos-marathon-about/;
/docs/1.10/usage/cli/command-reference/dcos-marathon/dcos-marathon-app-add/ /docs/1.10/cli/command-reference/dcos-marathon/dcos-marathon-app-add/;
/docs/1.10/usage/cli/command-reference/dcos-marathon/dcos-marathon-app-kill/ /docs/1.10/cli/command-reference/dcos-marathon/dcos-marathon-app-kill/;
/docs/1.10/usage/cli/command-reference/dcos-marathon/dcos-marathon-app-list/ /docs/1.10/cli/command-reference/dcos-marathon/dcos-marathon-app-list/;
/docs/1.10/usage/cli/command-reference/dcos-marathon/dcos-marathon-app-remove/ /docs/1.10/cli/command-reference/dcos-marathon/dcos-marathon-app-remove/;
/docs/1.10/usage/cli/command-reference/dcos-marathon/dcos-marathon-app-restart/ /docs/1.10/cli/command-reference/dcos-marathon/dcos-marathon-app-restart/;
/docs/1.10/usage/cli/command-reference/dcos-marathon/dcos-marathon-app-show/ /docs/1.10/cli/command-reference/dcos-marathon/dcos-marathon-app-show/;
/docs/1.10/usage/cli/command-reference/dcos-marathon/dcos-marathon-app-start/ /docs/1.10/cli/command-reference/dcos-marathon/dcos-marathon-app-start/;
/docs/1.10/usage/cli/command-reference/dcos-marathon/dcos-marathon-app-stop/ /docs/1.10/cli/command-reference/dcos-marathon/dcos-marathon-app-stop/;
/docs/1.10/usage/cli/command-reference/dcos-marathon/dcos-marathon-app-update/ /docs/1.10/cli/command-reference/dcos-marathon/dcos-marathon-app-update/;
/docs/1.10/usage/cli/command-reference/dcos-marathon/dcos-marathon-app-version-list/ /docs/1.10/cli/command-reference/dcos-marathon/dcos-marathon-app-version-list/;
/docs/1.10/usage/cli/command-reference/dcos-marathon/dcos-marathon-debug-details/ /docs/1.10/cli/command-reference/dcos-marathon/dcos-marathon-debug-details/;
/docs/1.10/usage/cli/command-reference/dcos-marathon/dcos-marathon-debug-list/ /docs/1.10/cli/command-reference/dcos-marathon/dcos-marathon-debug-list/;
/docs/1.10/usage/cli/command-reference/dcos-marathon/dcos-marathon-debug-summary/ /docs/1.10/cli/command-reference/dcos-marathon/dcos-marathon-debug-summary/;
/docs/1.10/usage/cli/command-reference/dcos-marathon/dcos-marathon-deployment-list/ /docs/1.10/cli/command-reference/dcos-marathon/dcos-marathon-deployment-list/;
/docs/1.10/usage/cli/command-reference/dcos-marathon/dcos-marathon-deployment-rollback/ /docs/1.10/cli/command-reference/dcos-marathon/dcos-marathon-deployment-rollback/;
/docs/1.10/usage/cli/command-reference/dcos-marathon/dcos-marathon-deployment-stop/ /docs/1.10/cli/command-reference/dcos-marathon/dcos-marathon-deployment-stop/;
/docs/1.10/usage/cli/command-reference/dcos-marathon/dcos-marathon-deployment-watch/ /docs/1.10/cli/command-reference/dcos-marathon/dcos-marathon-deployment-watch/;
/docs/1.10/usage/cli/command-reference/dcos-marathon/dcos-marathon-group-add/ /docs/1.10/cli/command-reference/dcos-marathon/dcos-marathon-group-add/;
/docs/1.10/usage/cli/command-reference/dcos-marathon/dcos-marathon-group-list/ /docs/1.10/cli/command-reference/dcos-marathon/dcos-marathon-group-list/;
/docs/1.10/usage/cli/command-reference/dcos-marathon/dcos-marathon-group-remove/ /docs/1.10/cli/command-reference/dcos-marathon/dcos-marathon-group-remove/;
/docs/1.10/usage/cli/command-reference/dcos-marathon/dcos-marathon-group-scale/ /docs/1.10/cli/command-reference/dcos-marathon/dcos-marathon-group-scale/;
/docs/1.10/usage/cli/command-reference/dcos-marathon/dcos-marathon-group-show/ /docs/1.10/cli/command-reference/dcos-marathon/dcos-marathon-group-show/;
/docs/1.10/usage/cli/command-reference/dcos-marathon/dcos-marathon-group-update/ /docs/1.10/cli/command-reference/dcos-marathon/dcos-marathon-group-update/;
/docs/1.10/usage/cli/command-reference/dcos-marathon/dcos-marathon-pod-add/ /docs/1.10/cli/command-reference/dcos-marathon/dcos-marathon-pod-add/;
/docs/1.10/usage/cli/command-reference/dcos-marathon/dcos-marathon-pod-kill/ /docs/1.10/cli/command-reference/dcos-marathon/dcos-marathon-pod-kill/;
/docs/1.10/usage/cli/command-reference/dcos-marathon/dcos-marathon-pod-list/ /docs/1.10/cli/command-reference/dcos-marathon/dcos-marathon-pod-list/;
/docs/1.10/usage/cli/command-reference/dcos-marathon/dcos-marathon-pod-remove/ /docs/1.10/cli/command-reference/dcos-marathon/dcos-marathon-pod-remove/;
/docs/1.10/usage/cli/command-reference/dcos-marathon/dcos-marathon-pod-show/ /docs/1.10/cli/command-reference/dcos-marathon/dcos-marathon-pod-show/;
/docs/1.10/usage/cli/command-reference/dcos-marathon/dcos-marathon-pod-update/ /docs/1.10/cli/command-reference/dcos-marathon/dcos-marathon-pod-update/;
/docs/1.10/usage/cli/command-reference/dcos-marathon/dcos-marathon-task-list/ /docs/1.10/cli/command-reference/dcos-marathon/dcos-marathon-task-list/;
/docs/1.10/usage/cli/command-reference/dcos-marathon/dcos-marathon-task-show/ /docs/1.10/cli/command-reference/dcos-marathon/dcos-marathon-task-show/;
/docs/1.10/usage/cli/command-reference/dcos-marathon/dcos-marathon-task-stop/ /docs/1.10/cli/command-reference/dcos-marathon/dcos-marathon-task-stop/;
/docs/1.10/usage/cli/command-reference/dcos-marathon/ /docs/1.10/cli/command-reference/dcos-marathon/;
/docs/1.10/usage/cli/command-reference/dcos-node/dcos-node-diagnostics-create/ /docs/1.10/cli/command-reference/dcos-node/dcos-node-diagnostics-create/;
/docs/1.10/usage/cli/command-reference/dcos-node/dcos-node-diagnostics-delete/ /docs/1.10/cli/command-reference/dcos-node/dcos-node-diagnostics-delete/;
/docs/1.10/usage/cli/command-reference/dcos-node/dcos-node-diagnostics-download/ /docs/1.10/cli/command-reference/dcos-node/dcos-node-diagnostics-download/;
/docs/1.10/usage/cli/command-reference/dcos-node/dcos-node-diagnostics/ /docs/1.10/cli/command-reference/dcos-node/dcos-node-diagnostics/;
/docs/1.10/usage/cli/command-reference/dcos-node/dcos-node-list-components/ /docs/1.10/cli/command-reference/dcos-node/dcos-node-list-components/;
/docs/1.10/usage/cli/command-reference/dcos-node/dcos-node-log/ /docs/1.10/cli/command-reference/dcos-node/dcos-node-log/;
/docs/1.10/usage/cli/command-reference/dcos-node/dcos-node-ssh/ /docs/1.10/cli/command-reference/dcos-node/dcos-node-ssh/;
/docs/1.10/usage/cli/command-reference/dcos-node/ /docs/1.10/cli/command-reference/dcos-node/;
/docs/1.10/usage/cli/command-reference/dcos-package/dcos-package-describe/ /docs/1.10/cli/command-reference/dcos-package/dcos-package-describe/;
/docs/1.10/usage/cli/command-reference/dcos-package/dcos-package-install/ /docs/1.10/cli/command-reference/dcos-package/dcos-package-install/;
/docs/1.10/usage/cli/command-reference/dcos-package/dcos-package-list/ /docs/1.10/cli/command-reference/dcos-package/dcos-package-list/;
/docs/1.10/usage/cli/command-reference/dcos-package/dcos-package-repo-add/ /docs/1.10/cli/command-reference/dcos-package/dcos-package-repo-add/;
/docs/1.10/usage/cli/command-reference/dcos-package/dcos-package-repo-list/ /docs/1.10/cli/command-reference/dcos-package/dcos-package-repo-list/;
/docs/1.10/usage/cli/command-reference/dcos-package/dcos-package-repo-remove/ /docs/1.10/cli/command-reference/dcos-package/dcos-package-repo-remove/;
/docs/1.10/usage/cli/command-reference/dcos-package/dcos-package-search/ /docs/1.10/cli/command-reference/dcos-package/dcos-package-search/;
/docs/1.10/usage/cli/command-reference/dcos-package/dcos-package-uninstall/ /docs/1.10/cli/command-reference/dcos-package/dcos-package-uninstall/;
/docs/1.10/usage/cli/command-reference/dcos-package/dcos-package-update/ /docs/1.10/cli/command-reference/dcos-package/dcos-package-update/;
/docs/1.10/usage/cli/command-reference/dcos-package/ /docs/1.10/cli/command-reference/dcos-package/;
/docs/1.10/usage/cli/command-reference/dcos-service/dcos-service-log/ /docs/1.10/cli/command-reference/dcos-service/dcos-service-log/;
/docs/1.10/usage/cli/command-reference/dcos-service/dcos-service-shutdown/ /docs/1.10/cli/command-reference/dcos-service/dcos-service-shutdown/;
/docs/1.10/usage/cli/command-reference/dcos-service/ /docs/1.10/cli/command-reference/dcos-service/;
/docs/1.10/usage/cli/command-reference/dcos-task/dcos-task-exec/ /docs/1.10/cli/command-reference/dcos-task/dcos-task-exec/;
/docs/1.10/usage/cli/command-reference/dcos-task/dcos-task-log/ /docs/1.10/cli/command-reference/dcos-task/dcos-task-log/;
/docs/1.10/usage/cli/command-reference/dcos-task/dcos-task-ls/ /docs/1.10/cli/command-reference/dcos-task/dcos-task-ls/;
/docs/1.10/usage/cli/command-reference/dcos-task/ /docs/1.10/cli/command-reference/dcos-task/;
/docs/1.10/usage/cli/command-reference/dcos/ /docs/1.10/cli/command-reference/dcos/;
/docs/1.10/usage/cli/command-reference/ /docs/1.10/cli/command-reference/;
/docs/1.10/usage/cli/configure/ /docs/1.10/cli/configure/;
/docs/1.10/usage/cli/enterprise-cli/ /docs/1.10/cli/enterprise-cli/;
/docs/1.10/usage/cli/ /docs/1.10/cli/;
/docs/1.10/usage/cli/install/ /docs/1.10/cli/install/;
/docs/1.10/usage/cli/multi-cluster-cli/ /docs/1.10/cli/multi-cluster-cli/;
/docs/1.10/usage/cli/uninstall/ /docs/1.10/cli/uninstall/;
/docs/1.10/usage/cli/update/ /docs/1.10/cli/update/;
/docs/1.10/usage/containerizers/ /docs/1.10/deploying-services/containerizers/;
/docs/1.10/usage/debugging/cli-debugging/ /docs/1.10/monitoring/debugging/cli-debugging/;
/docs/1.10/usage/debugging/cli-debugging/task-exec/ /docs/1.10/monitoring/debugging/cli-debugging/task-exec/;
/docs/1.10/usage/debugging/gui-debugging/ /docs/1.10/monitoring/debugging/gui-debugging/;
/docs/1.10/usage/debugging/ /docs/1.10/monitoring/debugging/;
/docs/1.10/usage/debugging/stuck-deployment/ /docs/1.10/monitoring/debugging/stuck-deployment/;
/docs/1.10/usage/faq/ /docs/1.10/deploying-services/faq/;
/docs/1.10/usage/gpu/ /docs/1.10/deploying-services/gpu/;
/docs/1.10/usage/gpu/limitations/ /docs/1.10/deploying-services/gpu/;
/docs/1.10/usage/ /docs/1.10/;
/docs/1.10/usage/jobs/examples/ /docs/1.10/deploying-jobs/examples/;
/docs/1.10/usage/jobs/getting-started/ /docs/1.10/deploying-jobs/quickstart/;
/docs/1.10/usage/jobs/ /docs/1.10/deploying-jobs/;
/docs/1.10/usage/managing-services/application-basics/deploy-docker-app/ /docs/1.10/deploying-services/creating-services/deploy-docker-app/;
/docs/1.10/usage/managing-services/application-basics/ /docs/1.10/deploying-services/creating-services/;
/docs/1.10/usage/managing-services/config-universe-service/ /docs/1.10/deploying-services/config-universe-service/;
/docs/1.10/usage/managing-services/config/ /docs/1.10/usage/managing-services/config-universe-service/;
/docs/1.10/usage/managing-services/developing-services/ /docs/1.10/developing-services/;
/docs/1.10/developing-services/create-package/ https://github.com/mesosphere/universe/blob/version-3.x/docs/tutorial/GetStarted.md;
/docs/1.10/developing-services/service-requirements-spec/ https://github.com/mesosphere/universe/blob/version-3.x/docs/tutorial/GetStarted.md;
/docs/1.10/developing-services/dcos-integration/ https://github.com/mesosphere/universe/blob/version-3.x/docs/tutorial/GetStarted.md;
/docs/1.10/usage/managing-services/expose-service/ /docs/1.10/deploying-services/expose-service/;
/docs/1.10/usage/managing-services/ /docs/1.10/deploying-services/;
/docs/1.10/usage/managing-services/install/ /docs/1.10/deploying-services/install/;
/docs/1.10/usage/managing-services/list/ /docs/1.10/usage/managing-services/monitoring/;
/docs/1.10/usage/managing-services/monitor-services/ /docs/1.10/deploying-services/monitor-services/;
/docs/1.10/usage/managing-services/monitoring/ /docs/1.10/usage/managing-services/monitor-services/;
/docs/1.10/usage/managing-services/package-api/ /docs/1.10/deploying-services/package-api/;
/docs/1.10/usage/managing-services/rest-api/ /docs/1.10/deploying-services/marathon-api/;
/docs/1.10/usage/managing-services/scale-service/ /docs/1.10/deploying-services/scale-service/;
/docs/1.10/usage/managing-services/service-ports/ /docs/1.10/deploying-services/service-ports/;
/docs/1.10/usage/managing-services/task-handling/configure-task-handling/ /docs/1.10/deploying-services/task-handling/configure-task-handling/;
/docs/1.10/usage/managing-services/task-handling/ /docs/1.10/deploying-services/task-handling/;
/docs/1.10/usage/managing-services/uninstall/ /docs/1.10/deploying-services/uninstall/;
/docs/1.10/usage/managing-services/update-user-service/ /docs/1.10/deploying-services/update-user-service/;
/docs/1.10/usage/marathon/application-basics/ /docs/1.10/deploying-services/creating-services/;
/docs/1.10/usage/marathon/ /docs/1.10/usage/managing-services/;
/docs/1.10/usage/marathon/ports/ /docs/1.10/usage/managing-services/ports/service-ports/;
/docs/1.10/usage/marathon/rest-api/ /docs/1.10/usage/managing-services/rest-api/;
/docs/1.10/usage/nginx.json /docs/1.10/deploying-services/creating-services/nginx.json;
/docs/1.10/usage/pods/examples/ /docs/1.10/deploying-services/pods/examples/;
/docs/1.10/usage/pods/ /docs/1.10/deploying-services/pods/;
/docs/1.10/usage/pods/pods-cli/ /docs/1.10/usage/pods/using-pods/;
/docs/1.10/usage/pods/quickstart/ /docs/1.10/deploying-services/pods/quickstart/;
/docs/1.10/usage/pods/technical-overview/ /docs/1.10/deploying-services/pods/technical-overview/;
/docs/1.10/usage/pods/using-pods/ /docs/1.10/deploying-services/pods/using-pods/;
/docs/1.10/usage/repo/ /docs/1.10/administering-clusters/repo/;
/docs/1.10/usage/service-discovery/custom-domain-service-discovery/ /docs/1.10/usage/service-discovery/mesos-dns/custom-domain-service-discovery/;
/docs/1.10/usage/service-discovery/dns-naming/ /docs/1.10/usage/service-discovery/mesos-dns/service-naming/#dns-naming;
/docs/1.10/usage/service-discovery/dns-overview/ /docs/1.10/networking/dns-/docs/1.10/overview/;
/docs/1.10/usage/service-discovery/ /docs/1.10/networking/;
/docs/1.10/usage/service-discovery/load-balancing-vips/ /docs/1.10/networking/load-balancing-vips/;
/docs/1.10/usage/service-discovery/load-balancing-vips/overlay-networks/ /docs/1.10/usage/service-discovery/load-balancing-vips/virtual-networks/;
/docs/1.10/usage/service-discovery/load-balancing-vips/virtual-ip-addresses/ /docs/1.10/networking/load-balancing-vips/virtual-ip-addresses/;
/docs/1.10/usage/service-discovery/load-balancing-vips/virtual-networks/ /docs/1.10/networking/load-balancing-vips/virtual-networks/;
/docs/1.10/usage/service-discovery/marathon-lb/advanced/ /docs/1.10/networking/marathon-lb/advanced/;
/docs/1.10/usage/service-discovery/marathon-lb/ /docs/1.10/networking/marathon-lb/;
/docs/1.10/usage/service-discovery/marathon-lb/marathon-lb-advanced-tutorial/ /docs/1.10/networking/marathon-lb/marathon-lb-advanced-tutorial/;
/docs/1.10/usage/service-discovery/marathon-lb/marathon-lb-basic-tutorial/ /docs/1.10/networking/marathon-lb/marathon-lb-basic-tutorial/;
/docs/1.10/usage/service-discovery/marathon-lb/quickstart/ /docs/1.10/usage/service-discovery/marathon-lb/marathon-lb-basic-tutorial/;
/docs/1.10/usage/service-discovery/marathon-lb/usage/ /docs/1.10/networking/marathon-lb/usage/;
/docs/1.10/usage/service-discovery/mesos-dns/custom-domain-service-discovery.md /docs/1.10/usage/service-discovery/mesos-dns/expose-mesos-zone/;
/docs/1.10/usage/service-discovery/mesos-dns/expose-mesos-zone/ /docs/1.10/networking/mesos-dns/expose-mesos-zone/;
/docs/1.10/usage/service-discovery/mesos-dns/http-interface/ /docs/1.10/networking/mesos-dns/http-interface/;
/docs/1.10/networking/mesos-dns/http-interface/ /docs/1.10/networking/mesos-dns/mesos-dns-api/;
/docs/1.10/usage/service-discovery/mesos-dns/ /docs/1.10/networking/mesos-dns/;
/docs/1.10/usage/service-discovery/mesos-dns/service-naming/ /docs/1.10/networking/mesos-dns/service-naming/;
/docs/1.10/usage/service-discovery/mesos-dns/troubleshooting/ /docs/1.10/networking/mesos-dns/troubleshooting/;
/docs/1.10/usage/storage/external-storage/ /docs/1.10/storage/external-storage/;
/docs/1.10/usage/storage/ /docs/1.10/storage/;
/docs/1.10/usage/storage/persistent-volume/ /docs/1.10/storage/persistent-volume/;
/docs/1.10/usage/tutorials/autoscaling/cpu-memory/ /docs/1.10/tutorials/autoscaling/cpu-memory/;
/docs/1.10/usage/tutorials/autoscaling/ /docs/1.10/tutorials/autoscaling/;
/docs/1.10/usage/tutorials/autoscaling/microscaling-queue/ /docs/1.10/tutorials/autoscaling/microscaling-queue/;
/docs/1.10/usage/tutorials/autoscaling/requests-second/ /docs/1.10/tutorials/autoscaling/requests-second/;
/docs/1.10/usage/tutorials/create-service/ /docs/1.10/tutorials/create-service/;
/docs/1.10/usage/tutorials/deploy-on-marathon/ /docs/1.10/tutorials/deploy-on-marathon/;
/docs/1.10/usage/tutorials/docker-app/ /docs/1.10/usage/managing-services/creating-services/deploy-docker-app/;
/docs/1.10/usage/tutorials/ /docs/1.10/tutorials/;
/docs/1.10/usage/tutorials/inline-update/ /docs/1.10/usage/managing-services/update-user-service/;
/docs/1.10/usage/tutorials/iot_pipeline/ /docs/1.10/tutorials/iot_pipeline/;
/docs/1.10/usage/tutorials/public-app/ /docs/1.10/usage/managing-services/expose-service/;
/docs/1.10/usage/tutorials/registry/ https://github.com/dcos/examples/tree/master/registry/1.8;
/docs/1.10/usage/tutorials/stateful-services/ /docs/1.10/tutorials/stateful-services/;
/docs/1.10/usage/tutorials/task-labels/ /docs/1.10/tutorials/task-labels/;
/docs/1.10/usage/webinterface/ /docs/1.10/gui/;
/brand /brand/;
/brand/index.html https://brand.ai/mesosphere/mesosphere-brand-guidelines;
/docs /docs/latest/;
/docs/ /docs/latest/;
/docs/1.7/administration/dcosarchitecture/security/ /docs/1.7/overview/;
/docs/1.7/administration/installing/custom/automated-installer/system-requirements/ /docs/1.7/administration/installing/custom/system-requirements/;
/docs/1.7/administration/security-and-authentication/ /docs/1.7/overview/security/;
/docs/1.7/administration/service-discovery/ /docs/1.7/overview/service-discovery/;
/docs/1.7/advanced-installer/create-a-script-for-ip-address-discovery/ /docs/1.7/administration/installing/custom/advanced/;
/docs/1.7/getting-started/overview/ /docs/1.7/usage/;
/docs/1.7/usage/jobs/getting-started/ /docs/1.8/usage/jobs/getting-started/;
/docs/1.7/usage/service-discovery/load-balancing-vips/virtual-ip-addresses/ /docs/1.7/usage/service-discovery/virtual-ip-addresses/;
/docs/1.7/usage/services/config/ /docs/1.7/usage/managing-services/config/;
/docs/1.7/usage/services/ /docs/1.7/usage/managing-services/;
/docs/1.7/usage/services/install/ /docs/1.7/usage/managing-services/install/;
/docs/1.7/usage/services/list/ /docs/1.7/usage/managing-services/list/;
/docs/1.7/usage/services/repo/ /docs/1.7/usage/repo/;
/docs/1.7/usage/services/uninstall/#framework-cleaner /docs/1.7/usage/managing-services/uninstall/#framework-cleaner;
/docs/1.7/usage/services/uninstall/ /docs/1.7/usage/managing-services/uninstall/;
/docs/1.7/usage/tutorials/marathon/inline-update/ /docs/1.7/usage/tutorials/marathon/;
/docs/1.7/usage/tutorials/ruby-on-rails/ /docs/1.7/usage/tutorials/;
/docs/1.8/administration/haproxy-adminrouter/ /docs/1.8/administration/tls-ssl/haproxy-adminrouter/;
/docs/1.8/administration/id-and-access-mgt/auth-api/ /docs/1.8/administration/id-and-access-mgt/iam-api/;
/docs/1.8/administration/installing/cloud/aws/advanced/aws-custom/ /docs/1.8/administration/installing/cloud/aws/advanced/;
/docs/1.8/administration/installing/cloud/aws/advanced/quickstart/ /docs/1.8/administration/installing/cloud/aws/advanced/;
/docs/1.8/administration/installing/cloud/aws/advanced/system-requirements/ /docs/1.8/administration/installing/cloud/aws/advanced/;
/docs/1.8/administration/installing/custom/create-public-agent/ /docs/1.8/administration/installing/custom/convert-agent-type/;
/docs/1.8/administration/overlay-networks/ /docs/1.8/administration/virtual-networks/;
/docs/1.8/administration/overlay-networks/ip-per-container/ /docs/1.8/administration/virtual-networks/ip-per-container/;
/docs/1.8/administration/overlay-networks/isolation/ /docs/1.8/administration/virtual-networks/isolation/;
/docs/1.8/administration/sshcluster/ /docs/1.8/administration/access-node/sshcluster/;
/docs/1.8/administration/telemetry/ /docs/1.8/overview/telemetry/;
/docs/1.8/administration/user-management/ /docs/1.8/administration/id-and-access-mgt/user-management/;
/docs/1.8/usage/managing-services/application-basics/deploy-docker-app/ /docs/1.8/usage/managing-services/creating-services/deploy-docker-app/;
/docs/1.8/usage/managing-services/application-basics/ /docs/1.8/usage/managing-services/creating-services/;
/docs/1.8/usage/managing-services/config/ /docs/1.8/usage/managing-services/config-universe-service/;
/docs/1.8/usage/managing-services/list/ /docs/1.8/usage/managing-services/monitoring/;
/docs/1.8/usage/managing-services/monitoring/ /docs/1.8/usage/managing-services/monitor-services/;
/docs/1.8/usage/marathon/application-basics/ /docs/1.8/usage/managing-services/creating-services/;
/docs/1.8/usage/marathon/ /docs/1.8/usage/managing-services/;
/docs/1.8/usage/marathon/ports/ /docs/1.8/usage/managing-services/ports/service-ports/;
/docs/1.8/usage/overlay-networks/ /docs/1.8/usage/service-discovery/load-balancing-vips/virtual-networks/;
/docs/1.8/usage/registry/ https://github.com/dcos/examples/tree/master/1.8/registry;
/docs/1.8/usage/service-discovery/custom-domain-service-discovery/ /docs/1.8/usage/service-discovery/mesos-dns/custom-domain-service-discovery/;
/docs/1.8/usage/service-discovery/dns-naming/ /docs/1.8/usage/service-discovery/mesos-dns/service-naming/#dns-naming;
/docs/1.8/usage/service-discovery/haproxy-adminrouter/ /docs/1.8/administration/haproxy-adminrouter/;
/docs/1.8/usage/service-discovery/load-balancing-vips/overlay-networks/ /docs/.8/usage/service-discovery/load-balancing-vips/virtual-networks/;
/docs/1.8/usage/service-discovery/marathon-lb/quickstart/ /docs/1.8/usage/service-discovery/marathon-lb/marathon-lb-basic-tutorial/;
/docs/1.8/usage/service-discovery/mesos-dns/custom-domain-service-discovery/ /docs/1.8/usage/service-discovery/mesos-dns/expose-mesos-zone/;
/docs/1.8/networking/mesos-dns/http-interface/ /docs/1.8/networking/mesos-dns/mesos-dns-api/;
/docs/1.8/usage/service-discovery/virtual-ip-addresses/ /docs/1.8/usage/service-discovery/load-balancing-vips/virtual-ip-addresses/;
/docs/1.8/usage/tutorials/docker-app/ /docs/1.8/usage/managing-services/creating-services/deploy-docker-app/;
/docs/1.8/usage/tutorials/inline-update/ /docs/1.8/usage/managing-services/update-user-service/;
/docs/1.8/usage/tutorials/marathon/ /docs/1.8/usage/tutorials/dcos-101/;
/docs/1.8/usage/tutorials/marathon/inline-update/ /docs/1.7/usage/tutorials/marathon/;
/docs/1.8/usage/tutorials/marathon/stateful-services/ /docs/1.7/usage/tutorials/marathon/stateful-services/;
/docs/1.8/usage/tutorials/public-app/ /docs/1.8/usage/managing-services/expose-service/;
/docs/1.8/usage/tutorials/registry/ https://github.com/dcos/examples/tree/master/1.8/registry;
/docs/1.9/administration/access-node/ /docs/1.9/administering-clusters/;
/docs/1.9/administration/access-node/sshcluster/ /docs/1.9/administering-clusters/sshcluster/;
/docs/1.9/administration/access-node/tunnel/ /docs/1.9/developing-services/tunnel/;
/docs/1.9/administration/component-management/ /docs/1.9/administering-clusters/component-management/;
/docs/1.9/administration/debugging/ /docs/1.9/usage/debugging/cli-debugging/task-exec/;
/docs/1.9/administration/debugging/quickstart/ /docs/1.9/usage/debugging/cli-debugging/task-exec/;
/docs/1.9/administration/faq/ /docs/1.9/installing/faq/;
/docs/1.9/administration/gpu/aws-install/ /docs/1.9/deploying-services/gpu/aws-install/;
/docs/1.9/administration/gpu/custom-install/ /docs/1.9/deploying-services/gpu/custom-install/;
/docs/1.9/administration/gpu/ /docs/1.9/deploying-services/gpu/;
/docs/1.9/administration/haproxy-adminrouter/ /docs/1.9/administration/tls-ssl/haproxy-adminrouter/;
/docs/1.9/administration/high-availability/ /docs/1.9/networking/high-availability/;
/docs/1.9/administration/high-availability/multi-region/ /docs/1.9/networking/high-availability/multi-region/;
/docs/1.9/administration/high-availability/multi-zone/ /docs/1.9/networking/high-availability/multi-zone/;
/docs/1.9/administration/id-and-access-mgt/add-user-script/ /docs/1.9/security/add-user-script/;
/docs/1.9/administration/id-and-access-mgt/configure-your-security/ /docs/1.9/security/configure-your-security/;
/docs/1.9/administration/id-and-access-mgt/iam-api/ /docs/1.9/security/iam-api/;
/docs/1.9/administration/id-and-access-mgt/ /docs/1.9/security/;
/docs/1.9/administration/id-and-access-mgt/managing-authentication/ /docs/1.9/security/managing-authentication/;
/docs/1.9/administration/id-and-access-mgt/user-management/ /docs/1.9/security/ent/users-groups/;
/docs/1.9/administration/ /docs/1.9/administering-clusters/;
/docs/1.9/administration/installing/cloud/aws/advanced/aws-ami/ /docs/1.9/installing/cloud/aws/advanced/aws-ami/;
/docs/1.9/administration/installing/cloud/aws/advanced/aws-custom/ /docs/1.9/administration/installing/cloud/aws/advanced/;
/docs/1.9/administration/installing/cloud/aws/advanced/ /docs/1.9/installing/cloud/aws/advanced/;
/docs/1.9/administration/installing/cloud/aws/advanced/quickstart/ /docs/1.9/administration/installing/cloud/aws/advanced/;
/docs/1.9/administration/installing/cloud/aws/advanced/system-requirements/ /docs/1.9/administration/installing/cloud/aws/advanced/;
/docs/1.9/administration/installing/cloud/aws/advanced/template-reference/ /docs/1.9/installing/cloud/aws/advanced/template-reference/;
/docs/1.9/administration/installing/cloud/aws/basic/ /docs/1.9/installing/cloud/aws/basic/;
/docs/1.9/administration/installing/cloud/aws/ /docs/1.9/installing/cloud/aws/;
/docs/1.9/administration/installing/cloud/aws/removeaws/ /docs/1.9/installing/cloud/aws/removeaws/;
/docs/1.9/administration/installing/cloud/azure/ /docs/1.9/installing/cloud/azure/;
/docs/1.9/administration/installing/cloud/digitalocean/ /docs/1.9/installing/cloud/digitalocean/;
/docs/1.9/administration/installing/cloud/gce/ /docs/1.9/installing/cloud/gce/;
/docs/1.9/administration/installing/cloud/ /docs/1.9/installing/cloud/;
/docs/1.9/administration/installing/cloud/packet/ /docs/1.9/installing/cloud/packet/;
/docs/1.9/administration/installing/custom/add-a-node/ /docs/1.9/administering-clusters/add-a-node/;
/docs/1.9/administration/installing/custom/advanced/ /docs/1.9/installing/custom/advanced/;
/docs/1.9/administration/installing/custom/cli/ /docs/1.9/installing/custom/cli/;
/docs/1.9/administration/installing/custom/configuration-parameters/ /docs/1.9/installing/custom/configuration/configuration-parameters/;
/docs/1.9/installing/custom/configuration-parameters/ /docs/1.9/installing/custom/configuration/configuration-parameters/;
/docs/1.9/administration/installing/custom/configure-proxy/ /docs/1.9/installing/custom/configure-proxy/;
/docs/1.9/administration/installing/custom/convert-agent-type/ /docs/1.9/administering-clusters/convert-agent-type/;
/docs/1.9/administration/installing/custom/gui/ /docs/1.9/installing/custom/gui/;
/docs/1.9/administration/installing/custom/ /docs/1.9/installing/custom/;
/docs/1.9/administration/installing/custom/system-requirements/ /docs/1.9/installing/custom/system-requirements/;
/docs/1.9/administration/installing/custom/system-requirements/install-docker-centos/ /docs/1.9/installing/custom/system-requirements/install-docker-centos/;
/docs/1.9/administration/installing/custom/troubleshooting/ /docs/1.9/installing/troubleshooting/;
/docs/1.9/administration/installing/custom/uninstall/ /docs/1.9/installing/custom/uninstall/;
/docs/1.9/administration/installing/deploying-a-local-dcos-universe/ /docs/1.9/administering-clusters/deploying-a-local-dcos-universe/;
/docs/1.9/administration/installing/ /docs/1.9/installing/;
/docs/1.9/administration/installing/local/ /docs/1.9/installing/local/;
/docs/1.9/administration/installing/opt-out/ /docs/1.9/installing/custom/opt-out/;
/docs/1.9/administration/installing/ports/ /docs/1.9/installing/ports/;
/docs/1.9/administration/installing/update-a-node/ /docs/1.9/administering-clusters/update-a-node/;
/docs/1.9/administration/locate-public-agent/ /docs/1.9/administering-clusters/locate-public-agent/;
/docs/1.9/administration/logging/access-component-logs/ /docs/1.9/monitoring/logging/access-component-logs/;
/docs/1.9/administration/logging/access-task-logs/ /docs/1.9/monitoring/logging/access-task-logs/;
/docs/1.9/administration/logging/aggregating/elk/ /docs/1.9/monitoring/logging/aggregating/elk/;
/docs/1.9/administration/logging/aggregating/filter-elk/ /docs/1.9/monitoring/logging/aggregating/filter-elk/;
/docs/1.9/administration/logging/aggregating/filter-splunk/ /docs/1.9/monitoring/logging/aggregating/filter-splunk/;
/docs/1.9/administration/logging/aggregating/ /docs/1.9/monitoring/logging/aggregating/;
/docs/1.9/administration/logging/aggregating/splunk/ /docs/1.9/monitoring/logging/aggregating/splunk/;
/docs/1.9/administration/logging/ /docs/1.9/monitoring/logging/;
/docs/1.9/administration/logging/logging-api/ /docs/1.9/monitoring/logging/logging-api/;
/docs/1.9/administration/logging/quickstart/ /docs/1.9/monitoring/logging/quickstart/;
/docs/1.9/administration/managing-aws/ /docs/1.9/administering-clusters/managing-aws/;
/docs/1.9/administration/metrics/ /docs/1.9/administration/monitoring/metrics/;
/docs/1.9/administration/metrics/metrics-api/ /docs/1.9/administration/monitoring/metrics/metrics-api/;
/docs/1.9/administration/metrics/quickstart/ /docs/1.9/administration/monitoring/metrics/quickstart/;
/docs/1.9/administration/monitoring/ /docs/1.9/monitoring/;
/docs/1.9/administration/monitoring/metrics/ /docs/1.9/metrics/;
/docs/1.9/administration/monitoring/metrics/metrics-api/ /docs/1.9/metrics/metrics-api/;
/docs/1.9/administration/monitoring/metrics/quickstart/ /docs/1.9/metrics/quickstart/;
/docs/1.9/administration/monitoring/nagios/ /docs/1.9/administration/monitoring/performance-monitoring/nagios/;
/docs/1.9/administration/monitoring/performance-monitoring/ /docs/1.9/monitoring/performance-monitoring/;
/docs/1.9/administration/monitoring/performance-monitoring/nagios/ /docs/1.9/monitoring/performance-monitoring/nagios/;
/docs/1.9/administration/overlay-networks/ /docs/1.9/administration/virtual-networks/;
/docs/1.9/administration/overlay-networks/ip-per-container/ /docs/1.9/administration/virtual-networks/ip-per-container/;
/docs/1.9/administration/overlay-networks/isolation/ /docs/1.9/administration/virtual-networks/isolation/;
/docs/1.9/administration/release-notes/ /docs/1.9/release-notes/;
/docs/1.9/administration/remove-agent/ /docs/1.9/remove-agent/;
/docs/1.9/administration/securing-your-cluster/ /docs/1.9/administering-clusters/securing-your-cluster/;
/docs/1.9/administration/storage/ /docs/1.9/storage/;
/docs/1.9/administration/storage/mount-disk-resources/ /docs/1.9/storage/mount-disk-resources/;
/docs/1.9/administration/storage/nfs/ /docs/1.9/storage/nfs/;
/docs/1.9/administration/tls-ssl/haproxy-adminrouter/ /docs/1.9/networking/tls-ssl/haproxy-adminrouter/;
/docs/1.9/administration/tls-ssl/ /docs/1.9/networking/tls-ssl/;
/docs/1.9/administration/upgrading/ /docs/1.9/installing/upgrading/;
/docs/1.9/administration/user-management/ /docs/1.9/administration/id-and-access-mgt/user-management/;
/docs/1.9/administration/virtual-networks/ /docs/1.9/networking/virtual-networks/;
/docs/1.9/administration/virtual-networks/ip-per-container/ /docs/1.9/networking/virtual-networks/ip-per-container/;
/docs/1.9/administration/virtual-networks/isolation/ /docs/1.9/networking/virtual-networks/isolation/;
/docs/1.9/debugging/cli-debugging/task-exec/quickstart/ /docs/1.9/monitoring/debugging/cli-debugging/task-exec/;
/docs/1.9/development/ /docs/1.9/developing-services/;
/docs/1.9/monitoring/debugging/cli-debugging/task-exec/ /docs/1.9/monitoring/debugging/task-exec/;
/docs/1.9/overview/components/ /docs/1.9/overview/architecture/components/;
/docs/1.9/overview/roadmap/ /docs/1.9/;
/docs/1.9/usage/cli/command-reference/dcos-auth/dcos-auth-list-providers/ /docs/1.9/cli/command-reference/dcos-auth/dcos-auth-list-providers/;
/docs/1.9/usage/cli/command-reference/dcos-auth/dcos-auth-login/ /docs/1.9/cli/command-reference/dcos-auth/dcos-auth-login/;
/docs/1.9/usage/cli/command-reference/dcos-auth/dcos-auth-logout/ /docs/1.9/cli/command-reference/dcos-auth/dcos-auth-logout/;
/docs/1.9/usage/cli/command-reference/dcos-auth/ /docs/1.9/cli/command-reference/dcos-auth/dcos-auth-login/;
/docs/1.9/usage/cli/command-reference/dcos-config/dcos-config-set/ /docs/1.9/cli/command-reference/dcos-config/dcos-config-set/;
/docs/1.9/usage/cli/command-reference/dcos-config/dcos-config-show/ /docs/1.9/cli/command-reference/dcos-config/dcos-config-show/;
/docs/1.9/usage/cli/command-reference/dcos-config/dcos-config-unset/ /docs/1.9/cli/command-reference/dcos-config/dcos-config-unset/;
/docs/1.9/usage/cli/command-reference/dcos-config/dcos-config-validate/ /docs/1.9/cli/command-reference/dcos-config/dcos-config-validate/;
/docs/1.9/usage/cli/command-reference/dcos-config/ /docs/1.9/cli/command-reference/dcos-config/;
/docs/1.9/usage/cli/command-reference/dcos-experimental/dcos-experimental-package-add/ /docs/1.9/cli/command-reference/dcos-experimental/dcos-experimental-package-add/;
/docs/1.9/usage/cli/command-reference/dcos-experimental/dcos-experimental-package-build/ /docs/1.9/cli/command-reference/dcos-experimental/dcos-experimental-package-build/;
/docs/1.9/usage/cli/command-reference/dcos-experimental/dcos-experimental-package-start/ /docs/1.9/cli/command-reference/dcos-experimental/dcos-experimental-package-start/;
/docs/1.9/usage/cli/command-reference/dcos-experimental/ /docs/1.9/cli/command-reference/dcos-experimental/;
/docs/1.9/usage/cli/command-reference/dcos-help/ /docs/1.9/cli/command-reference/dcos-help/;
/docs/1.9/usage/cli/command-reference/dcos-job/dcos-job-add/ /docs/1.9/cli/command-reference/dcos-job/dcos-job-add/;
/docs/1.9/usage/cli/command-reference/dcos-job/dcos-job-history/ /docs/1.9/cli/command-reference/dcos-job/dcos-job-history/;
/docs/1.9/usage/cli/command-reference/dcos-job/dcos-job-kill/ /docs/1.9/cli/command-reference/dcos-job/dcos-job-kill/;
/docs/1.9/usage/cli/command-reference/dcos-job/dcos-job-list/ /docs/1.9/cli/command-reference/dcos-job/dcos-job-list/;
/docs/1.9/usage/cli/command-reference/dcos-job/dcos-job-remove/ /docs/1.9/cli/command-reference/dcos-job/dcos-job-remove/;
/docs/1.9/usage/cli/command-reference/dcos-job/dcos-job-run/ /docs/1.9/cli/command-reference/dcos-job/dcos-job-run/;
/docs/1.9/usage/cli/command-reference/dcos-job/dcos-job-schedule-add/ /docs/1.9/cli/command-reference/dcos-job/dcos-job-schedule-add/;
/docs/1.9/usage/cli/command-reference/dcos-job/dcos-job-schedule-remove/ /docs/1.9/cli/command-reference/dcos-job/dcos-job-schedule-remove/;
/docs/1.9/usage/cli/command-reference/dcos-job/dcos-job-schedule-show/ /docs/1.9/cli/command-reference/dcos-job/dcos-job-schedule-show/;
/docs/1.9/usage/cli/command-reference/dcos-job/dcos-job-schedule-update/ /docs/1.9/cli/command-reference/dcos-job/dcos-job-schedule-update/;
/docs/1.9/usage/cli/command-reference/dcos-job/dcos-job-show-runs/ /docs/1.9/cli/command-reference/dcos-job/dcos-job-show-runs/;
/docs/1.9/usage/cli/command-reference/dcos-job/dcos-job-show/ /docs/1.9/cli/command-reference/dcos-job/dcos-job-show/;
/docs/1.9/usage/cli/command-reference/dcos-job/dcos-job-update/ /docs/1.9/cli/command-reference/dcos-job/dcos-job-update/;
/docs/1.9/usage/cli/command-reference/dcos-job/ /docs/1.9/cli/command-reference/dcos-job/;
/docs/1.9/usage/cli/command-reference/dcos-marathon/dcos-marathon-about/ /docs/1.9/cli/command-reference/dcos-marathon/dcos-marathon-about/;
/docs/1.9/usage/cli/command-reference/dcos-marathon/dcos-marathon-app-add/ /docs/1.9/cli/command-reference/dcos-marathon/dcos-marathon-app-add/;
/docs/1.9/usage/cli/command-reference/dcos-marathon/dcos-marathon-app-kill/ /docs/1.9/cli/command-reference/dcos-marathon/dcos-marathon-app-kill/;
/docs/1.9/usage/cli/command-reference/dcos-marathon/dcos-marathon-app-list/ /docs/1.9/cli/command-reference/dcos-marathon/dcos-marathon-app-list/;
/docs/1.9/usage/cli/command-reference/dcos-marathon/dcos-marathon-app-remove/ /docs/1.9/cli/command-reference/dcos-marathon/dcos-marathon-app-remove/;
/docs/1.9/usage/cli/command-reference/dcos-marathon/dcos-marathon-app-restart/ /docs/1.9/cli/command-reference/dcos-marathon/dcos-marathon-app-restart/;
/docs/1.9/usage/cli/command-reference/dcos-marathon/dcos-marathon-app-show/ /docs/1.9/cli/command-reference/dcos-marathon/dcos-marathon-app-show/;
/docs/1.9/usage/cli/command-reference/dcos-marathon/dcos-marathon-app-start/ /docs/1.9/cli/command-reference/dcos-marathon/dcos-marathon-app-start/;
/docs/1.9/usage/cli/command-reference/dcos-marathon/dcos-marathon-app-stop/ /docs/1.9/cli/command-reference/dcos-marathon/dcos-marathon-app-stop/;
/docs/1.9/usage/cli/command-reference/dcos-marathon/dcos-marathon-app-update/ /docs/1.9/cli/command-reference/dcos-marathon/dcos-marathon-app-update/;
/docs/1.9/usage/cli/command-reference/dcos-marathon/dcos-marathon-app-version-list/ /docs/1.9/cli/command-reference/dcos-marathon/dcos-marathon-app-version-list/;
/docs/1.9/usage/cli/command-reference/dcos-marathon/dcos-marathon-debug-details/ /docs/1.9/cli/command-reference/dcos-marathon/dcos-marathon-debug-details/;
/docs/1.9/usage/cli/command-reference/dcos-marathon/dcos-marathon-debug-list/ /docs/1.9/cli/command-reference/dcos-marathon/dcos-marathon-debug-list/;
/docs/1.9/usage/cli/command-reference/dcos-marathon/dcos-marathon-debug-summary/ /docs/1.9/cli/command-reference/dcos-marathon/dcos-marathon-debug-summary/;
/docs/1.9/usage/cli/command-reference/dcos-marathon/dcos-marathon-deployment-list/ /docs/1.9/cli/command-reference/dcos-marathon/dcos-marathon-deployment-list/;
/docs/1.9/usage/cli/command-reference/dcos-marathon/dcos-marathon-deployment-rollback/ /docs/1.9/cli/command-reference/dcos-marathon/dcos-marathon-deployment-rollback/;
/docs/1.9/usage/cli/command-reference/dcos-marathon/dcos-marathon-deployment-stop/ /docs/1.9/cli/command-reference/dcos-marathon/dcos-marathon-deployment-stop/;
/docs/1.9/usage/cli/command-reference/dcos-marathon/dcos-marathon-deployment-watch/ /docs/1.9/cli/command-reference/dcos-marathon/dcos-marathon-deployment-watch/;
/docs/1.9/usage/cli/command-reference/dcos-marathon/dcos-marathon-group-add/ /docs/1.9/cli/command-reference/dcos-marathon/dcos-marathon-group-add/;
/docs/1.9/usage/cli/command-reference/dcos-marathon/dcos-marathon-group-list/ /docs/1.9/cli/command-reference/dcos-marathon/dcos-marathon-group-list/;
/docs/1.9/usage/cli/command-reference/dcos-marathon/dcos-marathon-group-remove/ /docs/1.9/cli/command-reference/dcos-marathon/dcos-marathon-group-remove/;
/docs/1.9/usage/cli/command-reference/dcos-marathon/dcos-marathon-group-scale/ /docs/1.9/cli/command-reference/dcos-marathon/dcos-marathon-group-scale/;
/docs/1.9/usage/cli/command-reference/dcos-marathon/dcos-marathon-group-show/ /docs/1.9/cli/command-reference/dcos-marathon/dcos-marathon-group-show/;
/docs/1.9/usage/cli/command-reference/dcos-marathon/dcos-marathon-group-update/ /docs/1.9/cli/command-reference/dcos-marathon/dcos-marathon-group-update/;
/docs/1.9/usage/cli/command-reference/dcos-marathon/dcos-marathon-pod-add/ /docs/1.9/cli/command-reference/dcos-marathon/dcos-marathon-pod-add/;
/docs/1.9/usage/cli/command-reference/dcos-marathon/dcos-marathon-pod-kill/ /docs/1.9/cli/command-reference/dcos-marathon/dcos-marathon-pod-kill/;
/docs/1.9/usage/cli/command-reference/dcos-marathon/dcos-marathon-pod-list/ /docs/1.9/cli/command-reference/dcos-marathon/dcos-marathon-pod-list/;
/docs/1.9/usage/cli/command-reference/dcos-marathon/dcos-marathon-pod-remove/ /docs/1.9/cli/command-reference/dcos-marathon/dcos-marathon-pod-remove/;
/docs/1.9/usage/cli/command-reference/dcos-marathon/dcos-marathon-pod-show/ /docs/1.9/cli/command-reference/dcos-marathon/dcos-marathon-pod-show/;
/docs/1.9/usage/cli/command-reference/dcos-marathon/dcos-marathon-pod-update/ /docs/1.9/cli/command-reference/dcos-marathon/dcos-marathon-pod-update/;
/docs/1.9/usage/cli/command-reference/dcos-marathon/dcos-marathon-task-list/ /docs/1.9/cli/command-reference/dcos-marathon/dcos-marathon-task-list/;
/docs/1.9/usage/cli/command-reference/dcos-marathon/dcos-marathon-task-show/ /docs/1.9/cli/command-reference/dcos-marathon/dcos-marathon-task-show/;
/docs/1.9/usage/cli/command-reference/dcos-marathon/dcos-marathon-task-stop/ /docs/1.9/cli/command-reference/dcos-marathon/dcos-marathon-task-stop/;
/docs/1.9/usage/cli/command-reference/dcos-marathon/ /docs/1.9/cli/command-reference/dcos-marathon/;
/docs/1.9/usage/cli/command-reference/dcos-node/dcos-node-diagnostics-create/ /docs/1.9/cli/command-reference/dcos-node/dcos-node-diagnostics-create/;
/docs/1.9/usage/cli/command-reference/dcos-node/dcos-node-diagnostics-delete/ /docs/1.9/cli/command-reference/dcos-node/dcos-node-diagnostics-delete/;
/docs/1.9/usage/cli/command-reference/dcos-node/dcos-node-diagnostics-download/ /docs/1.9/cli/command-reference/dcos-node/dcos-node-diagnostics-download/;
/docs/1.9/usage/cli/command-reference/dcos-node/dcos-node-diagnostics/ /docs/1.9/cli/command-reference/dcos-node/dcos-node-diagnostics/;
/docs/1.9/usage/cli/command-reference/dcos-node/dcos-node-list-components/ /docs/1.9/cli/command-reference/dcos-node/dcos-node-list-components/;
/docs/1.9/usage/cli/command-reference/dcos-node/dcos-node-log/ /docs/1.9/cli/command-reference/dcos-node/dcos-node-log/;
/docs/1.9/usage/cli/command-reference/dcos-node/dcos-node-ssh/ /docs/1.9/cli/command-reference/dcos-node/dcos-node-ssh/;
/docs/1.9/usage/cli/command-reference/dcos-node/ /docs/1.9/cli/command-reference/dcos-node/;
/docs/1.9/usage/cli/command-reference/dcos-package/dcos-package-describe/ /docs/1.9/cli/command-reference/dcos-package/dcos-package-describe/;
/docs/1.9/usage/cli/command-reference/dcos-package/dcos-package-install/ /docs/1.9/cli/command-reference/dcos-package/dcos-package-install/;
/docs/1.9/usage/cli/command-reference/dcos-package/dcos-package-list/ /docs/1.9/cli/command-reference/dcos-package/dcos-package-list/;
/docs/1.9/usage/cli/command-reference/dcos-package/dcos-package-repo-add/ /docs/1.9/cli/command-reference/dcos-package/dcos-package-repo-add/;
/docs/1.9/usage/cli/command-reference/dcos-package/dcos-package-repo-list/ /docs/1.9/cli/command-reference/dcos-package/dcos-package-repo-list/;
/docs/1.9/usage/cli/command-reference/dcos-package/dcos-package-repo-remove/ /docs/1.9/cli/command-reference/dcos-package/dcos-package-repo-remove/;
/docs/1.9/usage/cli/command-reference/dcos-package/dcos-package-search/ /docs/1.9/cli/command-reference/dcos-package/dcos-package-search/;
/docs/1.9/usage/cli/command-reference/dcos-package/dcos-package-uninstall/ /docs/1.9/cli/command-reference/dcos-package/dcos-package-uninstall/;
/docs/1.9/usage/cli/command-reference/dcos-package/dcos-package-update/ /docs/1.9/cli/command-reference/dcos-package/dcos-package-update/;
/docs/1.9/usage/cli/command-reference/dcos-package/ /docs/1.9/cli/command-reference/dcos-package/;
/docs/1.9/usage/cli/command-reference/dcos-service/dcos-service-log/ /docs/1.9/cli/command-reference/dcos-service/dcos-service-log/;
/docs/1.9/usage/cli/command-reference/dcos-service/dcos-service-shutdown/ /docs/1.9/cli/command-reference/dcos-service/dcos-service-shutdown/;
/docs/1.9/usage/cli/command-reference/dcos-service/ /docs/1.9/cli/command-reference/dcos-service/;
/docs/1.9/usage/cli/command-reference/dcos-task/dcos-task-exec/ /docs/1.9/cli/command-reference/dcos-task/dcos-task-exec/;
/docs/1.9/usage/cli/command-reference/dcos-task/dcos-task-log/ /docs/1.9/cli/command-reference/dcos-task/dcos-task-log/;
/docs/1.9/usage/cli/command-reference/dcos-task/dcos-task-ls/ /docs/1.9/cli/command-reference/dcos-task/dcos-task-ls/;
/docs/1.9/usage/cli/command-reference/dcos-task/ /docs/1.9/cli/command-reference/dcos-task/;
/docs/1.9/usage/cli/command-reference/dcos/ /docs/1.9/cli/command-reference/dcos/;
/docs/1.9/usage/cli/command-reference/ /docs/1.9/cli/command-reference/;
/docs/1.9/usage/cli/configure/ /docs/1.9/cli/configure/;
/docs/1.9/usage/cli/enterprise-cli/ /docs/1.9/cli/enterprise-cli/;
/docs/1.9/usage/cli/ /docs/1.9/cli/;
/docs/1.9/usage/cli/install/ /docs/1.9/cli/install/;
/docs/1.9/usage/cli/multi-cluster-cli/ /docs/1.9/cli/multi-cluster-cli/;
/docs/1.9/usage/cli/uninstall/ /docs/1.9/cli/uninstall/;
/docs/1.9/usage/cli/update/ /docs/1.9/cli/update/;
/docs/1.9/usage/containerizers/ /docs/1.9/deploying-services/containerizers/;
/docs/1.9/usage/debugging/cli-debugging/ /docs/1.9/monitoring/debugging/cli-debugging/;
/docs/1.9/usage/debugging/cli-debugging/task-exec/ /docs/1.9/monitoring/debugging/cli-debugging/task-exec/;
/docs/1.9/usage/debugging/gui-debugging/ /docs/1.9/monitoring/debugging/gui-debugging/;
/docs/1.9/usage/debugging/ /docs/1.9/monitoring/debugging/;
/docs/1.9/usage/debugging/stuck-deployment/ /docs/1.9/monitoring/debugging/stuck-deployment/;
/docs/1.9/usage/faq/ /docs/1.9/deploying-services/faq/;
/docs/1.9/usage/gpu/ /docs/1.9/deploying-services/gpu/;
/docs/1.9/usage/gpu/limitations/ /docs/1.9/deploying-services/gpu/;
/docs/1.9/usage/ /docs/1.9/;
/docs/1.9/usage/jobs/examples/ /docs/1.9/deploying-jobs/examples/;
/docs/1.9/usage/jobs/getting-started/ /docs/1.9/deploying-jobs/quickstart/;
/docs/1.9/usage/jobs/ /docs/1.9/deploying-jobs/;
/docs/1.9/usage/managing-services/application-basics/deploy-docker-app/ /docs/1.9/deploying-services/creating-services/deploy-docker-app/;
/docs/1.9/usage/managing-services/application-basics/ /docs/1.9/deploying-services/creating-services/;
/docs/1.9/usage/managing-services/config-universe-service/ /docs/1.9/deploying-services/config-universe-service/;
/docs/1.9/usage/managing-services/config/ /docs/1.9/usage/managing-services/config-universe-service/;
/docs/1.9/usage/managing-services/developing-services/ /docs/1.9/developing-services/;
/docs/1.9/developing-services/create-package/ https://github.com/mesosphere/universe/blob/version-3.x/docs/tutorial/GetStarted.md;
/docs/1.9/developing-services/service-requirements-spec/ https://github.com/mesosphere/universe/blob/version-3.x/docs/tutorial/GetStarted.md;
/docs/1.9/developing-services/dcos-integration/ https://github.com/mesosphere/universe/blob/version-3.x/docs/tutorial/GetStarted.md;
/docs/1.9/usage/managing-services/expose-service/ /docs/1.9/deploying-services/expose-service/;
/docs/1.9/usage/managing-services/ /docs/1.9/deploying-services/;
/docs/1.9/usage/managing-services/install/ /docs/1.9/deploying-services/install/;
/docs/1.9/usage/managing-services/list/ /docs/1.9/usage/managing-services/monitoring/;
/docs/1.9/usage/managing-services/monitor-services/ /docs/1.9/deploying-services/monitor-services/;
/docs/1.9/usage/managing-services/monitoring/ /docs/1.9/usage/managing-services/monitor-services/;
/docs/1.9/usage/managing-services/package-api/ /docs/1.9/deploying-services/package-api/;
/docs/1.9/usage/managing-services/rest-api/ /docs/1.9/deploying-services/marathon-api/;
/docs/1.9/usage/managing-services/scale-service/ /docs/1.9/deploying-services/scale-service/;
/docs/1.9/usage/managing-services/service-ports/ /docs/1.9/deploying-services/service-ports/;
/docs/1.9/usage/managing-services/task-handling/configure-task-handling/ /docs/1.9/deploying-services/task-handling/configure-task-handling/;
/docs/1.9/usage/managing-services/task-handling/ /docs/1.9/deploying-services/task-handling/;
/docs/1.9/usage/managing-services/uninstall/ /docs/1.9/deploying-services/uninstall/;
/docs/1.9/usage/managing-services/update-user-service/ /docs/1.9/deploying-services/update-user-service/;
/docs/1.9/usage/marathon/application-basics/ /docs/1.9/deploying-services/creating-services/;
/docs/1.9/usage/marathon/ /docs/1.9/usage/managing-services/;
/docs/1.9/usage/marathon/ports/ /docs/1.9/usage/managing-services/ports/service-ports/;
/docs/1.9/usage/marathon/rest-api/ /docs/1.9/usage/managing-services/rest-api/;
/docs/1.9/usage/nginx.json /docs/1.9/deploying-services/creating-services/nginx.json;
/docs/1.9/usage/pods/examples/ /docs/1.9/deploying-services/pods/examples/;
/docs/1.9/usage/pods/ /docs/1.9/deploying-services/pods/;
/docs/1.9/usage/pods/pods-cli/ /docs/1.9/usage/pods/using-pods/;
/docs/1.9/usage/pods/quickstart/ /docs/1.9/deploying-services/pods/quickstart/;
/docs/1.9/usage/pods/technical-overview/ /docs/1.9/deploying-services/pods/technical-overview/;
/docs/1.9/usage/pods/using-pods/ /docs/1.9/deploying-services/pods/using-pods/;
/docs/1.9/usage/repo/ /docs/1.9/administering-clusters/repo/;
/docs/1.9/usage/service-discovery/custom-domain-service-discovery/ /docs/1.9/usage/service-discovery/mesos-dns/custom-domain-service-discovery/;
/docs/1.9/usage/service-discovery/dns-naming/ /docs/1.9/usage/service-discovery/mesos-dns/service-naming/#dns-naming;
/docs/1.9/usage/service-discovery/dns-overview/ /docs/1.9/networking/dns-/docs/1.9/overview/;
/docs/1.9/usage/service-discovery/ /docs/1.9/networking/;
/docs/1.9/usage/service-discovery/load-balancing-vips/ /docs/1.9/networking/load-balancing-vips/;
/docs/1.9/usage/service-discovery/load-balancing-vips/overlay-networks/ /docs/1.9/usage/service-discovery/load-balancing-vips/virtual-networks/;
/docs/1.9/usage/service-discovery/load-balancing-vips/virtual-ip-addresses/ /docs/1.9/networking/load-balancing-vips/virtual-ip-addresses/;
/docs/1.9/usage/service-discovery/load-balancing-vips/virtual-networks/ /docs/1.9/networking/load-balancing-vips/virtual-networks/;
/docs/1.9/usage/service-discovery/marathon-lb/advanced/ /docs/1.9/networking/marathon-lb/advanced/;
/docs/1.9/usage/service-discovery/marathon-lb/ /docs/1.9/networking/marathon-lb/;
/docs/1.9/usage/service-discovery/marathon-lb/marathon-lb-advanced-tutorial/ /docs/1.9/networking/marathon-lb/marathon-lb-advanced-tutorial/;
/docs/1.9/usage/service-discovery/marathon-lb/marathon-lb-basic-tutorial/ /docs/1.9/networking/marathon-lb/marathon-lb-basic-tutorial/;
/docs/1.9/usage/service-discovery/marathon-lb/quickstart/ /docs/1.9/usage/service-discovery/marathon-lb/marathon-lb-basic-tutorial/;
/docs/1.9/usage/service-discovery/marathon-lb/usage/ /docs/1.9/networking/marathon-lb/usage/;
/docs/1.9/usage/service-discovery/mesos-dns/custom-domain-service-discovery.md /docs/1.9/usage/service-discovery/mesos-dns/expose-mesos-zone/;
/docs/1.9/usage/service-discovery/mesos-dns/expose-mesos-zone/ /docs/1.9/networking/mesos-dns/expose-mesos-zone/;
/docs/1.9/usage/service-discovery/mesos-dns/http-interface/ /docs/1.9/networking/mesos-dns/http-interface/;
/docs/1.9/networking/mesos-dns/http-interface/ /docs/1.9/networking/mesos-dns/mesos-dns-api/;
/docs/1.9/usage/service-discovery/mesos-dns/ /docs/1.9/networking/mesos-dns/;
/docs/1.9/usage/service-discovery/mesos-dns/service-naming/ /docs/1.9/networking/mesos-dns/service-naming/;
/docs/1.9/usage/service-discovery/mesos-dns/troubleshooting/ /docs/1.9/networking/mesos-dns/troubleshooting/;
/docs/1.9/usage/storage/external-storage/ /docs/1.9/storage/external-storage/;
/docs/1.9/usage/storage/ /docs/1.9/storage/;
/docs/1.9/usage/storage/persistent-volume/ /docs/1.9/storage/persistent-volume/;
/docs/1.9/usage/tutorials/autoscaling/cpu-memory/ /docs/1.9/tutorials/autoscaling/cpu-memory/;
/docs/1.9/usage/tutorials/autoscaling/ /docs/1.9/tutorials/autoscaling/;
/docs/1.9/usage/tutorials/autoscaling/microscaling-queue/ /docs/1.9/tutorials/autoscaling/microscaling-queue/;
/docs/1.9/usage/tutorials/autoscaling/requests-second/ /docs/1.9/tutorials/autoscaling/requests-second/;
/docs/1.9/usage/tutorials/create-service/ /docs/1.9/tutorials/create-service/;
/docs/1.9/usage/tutorials/deploy-on-marathon/ /docs/1.9/tutorials/deploy-on-marathon/;
/docs/1.9/usage/tutorials/docker-app/ /docs/1.9/usage/managing-services/creating-services/deploy-docker-app/;
/docs/1.9/usage/tutorials/ /docs/1.9/tutorials/;
/docs/1.9/usage/tutorials/inline-update/ /docs/1.9/usage/managing-services/update-user-service/;
/docs/1.9/usage/tutorials/iot_pipeline/ /docs/1.9/tutorials/iot_pipeline/;
/docs/1.9/usage/tutorials/public-app/ /docs/1.9/usage/managing-services/expose-service/;
/docs/1.9/usage/tutorials/registry/ https://github.com/dcos/examples/tree/master/registry/1.8;
/docs/1.9/usage/tutorials/stateful-services/ /docs/1.9/tutorials/stateful-services/;
/docs/1.9/usage/tutorials/task-labels/ /docs/1.9/tutorials/task-labels/;
/docs/1.9/usage/webinterface/ /docs/1.9/gui/;
/docs/1.10/usage/managing-services/uninstall /docs/1.10/deploying-services/uninstall;
/overview/components/index.html /docs/1.7/overview/components/;
/service-docs /services/;
~^/docs/(?<path>.*)$ /$path;
