/wp-content/uploads/2017/08/cassandra-service-gui-1200x245.gif /services/cassandra/v1.0.25-3.0.10/img/cassandra-service-gui.png;
/wp-content/uploads/2017/08/cassandra-service-gui2-1200x254.gif /services/cassandra/v1.0.25-3.0.10/img/cassandra-service-gui2.png;
/wp-content/uploads/2017/08/cassandra-service-gui3-1200x687.gif /services/cassandra/v1.0.25-3.0.10/img/cassandra-service-gui3.png;
/wp-content/uploads/2017/09/private-nodes-by-agent-1200x1553.png /services/beta-elastic/v1.0.13-5.4.1-beta/img/private-nodes-by-agent.png;
/wp-content/uploads/2017/09/private-node-by-vip-1200x1553.png /services/beta-elastic/v1.0.13-5.4.1-beta/img/private-node-by-vip.png;
/wp-content/uploads/2017/08/velocity-add-slave-info.png /services/jenkins/img/velocity-add-slave-info.png;
/wp-content/uploads/2017/08/velocity-jenkins-slave-info.png /services/jenkins/img/velocity-jenkins-slave-info.png;
/wp-content/uploads/2017/08/velocity-docker-containerizer-settings.png /services/jenkins/img/velocity-docker-containerizer-settings.png;
/wp-content/uploads/2017/08/velocity-job-build-label-string.png /services/jenkins/img/velocity-job-build-label-string.png;
/wp-content/uploads/2017/08/dcos-jenkins-manage-jenkins.png /services/jenkins/img/dcos-jenkins-manage-jenkins.png;
/wp-content/uploads/2017/08/dcos-jenkins-configure-system.png /services/jenkins/img/dcos-jenkins-configure-system.png;
/wp-content/uploads/2017/08/dcos-jenkins-cloud-advanced.png /services/jenkins/img/dcos-jenkins-cloud-advanced.png;
/wp-content/uploads/2017/08/dcos-jenkins-slave-info-advanced.png /services/jenkins/img/dcos-jenkins-slave-info-advanced.png;
/wp-content/uploads/2017/08/dcos-jenkins-slave-info-parameters.png /services/jenkins/img/dcos-jenkins-slave-info-parameters.png;
/wp-content/uploads/2017/08/dcos-jenkins-docker-extra-opts.png /services/jenkins/img/dcos-jenkins-docker-extra-opts.png;
/wp-content/uploads/2017/08/velocity-jobdsl-seed-job-1200x473.png /services/jenkins/img/velocity-jobdsl-seed-job.png;
/wp-content/uploads/2017/08/velocity-jobdsl-add-build-step-1200x420.png /services/jenkins/img/velocity-jobdsl-add-build-step.png;
/wp-content/uploads/2017/08/velocity-jobdsl-seed-overview-1200x473.png /services/jenkins/img/velocity-jobdsl-seed-overview.png;
/wp-content/uploads/2017/08/velocity-jobdsl-seed-overview-generated-1200x473.png /services/jenkins/img/velocity-jobdsl-seed-overview-generated.png;
/wp-content/uploads/2017/08/velocity-jobdsl-generated-overview-1200x473.png /services/jenkins/img/velocity-jobdsl-generated-overview.png;
/wp-content/uploads/2017/08/velocity-jobdsl-generated-console-1200x616.png /services/jenkins/img/velocity-jobdsl-generated-console.png;
/wp-content/uploads/2017/08/velocity-jobdsl-generated-per-branch-1200x568.png /services/jenkins/img/velocity-jobdsl-generated-per-branch.png;
/wp-content/uploads/2017/09/x-pack.png /services/beta-elastic/v1.0.13-5.4.1-beta/img/x-pack.png;
/wp-content/uploads/2017/09/hdfs-service-gui-1200x687.gif /services/beta-hdfs/v1.3.2-2.6.0-cdh5.9.1-beta/img/hdfs-service-gui.png;
/wp-content/uploads/2017/09/hdfs-service-gui2-1200x686.gif /services/beta-hdfs/v1.3.2-2.6.0-cdh5.9.1-beta/img/hdfs-service-gui2.png;
/wp-content/uploads/2017/09/hdfs-service-gui3-1200x687.gif /services/beta-hdfs/v1.3.2-2.6.0-cdh5.9.1-beta/img/hdfs-service-gui3.png;
/wp-content/uploads/2017/08/add-jenkins-credential-1200x621.png /services/jenkins/img/add-jenkins-credential.png;
/wp-content/uploads/2017/09/spark-gui-install-1-1200x686.gif /services/spark/v1.1.0-2.1.1/img/spark-gui-install.png;
/wp-content/uploads/2017/08/kafka-service-gui-1200x245.gif /services/kafka/v1.1.19.1-0.10.1.0/img/kafka-service-gui.png;
/wp-content/uploads/2017/08/kafka-service-gui2-1200x255.gif /services/kafka/v1.1.19.1-0.10.1.0/img/kafka-service-gui2.png;
/wp-content/uploads/2017/08/kafka-service-gui3-1200x689.gif /services/kafka/v1.1.19.1-0.10.1.0/img/kafka-service-gui3.png;
/wp-content/uploads/2017/09/spark-gui-install-1200x686.gif /services/spark/v1.1.0-2.1.1/img/spark-gui-install.png;
/wp-content/uploads/2017/08/spark-gui-install-1-1200x686.gif /services/spark/v1.1.0-2.1.1/img/spark-gui-install.png;
/wp-content/uploads/2017/08/spark-gui-install-1200x686.gif /services/spark/v1.1.0-2.1.1/img/spark-gui-install.png;
/wp-content/uploads/2017/08/private-nodes-by-agent-4-1200x1553.png /services/beta-elastic/v1.0.13-5.4.1-beta/img/private-nodes-by-agent.png;
/wp-content/uploads/2017/08/private-node-by-vip-4-1200x1553.png /services/beta-elastic/v1.0.13-5.4.1-beta/img/private-node-by-vip.png;
/wp-content/uploads/2017/08/hdfs-service-gui2-3-1200x686.gif /services/beta-hdfs/v1.3.2-2.6.0-cdh5.9.1-beta/img/hdfs-service-gui2.png;
/wp-content/uploads/2017/08/hdfs-service-gui3-3-1200x687.gif /services/beta-hdfs/v1.3.2-2.6.0-cdh5.9.1-beta/img/hdfs-service-gui3.png;
/wp-content/uploads/2017/08/dcos-architecture-distributed-process-management-concept-1-1200x755.png /docs/1.7/overview/img/dcos-architecture-distributed-process-management-concept.png;
/wp-content/uploads/2017/08/dcos-architecture-distributed-process-management-seq-diagram-1-1200x726.png /docs/1.7/overview/img/dcos-architecture-distributed-process-management-seq-diagram.png;
/wp-content/uploads/2017/08/aws-advanced-1-1-1200x734.png /docs/1.7/administration/installing/ent/cloud/aws/advanced/img/aws-advanced-1.png;
/wp-content/uploads/2017/08/aws-advanced-2-1-1200x596.png /docs/1.7/administration/installing/ent/cloud/aws/advanced/img/aws-advanced-2.png;
/wp-content/uploads/2017/08/dcos-aws-step2c-2-1200x655.gif /docs/1.7/administration/installing/ent/cloud/aws/advanced/img/dcos-aws-step2c.png;
/wp-content/uploads/2017/08/logstash-fields-2-1200x477.png /docs/1.7/administration/logging/img/logstash-fields.png;
/wp-content/uploads/2017/08/logstash-framework-search-2-1200x574.png /docs/1.7/administration/logging/img/logstash-framework-search.png;
/wp-content/uploads/2017/08/splunk-fields-2-1200x380.png /docs/1.7/administration/logging/img/splunk-fields.png;
/wp-content/uploads/2017/08/splunk-framework-search-2-1200x562.png /docs/1.7/administration/logging/img/splunk-framework-search.png;
/wp-content/uploads/2017/08/mesos-dns-1-1200x563.png /docs/1.7/usage/service-discovery/mesos-dns/img/mesos-dns.png;
/wp-content/uploads/2017/08/lb1-1-1200x1038.png /docs/1.7/usage/service-discovery/marathon-lb/img/lb1.png;
/wp-content/uploads/2017/08/marathon-lb-autoscale-1-1-1200x1069.png /docs/1.7/usage/tutorials/autoscaling/img/marathon-lb-autoscale-1.png;
/wp-content/uploads/2017/08/dcos-offers-1-1200x739.png /docs/1.9/img/dcos-offers.png;
/wp-content/uploads/2017/08/dcos-dash-1-1200x532.png /docs/1.9/img/dcos-dash.png;
/wp-content/uploads/2017/08/dcos-create-1-1200x671.png /docs/1.9/img/dcos-create.png;
/wp-content/uploads/2017/08/ui-marathon-running-services-1-1200x608.png /docs/1.7/usage/service-discovery/img/ui-marathon-running-services.png;
/wp-content/uploads/2017/08/version-policy-2-2-1200x737.png /docs/1.9/img/version-policy-2.png;
/wp-content/uploads/2017/08/ui-installer-auth2-3-1200x770.png /docs/1.9/img/ui-installer-auth2.png;
/wp-content/uploads/2017/08/dashboard-ee-4-1200x690.gif /docs/1.9/img/ui-dashboard-ee.png;
/wp-content/uploads/2017/08/dcos-architecture-distributed-process-management-concept-3-1200x755.png /docs/1.9/img/dcos-architecture-distributed-process-management-concept.png;
/wp-content/uploads/2017/08/dcos-architecture-distributed-process-management-seq-diagram-3-1200x726.png /docs/1.9/img/dcos-architecture-distributed-process-management-seq-diagram.png;
/wp-content/uploads/2017/08/gui-installer-begin-ee-2-1200x659.gif /docs/1.9/installing/img/gui-installer-begin-ee.png;
/wp-content/uploads/2017/08/dcos-aws-step2c-3-1200x550.png /docs/1.9/img/dcos-aws-step2c.png;
/wp-content/uploads/2017/08/tweeter-services6-ee-1-1200x687.gif /docs/1.9/img/tweeter-services6-ee.png;
/wp-content/uploads/2017/08/jobs-ee-1200x688.gif /docs/1.9/img/jobs-ee.png;
/wp-content/uploads/2017/08/tweeter-services8-ee-1-1200x688.gif /docs/1.9/img/tweeter-services8-ee.png;
/wp-content/uploads/2017/08/security-1200x688.gif /docs/1.9/img/security.png;
/wp-content/uploads/2017/08/system-overview-1200x688.gif /docs/1.9/img/system-overview.png;
/wp-content/uploads/2017/08/package-repositories-1200x688.gif /docs/1.9/img/package-repositories.png;
/wp-content/uploads/2017/08/service-group4-2-1200x688.gif /docs/1.9/img/service-group4.png;
/wp-content/uploads/2017/08/aws-advanced-1-5-1200x734.png /docs/1.9/img/aws-advanced-1.png;
/wp-content/uploads/2017/08/aws-advanced-2-5-1200x596.png /docs/1.9/img/aws-advanced-2.png;
/wp-content/uploads/2017/08/install-cli-1-1200x686.gif /docs/1.9/img/install-cli.png;
/wp-content/uploads/2017/08/install-cli-terminal-1-1200x738.gif /docs/1.9/img/install-cli-terminal.png;
/wp-content/uploads/2017/08/ssh-node-id-2-1200x687.gif /docs/1.9/img/ssh-node-id.png;
/wp-content/uploads/2017/08/lb1-3-1200x1038.png /docs/1.9/img/lb1.png;
/wp-content/uploads/2017/08/mesos-dns-3-1200x563.png /docs/1.9/img/mesos-dns.png;
/wp-content/uploads/2017/08/vip-service-definition-1200x689.gif /docs/1.9/img/vip-service-definition.png;
/wp-content/uploads/2017/08/vip-service-definition-output-1200x686.gif /docs/1.9/img/vip-service-definition-output.png;
/wp-content/uploads/2017/08/vip-service-details-1200x686.gif /docs/1.9/img/vip-service-details.png;
/wp-content/uploads/2017/08/nginx-external-gui-2-1200x434.gif /docs/1.9/img/nginx-external-gui.png;
/wp-content/uploads/2017/08/overlay-network-address-space-2-1200x307.png /docs/1.9/img/overlay-network-address-space.png;
/wp-content/uploads/2017/08/dockerhub-2-1200x536.png /docs/1.9/img/dockerhub.png;
/wp-content/uploads/2017/08/healthy-dcos-website-1-1200x675.gif /docs/1.9/img/healthy-dcos-website.png;
/wp-content/uploads/2017/08/overlay-networks-2-1200x599.png /docs/1.9/img/overlay-networks.png;
/wp-content/uploads/2017/08/authn-user-1-1200x917.gif /docs/1.9/img/authn-user.png;
/wp-content/uploads/2017/08/authz-1-1200x864.gif /docs/1.9/img/authz.png;
/wp-content/uploads/2017/08/services-tab-user-1-1200x688.gif /docs/1.9/img/services-tab-user.png;
/wp-content/uploads/2017/08/services-tab-user3-1-1200x686.gif /docs/1.9/img/services-tab-user3.png;
/wp-content/uploads/2017/08/service-group3-2-1200x689.gif /docs/1.9/img/service-group3.png;
/wp-content/uploads/2017/08/ldap-group-import-1-1200x686.gif /docs/1.9/img/ldap-group-import.png;
/wp-content/uploads/2017/08/new-service-account-button-1-1200x688.gif /docs/1.9/img/new-service-account-button.png;
/wp-content/uploads/2017/08/create-service-account-1-1200x688.gif /docs/1.9/img/create-service-account.png;
/wp-content/uploads/2017/08/add-service-account-permission-1-1200x687.gif /docs/1.9/img/add-service-account-permission.png;
/wp-content/uploads/2017/08/service-account-permission-string-1-1200x688.gif /docs/1.9/img/service-account-permission-string.png;
/wp-content/uploads/2017/08/datadog-package-1-1200x687.gif /docs/1.9/img/datadog-package.png;
/wp-content/uploads/2017/08/component-system-view-1-1200x688.gif /docs/1.9/img/component-system-view.png;
/wp-content/uploads/2017/08/component-node-detail-2-1200x687.gif /docs/1.9/img/component-node-detail.png;
/wp-content/uploads/2017/08/component-node-output-2-1200x686.gif /docs/1.9/img/component-node-output.png;
/wp-content/uploads/2017/08/service-group1-2-1200x685.gif /docs/1.9/img/service-group1.png;
/wp-content/uploads/2017/08/service-group2-2-1200x688.gif /docs/1.9/img/service-group2.png;
/wp-content/uploads/2017/08/service-group5-2-1200x687.gif /docs/1.9/img/service-group5.png;
/wp-content/uploads/2017/08/service-group7-2-1200x686.gif /docs/1.9/img/service-group7.png;
/wp-content/uploads/2017/08/service-group8-2-1200x687.gif /docs/1.9/img/service-group8.png;
/wp-content/uploads/2017/08/service-group9-2-1200x686.gif /docs/1.9/img/service-group9.png;
/wp-content/uploads/2017/08/service-group10-2-1200x687.gif /docs/1.9/img/service-group10.png;
/wp-content/uploads/2017/08/service-group15-1-1200x688.gif /docs/1.9/img/service-group15.png;
/wp-content/uploads/2017/08/service-group-nginx-2-1200x696.gif /docs/1.9/img/new-user-alice-service-group.png;
/wp-content/uploads/2017/08/service-group14-2-1200x688.gif /docs/1.9/img/service-group14.png;
/wp-content/uploads/2017/08/new-user-group-1-1200x688.gif /docs/1.9/img/new-user-group.png;
/wp-content/uploads/2017/08/new-user-group-prod-1-1200x687.gif /docs/1.9/img/new-user-group-prod.png;
/wp-content/uploads/2017/08/new-user-group-prod-permission-1-1200x689.gif /docs/1.9/img/new-user-group-prod-permission.png;
/wp-content/uploads/2017/08/new-user-group-prod-permission-string-1-1200x689.gif /docs/1.9/img/new-user-group-prod-permission-string.png;
/wp-content/uploads/2017/08/new-user-group-prod-permission-done-1200x688.gif /docs/1.9/img/new-user-group-prod-permission-done.png;
/wp-content/uploads/2017/08/new-user-generic-1-1200x686.gif /docs/1.9/img/new-user-generic.png;
/wp-content/uploads/2017/08/new-user-alice-add-group-1-1200x687.gif /docs/1.9/img/new-user-alice-add-group.png;
/wp-content/uploads/2017/08/new-user-alice-service-group-1-1200x678.gif /docs/1.9/img/new-user-alice-service-group.png;
/wp-content/uploads/2017/08/new-user-alice-service-done-1-1200x688.gif /docs/1.9/img/new-user-alice-service-done.png;
/wp-content/uploads/2017/08/logstash-fields-4-1200x477.png /docs/1.9/img/logstash-fields.png;
/wp-content/uploads/2017/08/logstash-framework-search-4-1200x574.png /docs/1.9/img/logstash-framework-search.png;
/wp-content/uploads/2017/08/ui-system-health-logging-9-1200x687.gif /docs/1.9/img/ui-system-health-logging.png;
/wp-content/uploads/2017/08/create-job-1-1200x687.gif /docs/1.9/img/create-job.png;
/wp-content/uploads/2017/08/splunk-fields-4-1200x380.png /docs/1.9/img/splunk-fields.png;
/wp-content/uploads/2017/08/splunk-framework-search-4-1200x562.png /docs/1.9/img/splunk-framework-search.png;
/wp-content/uploads/2017/08/permission-user-1200x688.gif /docs/1.9/img/permission-user.png;
/wp-content/uploads/2017/08/comp-log-perms-1-1200x686.gif /docs/1.9/img/comp-log-perms.png;
/wp-content/uploads/2017/08/comp-log-perms-done-1-1200x688.gif /docs/1.9/img/comp-log-perms-done.png;
/wp-content/uploads/2017/08/gear-services-1-1200x688.gif /docs/1.9/img/gear-services.png;
/wp-content/uploads/2017/08/scale-services-1-1200x686.gif /docs/1.9/img/post-scale-services.png;
/wp-content/uploads/2017/08/post-scale-services-1-1200x685.gif /docs/1.9/img/post-scale-services.png;
/wp-content/uploads/2017/08/mom-marathon-gui-1-1200x688.gif /docs/1.9/img/mom-marathon-gui.png;
/wp-content/uploads/2017/08/job-ex1-1-1200x688.gif /docs/1.9/img/chronosnewjob.png;
/wp-content/uploads/2017/08/job-ex2-1-1200x687.gif /docs/1.9/img/chronosnewjob.png;
/wp-content/uploads/2017/08/job-ex3-1-1200x687.gif /docs/1.9/img/chronosnewjob.png;
/wp-content/uploads/2017/08/job-ex4-1-1200x687.gif /docs/1.9/img/chronosnewjob.png;
/wp-content/uploads/2017/08/job-ex5-1-1200x686.gif /docs/1.9/img/chronosnewjob.png;
/wp-content/uploads/2017/08/job-ex6-1-1200x687.gif /docs/1.9/img/chronosnewjob.png;
/wp-content/uploads/2017/08/run-a-service-1-1200x688.gif /docs/1.9/img/run-a-service.png;
/wp-content/uploads/2017/08/tweeter-services6-1-1200x686.gif /docs/1.9/img/tweeter-services6.png;
/wp-content/uploads/2017/08/deploy-svs-ui-1-1200x687.gif /docs/1.9/img/deploy-svs-ui.png;
/wp-content/uploads/2017/08/svc-running-ui-1-1200x686.gif /docs/1.9/img/svc-running-ui.png;
/wp-content/uploads/2017/08/deploy-container-ui-1-1200x767.gif /docs/1.9/img/deploy-container-ui.png;
/wp-content/uploads/2017/08/container-running-ui-1-1200x787.gif /docs/1.9/img/container-running-ui.png;
/wp-content/uploads/2017/08/health-check-gui-1-1200x689.gif /docs/1.9/img/health-check-gui.png;
/wp-content/uploads/2017/08/job-label-1-1200x694.gif /docs/1.9/img/job-label.png;
/wp-content/uploads/2017/08/dcos-architecture-distributed-process-management-concept-2-1200x755.png /docs/1.8/overview/img/dcos-architecture-distributed-process-management-concept.png;
/wp-content/uploads/2017/08/dcos-architecture-distributed-process-management-seq-diagram-2-1200x726.png /docs/1.8/overview/img/dcos-architecture-distributed-process-management-seq-diagram.png;
/wp-content/uploads/2017/08/tweeter-services1-ee-1-1200x688.gif /docs/1.9/img/tweeter-services1-ee.png;
/wp-content/uploads/2017/08/tweeter-services2-ee-1-1200x686.gif /docs/1.9/img/tweeter-services2-ee.png;
/wp-content/uploads/2017/08/tweeter-services3-ee-1-1200x686.gif /docs/1.9/img/tweeter-services3-ee.png;
/wp-content/uploads/2017/08/tweeter-services4-ee-1-1200x687.gif /docs/1.9/img/tweeter-services4-ee.png;
/wp-content/uploads/2017/08/tweeter-services7-ee-1-1200x687.gif /docs/1.9/img/tweeter-services7-ee.png;
/wp-content/uploads/2017/08/tweeter-shakespeare-1-1200x689.gif /docs/1.9/img/tweeter-shakespeare.png;
/wp-content/uploads/2017/08/top-tweeters-2-1200x593.png /docs/1.9/img/top-tweeters.png;
/wp-content/uploads/2017/08/ui-installer-auth2-2-1200x770.png /docs/1.8/administration/installing/ent/custom/img/ui-installer-auth2.png;
/wp-content/uploads/2017/08/dashboard-ee-2-1200x934.gif /docs/1.8/administration/installing/oss/custom/img/ui-dashboard-ee.png;
/wp-content/uploads/2017/08/dcos-velocity-jenkins-ui-1-1200x686.gif /docs/1.9/img/dcos-velocity-jenkins-ui.png;
/wp-content/uploads/2017/08/dcos-jenkins-new-freestyle-2-1200x263.png /docs/1.9/img/dcos-jenkins-new-freestyle.png;
/wp-content/uploads/2017/08/dcos-jenkins-repourl-2-1200x278.png /docs/1.9/img/dcos-jenkins-repourl.png;
/wp-content/uploads/2017/08/dcos-velocity-marathon-config-2-1200x673.png /docs/1.9/img/dcos-velocity-marathon-config.png;
/wp-content/uploads/2017/08/dcos-jenkins-build-now-2-1200x336.png /docs/1.9/img/dcos-jenkins-build-now.png;
/wp-content/uploads/2017/08/dcos-jekyll-site1-2-1200x470.png /docs/1.9/img/dcos-jekyll-site1.png;
/wp-content/uploads/2017/08/dcos-jekyll-updated-2-1200x583.png /docs/1.9/img/dcos-jekyll-updated.png;
/wp-content/uploads/2017/08/dcos-aws-step2c-4-1200x655.gif /docs/1.8/administration/installing/ent/cloud/aws/advanced/img/dcos-aws-step2c.png;
/wp-content/uploads/2017/08/dashboard-ee-1-1200x789.gif /docs/1.8/administration/installing/oss/custom/img/ui-dashboard-ee.png;
/wp-content/uploads/2017/08/ui-installer-preflight-1-1200x703.gif /docs/1.8/administration/installing/ent/custom/img/ui-installer-preflight.png;
/wp-content/uploads/2017/08/aws-advanced-1-4-1200x734.png /docs/1.8/administration/installing/ent/cloud/aws/advanced/img/aws-advanced-1.png;
/wp-content/uploads/2017/08/aws-advanced-2-4-1200x596.png /docs/1.8/administration/installing/ent/cloud/aws/advanced/img/aws-advanced-2.png;
/wp-content/uploads/2017/08/iam-overview-1-1200x898.png /docs/1.8/administration/id-and-access-mgt/ent/img/iam-overview.png;
/wp-content/uploads/2017/08/ldap-group-import-1200x1120.png /docs/1.8/administration/id-and-access-mgt/ent/users-groups/img/ldap-group-import.png;
/wp-content/uploads/2017/08/dcos-exhibitor-fields-before-1200x282.png /docs/1.8/administration/installing/ent/cloud/aws/img/dcos-exhibitor-fields-before.png;
/wp-content/uploads/2017/08/dcos-exhibitor-fields-before-2-1200x255.png /docs/1.8/administration/installing/ent/cloud/aws/img/dcos-exhibitor-fields-before.png;
/wp-content/uploads/2017/08/dcos-exhibitor-fields-after-1200x288.png /docs/1.8/administration/installing/ent/cloud/aws/img/dcos-exhibitor-fields-after.png;
/wp-content/uploads/2017/08/dcos-exhibitor-fields-after-2-1200x197.png /docs/1.8/administration/installing/ent/cloud/aws/img/dcos-exhibitor-fields-after.png;
/wp-content/uploads/2017/08/logstash-fields-3-1200x477.png /docs/1.8/administration/logging/img/logstash-fields.png;
/wp-content/uploads/2017/08/logstash-framework-search-3-1200x574.png /docs/1.8/administration/logging/img/logstash-framework-search.png;
/wp-content/uploads/2017/08/splunk-fields-3-1200x380.png /docs/1.8/administration/logging/img/splunk-fields.png;
/wp-content/uploads/2017/08/splunk-framework-search-3-1200x562.png /docs/1.8/administration/logging/img/splunk-framework-search.png;
/wp-content/uploads/2017/08/service-group1-1-1200x747.gif /docs/1.8/administration/id-and-access-mgt/ent/img/service-group1.png;
/wp-content/uploads/2017/08/service-group2-1-1200x741.gif /docs/1.8/administration/id-and-access-mgt/ent/img/service-group2.png;
/wp-content/uploads/2017/08/service-group3-1-1200x741.gif /docs/1.8/administration/id-and-access-mgt/ent/img/service-group3.png;
/wp-content/uploads/2017/08/service-group4-1-1200x743.gif /docs/1.8/administration/id-and-access-mgt/ent/img/service-group4.png;
/wp-content/uploads/2017/08/service-group5-1-1200x741.gif /docs/1.8/administration/id-and-access-mgt/ent/img/service-group5.png;
/wp-content/uploads/2017/08/service-group6-1200x740.gif /docs/1.8/administration/id-and-access-mgt/ent/img/service-group6.png;
/wp-content/uploads/2017/08/service-group7-1-1200x744.gif /docs/1.8/administration/id-and-access-mgt/ent/img/service-group7.png;
/wp-content/uploads/2017/08/service-group8-1-1200x743.gif /docs/1.8/administration/id-and-access-mgt/ent/img/service-group8.png;
/wp-content/uploads/2017/08/service-group9-1-1200x743.gif /docs/1.8/administration/id-and-access-mgt/ent/img/service-group9.png;
/wp-content/uploads/2017/08/service-group10-1-1200x744.gif /docs/1.8/administration/id-and-access-mgt/ent/img/service-group10.png;
/wp-content/uploads/2017/08/service-group11-1-1200x742.gif /docs/1.8/administration/id-and-access-mgt/ent/img/service-group11.png;
/wp-content/uploads/2017/08/service-group12-1-1200x742.gif /docs/1.8/administration/id-and-access-mgt/ent/img/service-group12.png;
/wp-content/uploads/2017/08/service-group13-1-1200x744.gif /docs/1.8/administration/id-and-access-mgt/ent/img/service-group13.png;
/wp-content/uploads/2017/08/service-group14-1-1200x743.gif /docs/1.8/administration/id-and-access-mgt/ent/img/service-group14.png;
/wp-content/uploads/2017/08/ssh-node-id-1-1200x728.gif /docs/1.8/administration/access-node/img/ssh-node-id.png;
/wp-content/uploads/2017/08/overlay-network-address-space-1-1200x307.png /docs/1.8/administration/virtual-networks/img/overlay-network-address-space.png;
/wp-content/uploads/2017/08/dashboard-ee-3-1200x934.gif /docs/1.8/administration/installing/oss/custom/img/ui-dashboard-ee.png;
/wp-content/uploads/2017/08/lb1-2-1200x1038.png /docs/1.8/usage/service-discovery/marathon-lb/img/lb1.png;
/wp-content/uploads/2017/08/overlay-networks-1-1200x599.png /docs/1.8/administration/virtual-networks/img/overlay-networks.png;
/wp-content/uploads/2017/08/dockerhub-1-1200x536.png /docs/1.8/usage/tutorials/img/dockerhub.png;
/wp-content/uploads/2017/08/healthy-dcos-website-1200x622.png /docs/1.8/usage/tutorials/img/healthy-dcos-website.png;
/wp-content/uploads/2017/08/mesos-dns-2-1200x563.png /docs/1.8/usage/service-discovery/mesos-dns/img/mesos-dns.png;
/wp-content/uploads/2017/08/cust-domain-3-1200x575.png /docs/1.8/usage/service-discovery/img/cust-domain.png;
/wp-content/uploads/2017/08/nginx-external-gui-1-1200x818.gif /docs/1.8/usage/service-discovery/marathon-lb/img/nginx-external-gui.png;
/wp-content/uploads/2017/08/dcos-velocity-jenkins-ui-1200x773.png /docs/1.8/usage/tutorials/img/dcos-velocity-jenkins-ui.png;
/wp-content/uploads/2017/08/dcos-jenkins-new-freestyle-1-1200x263.png /docs/1.8/usage/tutorials/img/dcos-jenkins-new-freestyle.png;
/wp-content/uploads/2017/08/dcos-jenkins-repourl-1-1200x278.png /docs/1.8/usage/tutorials/img/dcos-jenkins-repourl.png;
/wp-content/uploads/2017/08/dcos-jenkins-bindings-1-1200x534.png /docs/1.8/usage/tutorials/img/dcos-jenkins-bindings.png;
/wp-content/uploads/2017/08/dcos-jenkins-exec-shell-1-1200x302.png /docs/1.8/usage/tutorials/img/dcos-jenkins-exec-shell.png;
/wp-content/uploads/2017/08/dcos-velocity-marathon-config-1-1200x673.png /docs/1.8/usage/tutorials/img/dcos-velocity-marathon-config.png;
/wp-content/uploads/2017/08/dcos-jenkins-build-now-1-1200x336.png /docs/1.8/usage/tutorials/img/dcos-jenkins-build-now.png;
/wp-content/uploads/2017/08/dcos-jekyll-site1-1-1200x470.png /docs/1.8/usage/tutorials/img/dcos-jekyll-site1.png;
/wp-content/uploads/2017/08/dcos-jekyll-updated-1-1200x583.png /docs/1.8/usage/tutorials/img/dcos-jekyll-updated.png;
/wp-content/uploads/2017/08/version-policy-1.png /docs/1.10/img/version-policy-1.png;
/wp-content/uploads/2017/08/tweeter-services1-1-1200x745.gif /docs/1.8/usage/tutorials/img/tweeter-services1.png;
/wp-content/uploads/2017/08/tweeter-services2-1-1200x682.gif /docs/1.8/usage/tutorials/img/tweeter-services2.png;
/wp-content/uploads/2017/08/tweeter-services3-1-1200x677.gif /docs/1.8/usage/tutorials/img/tweeter-services3.png;
/wp-content/uploads/2017/08/tweeter-services4-1-1200x677.gif /docs/1.8/usage/tutorials/img/tweeter-services4.png;
/wp-content/uploads/2017/08/tweeter-services5-1-1200x675.gif /docs/1.8/usage/tutorials/img/tweeter-services5.png;
/wp-content/uploads/2017/08/tweeter-service-account1-1200x674.gif /docs/1.8/usage/tutorials/img/tweeter-service-account1.png;
/wp-content/uploads/2017/08/tweeter-services6-1200x719.gif /docs/1.8/usage/tutorials/img/tweeter-services6.png;
/wp-content/uploads/2017/08/tweeter-services7-1200x719.gif /docs/1.8/usage/tutorials/img/tweeter-services7.png;
/wp-content/uploads/2017/08/tweeter-services8-1-1200x717.gif /docs/1.8/usage/tutorials/img/tweeter-services8.png;
/wp-content/uploads/2017/08/top-tweeters-1-1200x593.png /docs/1.8/usage/tutorials/img/top-tweeters.png;
/wp-content/uploads/2017/08/dcos-node-types.png /docs/1.10/img/dcos-node-types.png;
/wp-content/uploads/2017/08/dcos-architecture-distributed-process-management-concept-1200x755.png /docs/1.10/img/dcos-architecture-distributed-process-management-concept.png;
/wp-content/uploads/2017/08/dcos-architecture-distributed-process-management-seq-diagram-1200x726.png /docs/1.10/img/dcos-architecture-distributed-process-management-seq-diagram.png;
/wp-content/uploads/2017/08/ui-installer-preflight.png /docs/1.10/img/ui-installer-preflight.png;
/wp-content/uploads/2017/08/chef-zk-status.png /docs/1.10/img/chef-zk-status.png;
/wp-content/uploads/2017/08/ui-installer-auth2-1200x770.png /docs/1.10/img/ui-installer-auth2.png;
/wp-content/uploads/2017/08/dcos-architecture-layers.png /docs/1.10/img/dcos-architecture-layers.png;
/wp-content/uploads/2017/08/version-policy-2-1-1200x737.png /docs/1.8/img/version-policy-2.png;
/wp-content/uploads/2017/08/dcos-aws-step3a.png /docs/1.10/img/dcos-aws-step3a.png;
/wp-content/uploads/2017/08/install-cli-1200x686.gif /docs/1.10/img/install-cli.png;
/wp-content/uploads/2017/08/install-cli-terminal-1200x738.gif /docs/1.10/img/install-cli-terminal.png;
/wp-content/uploads/2017/08/dcos-aws-step2b.png /docs/1.10/img/dcos-aws-step2b.png;
/wp-content/uploads/2017/08/dcos-aws-step2c-1200x550.png /docs/1.10/img/dcos-aws-step2c.png;
/wp-content/uploads/2017/08/dashboard-ee-1200x1177.png /docs/1.10/img/dashboard-ee.png;
/wp-content/uploads/2017/08/services-ee-1200x1177.png /docs/1.10/img/services-ee.png;
/wp-content/uploads/2017/08/open-service.png /docs/1.10/img/open-service.png;
/wp-content/uploads/2017/08/jobs-ee-1200x1177.png /docs/1.10/img/jobs-ee.png;
/wp-content/uploads/2017/08/catalog-ee-1200x1177.png /docs/1.10/img/catalog-ee.png;
/wp-content/uploads/2017/08/secrets-ee-1200x1177.png /docs/1.10/img/secrets-ee.png;
/wp-content/uploads/2017/08/nodes-ee-1200x1177.png /docs/1.10/img/nodes-ee.png;
/wp-content/uploads/2017/08/nodes-donuts-ee-1200x1177.png /docs/1.10/img/nodes-donuts-ee.png;
/wp-content/uploads/2017/08/networking-ee-1200x1177.png /docs/1.10/img/networking-ee.png;
/wp-content/uploads/2017/08/overview-ee-1200x1177.png /docs/1.10/img/overview-ee.png;
/wp-content/uploads/2017/08/components-ee-1200x1177.png /docs/1.10/img/components-ee.png;
/wp-content/uploads/2017/08/package-repositories-1200x1067.png /docs/1.10/img/package-repositories.png;
/wp-content/uploads/2017/08/organization-ee-1200x1177.png /docs/1.10/img/organization-ee.png;
/wp-content/uploads/2017/08/deploy-svs-ui.png /docs/1.8/usage/tutorials/img/deploy-svs-ui.png;
/wp-content/uploads/2017/08/svc-running-ui.png /docs/1.8/usage/tutorials/img/svc-running-ui.png;
/wp-content/uploads/2017/08/deploy-container-ui.png /docs/1.8/usage/tutorials/img/deploy-container-ui.png;
/wp-content/uploads/2017/08/container-running-ui-1200x552.png /docs/1.8/usage/tutorials/img/container-running-ui.png;
/wp-content/uploads/2017/08/ssh-node-id-1200x687.gif /docs/1.10/img/ssh-node-id.png;
/wp-content/uploads/2017/08/windowsputtykey.png /docs/1.10/img/windowsputtykey.png;
/wp-content/uploads/2017/08/windowsputtybasic.png /docs/1.10/img/windowsputtybasic.png;
/wp-content/uploads/2017/08/windowsputtysshopt.png /docs/1.10/img/windowsputtysshopt.png;
/wp-content/uploads/2017/08/windowscore.png /docs/1.10/img/windowscore.png;
/wp-content/uploads/2017/08/windowsforwarding.png /docs/1.10/img/windowsforwarding.png;
/wp-content/uploads/2017/08/windowspageant.png /docs/1.10/img/windowspageant.png;
/wp-content/uploads/2017/08/lb1-1200x1038.png /docs/1.10/img/lb1.png;
/wp-content/uploads/2017/08/lb7.jpg /docs/1.10/img/lb7.jpg;
/wp-content/uploads/2017/08/dockerhub-1200x536.png /docs/1.10/img/dockerhub.png;
/wp-content/uploads/2017/08/healthy-dcos-website-1200x675.gif /docs/1.10/img/healthy-dcos-website.png;
/wp-content/uploads/2017/08/lb2.jpg /docs/1.10/img/lb2.jpg;
/wp-content/uploads/2017/08/lb3.jpg /docs/1.10/img/lb3.jpg;
/wp-content/uploads/2017/08/nginx-external-gui-1200x434.gif /docs/1.10/img/nginx-external-gui.png;
/wp-content/uploads/2017/08/lb6.jpg /docs/1.10/img/lb6.jpg;
/wp-content/uploads/2017/08/image04.png /docs/1.10/img/image04.png;
/wp-content/uploads/2017/08/image00.png /docs/1.10/img/image00.png;
/wp-content/uploads/2017/08/overlay-networks-1200x599.png /docs/1.10/img/overlay-networks.png;
/wp-content/uploads/2017/08/overlay-network-address-space-1200x307.png /docs/1.10/img/overlay-network-address-space.png;
/wp-content/uploads/2017/08/ldap-group-import-1200x686.gif /docs/1.10/img/ldap-group-import.png;
/wp-content/uploads/2017/08/osx-chrome-launch-keychain.png /docs/1.10/img/osx-chrome-launch-keychain.png;
/wp-content/uploads/2017/08/osx-chrome-always-trust.png /docs/1.10/img/osx-chrome-always-trust.png;
/wp-content/uploads/2017/08/chrome-win-sec-wrning.png /docs/1.10/img/chrome-win-sec-wrning.png;
/wp-content/uploads/2017/08/osx-ff-confirm.png /docs/1.10/img/osx-ff-confirm.png;
/wp-content/uploads/2017/08/service-group3-1200x689.gif /docs/1.10/img/service-group3.png;
/wp-content/uploads/2017/08/services-tab-user-1200x688.gif /docs/1.10/img/services-tab-user.png;
/wp-content/uploads/2017/08/services-tab-user3-1200x686.gif /docs/1.10/img/services-tab-user3.png;
/wp-content/uploads/2017/08/mesos-dns-1200x563.png /docs/1.10/img/mesos-dns.png;
/wp-content/uploads/2017/08/security-zones.png /docs/1.10/img/security-zones.png;
/wp-content/uploads/2017/08/authn-user-1200x917.gif /docs/1.10/img/authn-user.png;
/wp-content/uploads/2017/08/authz-1200x864.gif /docs/1.10/img/authz.png;
/wp-content/uploads/2017/08/ldap-add-dir-auth-simple-bind.png /docs/1.10/img/ldap-add-dir-auth-simple-bind.png;
/wp-content/uploads/2017/08/ldap-add-dir-auth-search-bind.png /docs/1.10/img/ldap-add-dir-auth-search-bind.png;
/wp-content/uploads/2017/08/ldap-add-dir-conn.png /docs/1.10/img/ldap-add-dir-conn.png;
/wp-content/uploads/2017/08/new-secret.png /docs/1.10/img/new-secret.png;
/wp-content/uploads/2017/08/secret-id-value.png /docs/1.10/img/secret-id-value.png;
/wp-content/uploads/2017/08/create-secret.png /docs/1.10/img/create-secret.png;
/wp-content/uploads/2017/08/oidc-google.png /docs/1.10/img/oidc-google.png;
/wp-content/uploads/2017/08/cli-auth-token.png /docs/1.10/img/cli-auth-token.png;
/wp-content/uploads/2017/08/new-service-account-button-1200x688.gif /docs/1.10/img/new-service-account-button.png;
/wp-content/uploads/2017/08/create-service-account-1200x688.gif /docs/1.10/img/create-service-account.png;
/wp-content/uploads/2017/08/add-service-account-permission-1200x687.gif /docs/1.10/img/add-service-account-permission.png;
/wp-content/uploads/2017/08/service-account-permission-string-1200x688.gif /docs/1.10/img/service-account-permission-string.png;
/wp-content/uploads/2017/08/authn-service.png /docs/1.10/img/authn-service.png;
/wp-content/uploads/2017/08/datadog-package-1200x687.gif /docs/1.10/img/datadog-package.png;
/wp-content/uploads/2017/08/new-user-group-1200x688.gif /docs/1.10/img/new-user-group.png;
/wp-content/uploads/2017/08/new-user-group-prod-1200x686.gif /docs/1.10/img/new-user-group-prod.png;
/wp-content/uploads/2017/08/new-user-group-prod-permission-1200x687.gif /docs/1.10/img/new-user-group-prod-permission.png;
/wp-content/uploads/2017/08/new-user-group-prod-permission-string-1200x687.gif /docs/1.10/img/new-user-group-prod-permission-string.png;
/wp-content/uploads/2017/08/new-user-generic-1200x686.gif /docs/1.10/img/new-user-generic.png;
/wp-content/uploads/2017/08/new-user-alice-add-group-1200x686.gif /docs/1.10/img/new-user-alice-add-group.png;
/wp-content/uploads/2017/08/new-user-alice-service-group-1200x688.gif /docs/1.10/img/new-user-alice-service-group.png;
/wp-content/uploads/2017/08/new-user-alice-service-done-1200x686.gif /docs/1.10/img/new-user-alice-service-done.png;
/wp-content/uploads/2017/08/component-system-view-1200x1067.png /docs/1.10/img/component-system-view.png;
/wp-content/uploads/2017/08/component-node-detail-1200x687.gif /docs/1.10/img/component-node-detail.png;
/wp-content/uploads/2017/08/component-node-output-1200x686.gif /docs/1.10/img/component-node-output.png;
/wp-content/uploads/2017/08/ui-system-health-logging-1-1200x687.gif /docs/1.10/img/ui-system-health-logging.png;
/wp-content/uploads/2017/08/logstash-framework-exists-1200x527.png /docs/1.10/img/logstash-framework-exists.png;
/wp-content/uploads/2017/08/logstash-fields-1200x477.png /docs/1.10/img/logstash-fields.png;
/wp-content/uploads/2017/08/logstash-framework-search-1200x574.png /docs/1.10/img/logstash-framework-search.png;
/wp-content/uploads/2017/08/add-service.png /docs/1.10/img/add-service.png;
/wp-content/uploads/2017/08/splunk-framework-exists-1200x529.png /docs/1.10/img/splunk-framework-exists.png;
/wp-content/uploads/2017/08/splunk-fields-1200x380.png /docs/1.10/img/splunk-fields.png;
/wp-content/uploads/2017/08/splunk-framework-search-1200x562.png /docs/1.10/img/splunk-framework-search.png;
/wp-content/uploads/2017/08/comp-log-perms-1200x686.gif /docs/1.10/img/comp-log-perms.png;
/wp-content/uploads/2017/08/comp-log-perms-done-1200x687.gif /docs/1.10/img/comp-log-perms-done.png;
/wp-content/uploads/2017/08/create-job-1200x687.gif /docs/1.10/img/create-job.png;
/wp-content/uploads/2017/08/service-group1-1200x685.gif /docs/1.10/img/service-group1.png;
/wp-content/uploads/2017/08/service-group2-1200x688.gif /docs/1.10/img/service-group2.png;
/wp-content/uploads/2017/08/service-group4-1200x688.gif /docs/1.10/img/service-group4.png;
/wp-content/uploads/2017/08/service-group5-1200x687.gif /docs/1.10/img/service-group5.png;
/wp-content/uploads/2017/08/service-group7-1200x686.gif /docs/1.10/img/service-group7.png;
/wp-content/uploads/2017/08/service-group8-1200x687.gif /docs/1.10/img/service-group8.png;
/wp-content/uploads/2017/08/service-group9-1200x686.gif /docs/1.10/img/service-group9.png;
/wp-content/uploads/2017/08/service-group10-1200x687.gif /docs/1.10/img/service-group10.png;
/wp-content/uploads/2017/08/service-group15-1200x688.gif /docs/1.10/img/service-group15.png;
/wp-content/uploads/2017/08/service-group-nginx-1200x696.gif /docs/1.10/img/new-user-alice-service-group.png;
/wp-content/uploads/2017/08/service-group14-1200x688.gif /docs/1.10/img/service-group14.png;
/wp-content/uploads/2017/08/health-check-gui-1200x689.gif /docs/1.10/img/health-check-gui.png;
/wp-content/uploads/2017/08/job-ex1-1200x688.gif /docs/1.10/img/chronosnewjob.png;
/wp-content/uploads/2017/08/job-ex2-1200x687.gif /docs/1.10/img/chronosnewjob.png;
/wp-content/uploads/2017/08/job-ex3-1200x687.gif /docs/1.10/img/chronosnewjob.png;
/wp-content/uploads/2017/08/job-ex4-1200x687.gif /docs/1.10/img/chronosnewjob.png;
/wp-content/uploads/2017/08/job-ex5-1200x686.gif /docs/1.10/img/chronosnewjob.png;
/wp-content/uploads/2017/08/job-ex6-1200x687.gif /docs/1.10/img/chronosnewjob.png;
/wp-content/uploads/2017/09/container-port.png /docs/1.10/img/container-port.png;
/wp-content/uploads/2017/08/ui-dashboard-catalog-1200x1067.png /docs/1.10/img/ui-dashboard-catalog.png;
/wp-content/uploads/2017/08/run-a-service-1200x688.gif /docs/1.10/img/run-a-service.png;
/wp-content/uploads/2017/08/tweeter-services6-1200x403.png /docs/1.10/img/tweeter-services6.png;
/wp-content/uploads/2017/08/gear-services-1200x688.gif /docs/1.10/img/gear-services.png;
/wp-content/uploads/2017/08/scale-services-1200x686.gif /docs/1.10/img/post-scale-services.png;
/wp-content/uploads/2017/08/post-scale-services-1200x685.gif /docs/1.10/img/post-scale-services.png;
/wp-content/uploads/2017/08/service-delete.png /docs/1.10/img/service-delete.png;
/wp-content/uploads/2017/08/debug-ui.png /docs/1.10/img/debug-ui.png;
/wp-content/uploads/2017/08/mom-marathon-gui-1200x688.gif /docs/1.10/img/mom-marathon-gui.png;
/wp-content/uploads/2017/08/pods-service-dashboard.png /docs/1.10/img/pods-service-dashboard.png;
/wp-content/uploads/2017/08/job-label-1200x694.gif /docs/1.10/img/job-label.png;
/wp-content/uploads/2017/08/dcos-velocity-jenkins-ui-1200x686.gif /docs/1.10/img/dcos-velocity-jenkins-ui.png;
/wp-content/uploads/2017/08/dcos-velocity-jenkins-creds-new.png /docs/1.10/img/dcos-velocity-jenkins-creds-new.png;
/wp-content/uploads/2017/08/dcos-jenkins-new-freestyle-1200x263.png /docs/1.10/img/dcos-jenkins-new-freestyle.png;
/wp-content/uploads/2017/08/dcos-jenkins-repourl-1200x278.png /docs/1.10/img/dcos-jenkins-repourl.png;
/wp-content/uploads/2017/08/dcos-velocity-jenkins-build-docker.png /docs/1.10/img/dcos-velocity-jenkins-build-docker.png;
/wp-content/uploads/2017/08/dcos-velocity-jenkins-build-docker-config.png /docs/1.10/img/dcos-velocity-jenkins-build-docker-config.png;
/wp-content/uploads/2017/08/dcos-jenkins-plugin-popup.png /docs/1.10/img/dcos-jenkins-plugin-popup.png;
/wp-content/uploads/2017/08/dcos-velocity-marathon-config-1200x673.png /docs/1.10/img/dcos-velocity-marathon-config.png;
/wp-content/uploads/2017/08/dcos-jenkins-build-now-1200x336.png /docs/1.10/img/dcos-jenkins-build-now.png;
/wp-content/uploads/2017/08/dcos-jekyll-site1-1200x470.png /docs/1.10/img/dcos-jekyll-site1.png;
/wp-content/uploads/2017/08/dcos-jekyll-updated-1200x583.png /docs/1.10/img/dcos-jekyll-updated.png;
/wp-content/uploads/2017/08/dcos-api-routing.png /docs/1.10/img/dcos-api-routing.png;
/wp-content/uploads/2017/08/tweeter.png /docs/1.10/img/tweeter.png;
/wp-content/uploads/2017/08/tweeter-shakespeare-1200x689.gif /docs/1.10/img/tweeter-shakespeare.png;
/wp-content/uploads/2017/08/top-tweeters-1200x593.png /docs/1.10/img/top-tweeters.png;