~^([^.]*[^/])$ $1/;
~^(/[^/]*)$ $1/;
~^/service-docs/(.*)$ /services/$1;
/1.11/installing/high-availability/ /1.11/installing/oss/high-availability;
/1.11/networking/edge-lb/(.*)$ /services/edge-lb/1.0.0/$1;
/services/edge-lb/architecture/ /services/edge-lb/1.0.0/;
/1.11/networking/edge-lb/quickstart/ /services/edge-lb/1.0.0/;
~^/1.11/networking/marathon-lb/(.*)$ /services/marathon-lb/$1;
/1.11/release-notes/version-policy/ /version-policy/;
/1.10/administration/ /1.10/administering-clusters/;
/1.10/administration/access-node/ /1.10/administering-clusters/;
/1.10/administration/access-node/sshcluster/ /1.10/administering-clusters/sshcluster/;
/1.10/administration/access-node/tunnel/ /1.10/developing-services/tunnel/;
/1.10/administration/component-management/ /1.10/administering-clusters/component-management/;
/1.10/administration/debugging/ /1.10/usage/debugging/cli-debugging/task-exec/;
/1.10/administration/debugging/quickstart/ /1.10/usage/debugging/cli-debugging/task-exec/;
/1.10/administration/faq/ /1.10/installing/faq/;
/1.10/administration/gpu/ /1.10/deploying-services/gpu/;
/1.10/administration/gpu/aws-install/ /1.10/deploying-services/gpu/aws-install/;
/1.10/administration/gpu/custom-install/ /1.10/deploying-services/gpu/custom-install/;
/1.10/administration/haproxy-adminrouter/ /1.10/administration/tls-ssl/haproxy-adminrouter/;
/1.10/administration/high-availability/ /1.10/networking/high-availability/;
/1.10/administration/high-availability/multi-region/ /1.10/networking/high-availability/multi-region/;
/1.10/administration/high-availability/multi-zone/ /1.10/networking/high-availability/multi-zone/;
/1.10/administration/id-and-access-mgt/ /1.10/security/;
/1.10/administration/id-and-access-mgt/add-user-script/ /1.10/security/add-user-script/;
/1.10/administration/id-and-access-mgt/configure-your-security/ /1.10/security/configure-your-security/;
/1.10/administration/id-and-access-mgt/iam-api/ /1.10/security/iam-api/;
/1.10/administration/id-and-access-mgt/managing-authentication/ /1.10/security/managing-authentication/;
/1.10/administration/id-and-access-mgt/user-management/ /1.10/security/ent/users-groups/;
/1.10/administration/installing/ /1.10/installing/;
/1.10/administration/installing/cloud/ /1.10/installing/cloud/;
/1.10/administration/installing/cloud/aws/ /1.10/installing/cloud/aws/;
/1.10/administration/installing/cloud/aws/advanced/ /1.10/installing/cloud/aws/advanced/;
/1.10/administration/installing/cloud/aws/advanced/aws-ami/ /1.10/installing/cloud/aws/advanced/aws-ami/;
/1.10/administration/installing/cloud/aws/advanced/aws-custom/ /1.10/administration/installing/cloud/aws/advanced/;
/1.10/administration/installing/cloud/aws/advanced/quickstart/ /1.10/administration/installing/cloud/aws/advanced/;
/1.10/administration/installing/cloud/aws/advanced/system-requirements/ /1.10/administration/installing/cloud/aws/advanced/;
/1.10/administration/installing/cloud/aws/advanced/template-reference/ /1.10/installing/cloud/aws/advanced/template-reference/;
/1.10/administration/installing/cloud/aws/basic/ /1.10/installing/cloud/aws/basic/;
/1.10/administration/installing/cloud/aws/removeaws/ /1.10/installing/cloud/aws/removeaws/;
/1.10/administration/installing/cloud/azure/ /1.10/installing/cloud/azure/;
/1.10/administration/installing/cloud/digitalocean/ /1.10/installing/cloud/digitalocean/;
/1.10/administration/installing/cloud/gce/ /1.10/installing/cloud/gce/;
/1.10/administration/installing/cloud/packet/ /1.10/installing/cloud/packet/;
/1.10/administration/installing/custom/ /1.10/installing/custom/;
/1.10/administration/installing/custom/add-a-node/ /1.10/administering-clusters/add-a-node/;
/1.10/administration/installing/custom/advanced/ /1.10/installing/custom/advanced/;
/1.10/administration/installing/custom/cli/ /1.10/installing/custom/cli/;
/1.10/administration/installing/custom/configuration-parameters/ /1.10/installing/custom/configuration/configuration-parameters/;
/1.10/administration/installing/custom/configure-proxy/ /1.10/installing/custom/configure-proxy/;
/1.10/administration/installing/custom/convert-agent-type/ /1.10/administering-clusters/convert-agent-type/;
/1.10/administration/installing/custom/gui/ /1.10/installing/custom/gui/;
/1.10/administration/installing/custom/system-requirements/ /1.10/installing/custom/system-requirements/;
/1.10/administration/installing/custom/system-requirements/install-docker-centos/ /1.10/installing/custom/system-requirements/install-docker-centos/;
/1.10/administration/installing/custom/troubleshooting/ /1.10/installing/troubleshooting/;
/1.10/administration/installing/custom/uninstall/ /1.10/installing/custom/uninstall/;
/1.10/administration/installing/deploying-a-local-dcos-universe/ /1.10/administering-clusters/deploying-a-local-dcos-universe/;
/1.10/administration/installing/local/ /1.10/installing/local/;
/1.10/administration/installing/opt-out/ /1.10/installing/custom/opt-out/;
/1.10/administration/installing/ports/ /1.10/installing/ports/;
/1.10/administration/installing/update-a-node/ /1.10/administering-clusters/update-a-node/;
/1.10/administration/locate-public-agent/ /1.10/administering-clusters/locate-public-agent/;
/1.10/administration/logging/ /1.10/monitoring/logging/;
/1.10/administration/logging/access-component-logs/ /1.10/monitoring/logging/access-component-logs/;
/1.10/administration/logging/access-task-logs/ /1.10/monitoring/logging/access-task-logs/;
/1.10/administration/logging/aggregating/ /1.10/monitoring/logging/aggregating/;
/1.10/administration/logging/aggregating/elk/ /1.10/monitoring/logging/aggregating/elk/;
/1.10/administration/logging/aggregating/filter-elk/ /1.10/monitoring/logging/aggregating/filter-elk/;
/1.10/administration/logging/aggregating/filter-splunk/ /1.10/monitoring/logging/aggregating/filter-splunk/;
/1.10/administration/logging/aggregating/splunk/ /1.10/monitoring/logging/aggregating/splunk/;
/1.10/administration/logging/logging-api/ /1.10/monitoring/logging/logging-api/;
/1.10/administration/logging/quickstart/ /1.10/monitoring/logging/quickstart/;
/1.10/administration/managing-aws/ /1.10/administering-clusters/managing-aws/;
/1.10/administration/metrics/ /1.10/administration/monitoring/metrics/;
/1.10/administration/metrics/metrics-api/ /1.10/administration/monitoring/metrics/metrics-api/;
/1.10/administration/metrics/quickstart/ /1.10/administration/monitoring/metrics/quickstart/;
/1.10/administration/monitoring/ /1.10/monitoring/;
/1.10/administration/monitoring/metrics/ /1.10/metrics/;
/1.10/administration/monitoring/metrics/metrics-api/ /1.10/metrics/metrics-api/;
/1.10/administration/monitoring/metrics/quickstart/ /1.10/metrics/quickstart/;
/1.10/administration/monitoring/nagios/ /1.10/administration/monitoring/performance-monitoring/nagios/;
/1.10/administration/monitoring/performance-monitoring/ /1.10/monitoring/performance-monitoring/;
/1.10/administration/monitoring/performance-monitoring/nagios/ /1.10/monitoring/performance-monitoring/nagios/;
/1.10/administration/overlay-networks/ /1.10/administration/virtual-networks/;
/1.10/administration/overlay-networks/ip-per-container/ /1.10/administration/virtual-networks/ip-per-container/;
/1.10/administration/overlay-networks/isolation/ /1.10/administration/virtual-networks/isolation/;
/1.10/administration/release-notes/ /1.10/release-notes/;
/1.10/administration/remove-agent/ /1.10/remove-agent/;
/1.10/administration/securing-your-cluster/ /1.10/administering-clusters/securing-your-cluster/;
/1.10/administration/storage/ /1.10/storage/;
/1.10/administration/storage/mount-disk-resources/ /1.10/storage/mount-disk-resources/;
/1.10/administration/storage/nfs/ /1.10/storage/nfs/;
/1.10/administration/tls-ssl/ /1.10/networking/tls-ssl/;
/1.10/administration/tls-ssl/haproxy-adminrouter/ /1.10/networking/tls-ssl/haproxy-adminrouter/;
/1.10/administration/upgrading/ /1.10/installing/upgrading/;
/1.10/administration/user-management/ /1.10/administration/id-and-access-mgt/user-management/;
/1.10/administration/virtual-networks/ /1.10/networking/virtual-networks/;
/1.10/administration/virtual-networks/ip-per-container/ /1.10/networking/virtual-networks/ip-per-container/;
/1.10/administration/virtual-networks/isolation/ /1.10/networking/virtual-networks/isolation/;
/1.10/debugging/cli-debugging/task-exec/quickstart/ /1.10/monitoring/debugging/cli-debugging/task-exec/;
/1.10/developing-services/create-package/ https://github.com/mesosphere/universe/blob/version-3.x/tutorial/GetStarted.md;
/1.10/developing-services/dcos-integration/ https://github.com/mesosphere/universe/blob/version-3.x/tutorial/GetStarted.md;
/1.10/developing-services/service-requirements-spec/ https://github.com/mesosphere/universe/blob/version-3.x/tutorial/GetStarted.md;
/1.10/development/ /1.10/developing-services/;
# ~^/1.10/installing/(?!oss/)(.*)$ /1.10/installing/oss/$1;
/1.10/installing/ /1.10/installing/oss/;
/1.10/installing/cloud/ /1.10/installing/oss/cloud/;
/1.10/installing/custom/ /1.10/installing/oss/custom/;
/1.10/installing/custom/configuration-parameters/ /1.10/installing/custom/configuration/configuration-parameters/;
/1.10/installing/local/ /1.10/installing/oss/local/;
/1.10/monitoring/debugging/cli-debugging/task-exec/ /1.10/monitoring/debugging/task-exec/;
/1.10/networking/mesos-dns/http-interface/ /1.10/networking/mesos-dns/mesos-dns-api/;
~^/1.10/networking/edge-lb/(.*)$ /services/edge-lb/$1;
~^/1.10/networking/marathon-lb/(.*)$ /services/marathon-lb/$1;
/1.10/overview/components/ /1.10/overview/architecture/components/;
/1.10/overview/roadmap/ /1.10/;
/1.10/release-notes/version-policy/ /version-policy/;
/1.10/usage/ /1.10/;
/1.10/usage/cli/ /1.10/cli/;
/1.10/usage/cli/command-reference/ /1.10/cli/command-reference/;
/1.10/usage/cli/command-reference/dcos-auth/ /1.10/cli/command-reference/dcos-auth/dcos-auth-login/;
/1.10/usage/cli/command-reference/dcos-auth/dcos-auth-list-providers/ /1.10/cli/command-reference/dcos-auth/dcos-auth-list-providers/;
/1.10/usage/cli/command-reference/dcos-auth/dcos-auth-login/ /1.10/cli/command-reference/dcos-auth/dcos-auth-login/;
/1.10/usage/cli/command-reference/dcos-auth/dcos-auth-logout/ /1.10/cli/command-reference/dcos-auth/dcos-auth-logout/;
/1.10/usage/cli/command-reference/dcos-config/ /1.10/cli/command-reference/dcos-config/;
/1.10/usage/cli/command-reference/dcos-config/dcos-config-set/ /1.10/cli/command-reference/dcos-config/dcos-config-set/;
/1.10/usage/cli/command-reference/dcos-config/dcos-config-show/ /1.10/cli/command-reference/dcos-config/dcos-config-show/;
/1.10/usage/cli/command-reference/dcos-config/dcos-config-unset/ /1.10/cli/command-reference/dcos-config/dcos-config-unset/;
/1.10/usage/cli/command-reference/dcos-config/dcos-config-validate/ /1.10/cli/command-reference/dcos-config/dcos-config-validate/;
/1.10/usage/cli/command-reference/dcos-experimental/ /1.10/cli/command-reference/dcos-experimental/;
/1.10/usage/cli/command-reference/dcos-experimental/dcos-experimental-package-add/ /1.10/cli/command-reference/dcos-experimental/dcos-experimental-package-add/;
/1.10/usage/cli/command-reference/dcos-experimental/dcos-experimental-package-build/ /1.10/cli/command-reference/dcos-experimental/dcos-experimental-package-build/;
/1.10/usage/cli/command-reference/dcos-experimental/dcos-experimental-package-start/ /1.10/cli/command-reference/dcos-experimental/dcos-experimental-package-start/;
/1.10/usage/cli/command-reference/dcos-help/ /1.10/cli/command-reference/dcos-help/;
/1.10/usage/cli/command-reference/dcos-job/ /1.10/cli/command-reference/dcos-job/;
/1.10/usage/cli/command-reference/dcos-job/dcos-job-add/ /1.10/cli/command-reference/dcos-job/dcos-job-add/;
/1.10/usage/cli/command-reference/dcos-job/dcos-job-history/ /1.10/cli/command-reference/dcos-job/dcos-job-history/;
/1.10/usage/cli/command-reference/dcos-job/dcos-job-kill/ /1.10/cli/command-reference/dcos-job/dcos-job-kill/;
/1.10/usage/cli/command-reference/dcos-job/dcos-job-list/ /1.10/cli/command-reference/dcos-job/dcos-job-list/;
/1.10/usage/cli/command-reference/dcos-job/dcos-job-remove/ /1.10/cli/command-reference/dcos-job/dcos-job-remove/;
/1.10/usage/cli/command-reference/dcos-job/dcos-job-run/ /1.10/cli/command-reference/dcos-job/dcos-job-run/;
/1.10/usage/cli/command-reference/dcos-job/dcos-job-schedule-add/ /1.10/cli/command-reference/dcos-job/dcos-job-schedule-add/;
/1.10/usage/cli/command-reference/dcos-job/dcos-job-schedule-remove/ /1.10/cli/command-reference/dcos-job/dcos-job-schedule-remove/;
/1.10/usage/cli/command-reference/dcos-job/dcos-job-schedule-show/ /1.10/cli/command-reference/dcos-job/dcos-job-schedule-show/;
/1.10/usage/cli/command-reference/dcos-job/dcos-job-schedule-update/ /1.10/cli/command-reference/dcos-job/dcos-job-schedule-update/;
/1.10/usage/cli/command-reference/dcos-job/dcos-job-show-runs/ /1.10/cli/command-reference/dcos-job/dcos-job-show-runs/;
/1.10/usage/cli/command-reference/dcos-job/dcos-job-show/ /1.10/cli/command-reference/dcos-job/dcos-job-show/;
/1.10/usage/cli/command-reference/dcos-job/dcos-job-update/ /1.10/cli/command-reference/dcos-job/dcos-job-update/;
/1.10/usage/cli/command-reference/dcos-marathon/ /1.10/cli/command-reference/dcos-marathon/;
/1.10/usage/cli/command-reference/dcos-marathon/dcos-marathon-about/ /1.10/cli/command-reference/dcos-marathon/dcos-marathon-about/;
/1.10/usage/cli/command-reference/dcos-marathon/dcos-marathon-app-add/ /1.10/cli/command-reference/dcos-marathon/dcos-marathon-app-add/;
/1.10/usage/cli/command-reference/dcos-marathon/dcos-marathon-app-kill/ /1.10/cli/command-reference/dcos-marathon/dcos-marathon-app-kill/;
/1.10/usage/cli/command-reference/dcos-marathon/dcos-marathon-app-list/ /1.10/cli/command-reference/dcos-marathon/dcos-marathon-app-list/;
/1.10/usage/cli/command-reference/dcos-marathon/dcos-marathon-app-remove/ /1.10/cli/command-reference/dcos-marathon/dcos-marathon-app-remove/;
/1.10/usage/cli/command-reference/dcos-marathon/dcos-marathon-app-restart/ /1.10/cli/command-reference/dcos-marathon/dcos-marathon-app-restart/;
/1.10/usage/cli/command-reference/dcos-marathon/dcos-marathon-app-show/ /1.10/cli/command-reference/dcos-marathon/dcos-marathon-app-show/;
/1.10/usage/cli/command-reference/dcos-marathon/dcos-marathon-app-start/ /1.10/cli/command-reference/dcos-marathon/dcos-marathon-app-start/;
/1.10/usage/cli/command-reference/dcos-marathon/dcos-marathon-app-stop/ /1.10/cli/command-reference/dcos-marathon/dcos-marathon-app-stop/;
/1.10/usage/cli/command-reference/dcos-marathon/dcos-marathon-app-update/ /1.10/cli/command-reference/dcos-marathon/dcos-marathon-app-update/;
/1.10/usage/cli/command-reference/dcos-marathon/dcos-marathon-app-version-list/ /1.10/cli/command-reference/dcos-marathon/dcos-marathon-app-version-list/;
/1.10/usage/cli/command-reference/dcos-marathon/dcos-marathon-debug-details/ /1.10/cli/command-reference/dcos-marathon/dcos-marathon-debug-details/;
/1.10/usage/cli/command-reference/dcos-marathon/dcos-marathon-debug-list/ /1.10/cli/command-reference/dcos-marathon/dcos-marathon-debug-list/;
/1.10/usage/cli/command-reference/dcos-marathon/dcos-marathon-debug-summary/ /1.10/cli/command-reference/dcos-marathon/dcos-marathon-debug-summary/;
/1.10/usage/cli/command-reference/dcos-marathon/dcos-marathon-deployment-list/ /1.10/cli/command-reference/dcos-marathon/dcos-marathon-deployment-list/;
/1.10/usage/cli/command-reference/dcos-marathon/dcos-marathon-deployment-rollback/ /1.10/cli/command-reference/dcos-marathon/dcos-marathon-deployment-rollback/;
/1.10/usage/cli/command-reference/dcos-marathon/dcos-marathon-deployment-stop/ /1.10/cli/command-reference/dcos-marathon/dcos-marathon-deployment-stop/;
/1.10/usage/cli/command-reference/dcos-marathon/dcos-marathon-deployment-watch/ /1.10/cli/command-reference/dcos-marathon/dcos-marathon-deployment-watch/;
/1.10/usage/cli/command-reference/dcos-marathon/dcos-marathon-group-add/ /1.10/cli/command-reference/dcos-marathon/dcos-marathon-group-add/;
/1.10/usage/cli/command-reference/dcos-marathon/dcos-marathon-group-list/ /1.10/cli/command-reference/dcos-marathon/dcos-marathon-group-list/;
/1.10/usage/cli/command-reference/dcos-marathon/dcos-marathon-group-remove/ /1.10/cli/command-reference/dcos-marathon/dcos-marathon-group-remove/;
/1.10/usage/cli/command-reference/dcos-marathon/dcos-marathon-group-scale/ /1.10/cli/command-reference/dcos-marathon/dcos-marathon-group-scale/;
/1.10/usage/cli/command-reference/dcos-marathon/dcos-marathon-group-show/ /1.10/cli/command-reference/dcos-marathon/dcos-marathon-group-show/;
/1.10/usage/cli/command-reference/dcos-marathon/dcos-marathon-group-update/ /1.10/cli/command-reference/dcos-marathon/dcos-marathon-group-update/;
/1.10/usage/cli/command-reference/dcos-marathon/dcos-marathon-pod-add/ /1.10/cli/command-reference/dcos-marathon/dcos-marathon-pod-add/;
/1.10/usage/cli/command-reference/dcos-marathon/dcos-marathon-pod-kill/ /1.10/cli/command-reference/dcos-marathon/dcos-marathon-pod-kill/;
/1.10/usage/cli/command-reference/dcos-marathon/dcos-marathon-pod-list/ /1.10/cli/command-reference/dcos-marathon/dcos-marathon-pod-list/;
/1.10/usage/cli/command-reference/dcos-marathon/dcos-marathon-pod-remove/ /1.10/cli/command-reference/dcos-marathon/dcos-marathon-pod-remove/;
/1.10/usage/cli/command-reference/dcos-marathon/dcos-marathon-pod-show/ /1.10/cli/command-reference/dcos-marathon/dcos-marathon-pod-show/;
/1.10/usage/cli/command-reference/dcos-marathon/dcos-marathon-pod-update/ /1.10/cli/command-reference/dcos-marathon/dcos-marathon-pod-update/;
/1.10/usage/cli/command-reference/dcos-marathon/dcos-marathon-task-list/ /1.10/cli/command-reference/dcos-marathon/dcos-marathon-task-list/;
/1.10/usage/cli/command-reference/dcos-marathon/dcos-marathon-task-show/ /1.10/cli/command-reference/dcos-marathon/dcos-marathon-task-show/;
/1.10/usage/cli/command-reference/dcos-marathon/dcos-marathon-task-stop/ /1.10/cli/command-reference/dcos-marathon/dcos-marathon-task-stop/;
/1.10/usage/cli/command-reference/dcos-node/ /1.10/cli/command-reference/dcos-node/;
/1.10/usage/cli/command-reference/dcos-node/dcos-node-diagnostics-create/ /1.10/cli/command-reference/dcos-node/dcos-node-diagnostics-create/;
/1.10/usage/cli/command-reference/dcos-node/dcos-node-diagnostics-delete/ /1.10/cli/command-reference/dcos-node/dcos-node-diagnostics-delete/;
/1.10/usage/cli/command-reference/dcos-node/dcos-node-diagnostics-download/ /1.10/cli/command-reference/dcos-node/dcos-node-diagnostics-download/;
/1.10/usage/cli/command-reference/dcos-node/dcos-node-diagnostics/ /1.10/cli/command-reference/dcos-node/dcos-node-diagnostics/;
/1.10/usage/cli/command-reference/dcos-node/dcos-node-list-components/ /1.10/cli/command-reference/dcos-node/dcos-node-list-components/;
/1.10/usage/cli/command-reference/dcos-node/dcos-node-log/ /1.10/cli/command-reference/dcos-node/dcos-node-log/;
/1.10/usage/cli/command-reference/dcos-node/dcos-node-ssh/ /1.10/cli/command-reference/dcos-node/dcos-node-ssh/;
/1.10/usage/cli/command-reference/dcos-package/ /1.10/cli/command-reference/dcos-package/;
/1.10/usage/cli/command-reference/dcos-package/dcos-package-describe/ /1.10/cli/command-reference/dcos-package/dcos-package-describe/;
/1.10/usage/cli/command-reference/dcos-package/dcos-package-install/ /1.10/cli/command-reference/dcos-package/dcos-package-install/;
/1.10/usage/cli/command-reference/dcos-package/dcos-package-list/ /1.10/cli/command-reference/dcos-package/dcos-package-list/;
/1.10/usage/cli/command-reference/dcos-package/dcos-package-repo-add/ /1.10/cli/command-reference/dcos-package/dcos-package-repo-add/;
/1.10/usage/cli/command-reference/dcos-package/dcos-package-repo-list/ /1.10/cli/command-reference/dcos-package/dcos-package-repo-list/;
/1.10/usage/cli/command-reference/dcos-package/dcos-package-repo-remove/ /1.10/cli/command-reference/dcos-package/dcos-package-repo-remove/;
/1.10/usage/cli/command-reference/dcos-package/dcos-package-search/ /1.10/cli/command-reference/dcos-package/dcos-package-search/;
/1.10/usage/cli/command-reference/dcos-package/dcos-package-uninstall/ /1.10/cli/command-reference/dcos-package/dcos-package-uninstall/;
/1.10/usage/cli/command-reference/dcos-package/dcos-package-update/ /1.10/cli/command-reference/dcos-package/dcos-package-update/;
/1.10/usage/cli/command-reference/dcos-service/ /1.10/cli/command-reference/dcos-service/;
/1.10/usage/cli/command-reference/dcos-service/dcos-service-log/ /1.10/cli/command-reference/dcos-service/dcos-service-log/;
/1.10/usage/cli/command-reference/dcos-service/dcos-service-shutdown/ /1.10/cli/command-reference/dcos-service/dcos-service-shutdown/;
/1.10/usage/cli/command-reference/dcos-task/ /1.10/cli/command-reference/dcos-task/;
/1.10/usage/cli/command-reference/dcos-task/dcos-task-exec/ /1.10/cli/command-reference/dcos-task/dcos-task-exec/;
/1.10/usage/cli/command-reference/dcos-task/dcos-task-log/ /1.10/cli/command-reference/dcos-task/dcos-task-log/;
/1.10/usage/cli/command-reference/dcos-task/dcos-task-ls/ /1.10/cli/command-reference/dcos-task/dcos-task-ls/;
/1.10/usage/cli/command-reference/dcos/ /1.10/cli/command-reference/dcos/;
/1.10/usage/cli/configure/ /1.10/cli/configure/;
/1.10/usage/cli/enterprise-cli/ /1.10/cli/enterprise-cli/;
/1.10/usage/cli/install/ /1.10/cli/install/;
/1.10/usage/cli/multi-cluster-cli/ /1.10/cli/multi-cluster-cli/;
/1.10/usage/cli/uninstall/ /1.10/cli/uninstall/;
/1.10/usage/cli/update/ /1.10/cli/update/;
/1.10/usage/containerizers/ /1.10/deploying-services/containerizers/;
/1.10/usage/debugging/ /1.10/monitoring/debugging/;
/1.10/usage/debugging/cli-debugging/ /1.10/monitoring/debugging/cli-debugging/;
/1.10/usage/debugging/cli-debugging/task-exec/ /1.10/monitoring/debugging/cli-debugging/task-exec/;
/1.10/usage/debugging/gui-debugging/ /1.10/monitoring/debugging/gui-debugging/;
/1.10/usage/debugging/stuck-deployment/ /1.10/monitoring/debugging/stuck-deployment/;
/1.10/usage/faq/ /1.10/deploying-services/faq/;
/1.10/usage/gpu/ /1.10/deploying-services/gpu/;
/1.10/usage/gpu/limitations/ /1.10/deploying-services/gpu/;
/1.10/usage/jobs/ /1.10/deploying-jobs/;
/1.10/usage/jobs/examples/ /1.10/deploying-jobs/examples/;
/1.10/usage/jobs/getting-started/ /1.10/deploying-jobs/quickstart/;
/1.10/usage/managing-services/ /1.10/deploying-services/;
/1.10/usage/managing-services/application-basics/ /1.10/deploying-services/creating-services/;
/1.10/usage/managing-services/application-basics/deploy-docker-app/ /1.10/deploying-services/creating-services/deploy-docker-app/;
/1.10/usage/managing-services/config-universe-service/ /1.10/deploying-services/config-universe-service/;
/1.10/usage/managing-services/config/ /1.10/usage/managing-services/config-universe-service/;
/1.10/usage/managing-services/developing-services/ /1.10/developing-services/;
/1.10/usage/managing-services/expose-service/ /1.10/deploying-services/expose-service/;
/1.10/usage/managing-services/install/ /1.10/deploying-services/install/;
/1.10/usage/managing-services/list/ /1.10/usage/managing-services/monitoring/;
/1.10/usage/managing-services/monitor-services/ /1.10/deploying-services/monitor-services/;
/1.10/usage/managing-services/monitoring/ /1.10/usage/managing-services/monitor-services/;
/1.10/usage/managing-services/package-api/ /1.10/deploying-services/package-api/;
/1.10/usage/managing-services/rest-api/ /1.10/deploying-services/marathon-api/;
/1.10/usage/managing-services/scale-service/ /1.10/deploying-services/scale-service/;
/1.10/usage/managing-services/service-ports/ /1.10/deploying-services/service-ports/;
/1.10/usage/managing-services/task-handling/ /1.10/deploying-services/task-handling/;
/1.10/usage/managing-services/task-handling/configure-task-handling/ /1.10/deploying-services/task-handling/configure-task-handling/;
/1.10/usage/managing-services/uninstall /1.10/deploying-services/uninstall;
/1.10/usage/managing-services/uninstall/ /1.10/deploying-services/uninstall/;
/1.10/usage/managing-services/update-user-service/ /1.10/deploying-services/update-user-service/;
/1.10/usage/marathon/ /1.10/usage/managing-services/;
/1.10/usage/marathon/application-basics/ /1.10/deploying-services/creating-services/;
/1.10/usage/marathon/ports/ /1.10/usage/managing-services/ports/service-ports/;
/1.10/usage/marathon/rest-api/ /1.10/usage/managing-services/rest-api/;
/1.10/usage/nginx.json /1.10/deploying-services/creating-services/nginx.json;
/1.10/usage/pods/ /1.10/deploying-services/pods/;
/1.10/usage/pods/examples/ /1.10/deploying-services/pods/examples/;
/1.10/usage/pods/pods-cli/ /1.10/usage/pods/using-pods/;
/1.10/usage/pods/quickstart/ /1.10/deploying-services/pods/quickstart/;
/1.10/usage/pods/technical-overview/ /1.10/deploying-services/pods/technical-overview/;
/1.10/usage/pods/using-pods/ /1.10/deploying-services/pods/using-pods/;
/1.10/usage/repo/ /1.10/administering-clusters/repo/;
/1.10/usage/service-discovery/ /1.10/networking/;
/1.10/usage/service-discovery/custom-domain-service-discovery/ /1.10/usage/service-discovery/mesos-dns/custom-domain-service-discovery/;
/1.10/usage/service-discovery/dns-naming/ /1.10/usage/service-discovery/mesos-dns/service-naming/#dns-naming;
/1.10/usage/service-discovery/dns-overview/ /1.10/networking/dns-/1.10/overview/;
/1.10/usage/service-discovery/load-balancing-vips/ /1.10/networking/load-balancing-vips/;
/1.10/usage/service-discovery/load-balancing-vips/overlay-networks/ /1.10/usage/service-discovery/load-balancing-vips/virtual-networks/;
/1.10/usage/service-discovery/load-balancing-vips/virtual-ip-addresses/ /1.10/networking/load-balancing-vips/virtual-ip-addresses/;
/1.10/usage/service-discovery/load-balancing-vips/virtual-networks/ /1.10/networking/load-balancing-vips/virtual-networks/;
/1.10/usage/service-discovery/marathon-lb/ /1.10/networking/marathon-lb/;
/1.10/usage/service-discovery/marathon-lb/advanced/ /1.10/networking/marathon-lb/advanced/;
/1.10/usage/service-discovery/marathon-lb/marathon-lb-advanced-tutorial/ /1.10/networking/marathon-lb/marathon-lb-advanced-tutorial/;
/1.10/usage/service-discovery/marathon-lb/marathon-lb-basic-tutorial/ /1.10/networking/marathon-lb/marathon-lb-basic-tutorial/;
/1.10/usage/service-discovery/marathon-lb/quickstart/ /1.10/usage/service-discovery/marathon-lb/marathon-lb-basic-tutorial/;
/1.10/usage/service-discovery/marathon-lb/usage/ /1.10/networking/marathon-lb/usage/;
/1.10/usage/service-discovery/mesos-dns/ /1.10/networking/mesos-dns/;
/1.10/usage/service-discovery/mesos-dns/custom-domain-service-discovery.md /1.10/usage/service-discovery/mesos-dns/expose-mesos-zone/;
/1.10/usage/service-discovery/mesos-dns/expose-mesos-zone/ /1.10/networking/mesos-dns/expose-mesos-zone/;
/1.10/usage/service-discovery/mesos-dns/http-interface/ /1.10/networking/mesos-dns/http-interface/;
/1.10/usage/service-discovery/mesos-dns/service-naming/ /1.10/networking/mesos-dns/service-naming/;
/1.10/usage/service-discovery/mesos-dns/troubleshooting/ /1.10/networking/mesos-dns/troubleshooting/;
/1.10/usage/storage/ /1.10/storage/;
/1.10/usage/storage/external-storage/ /1.10/storage/external-storage/;
/1.10/usage/storage/persistent-volume/ /1.10/storage/persistent-volume/;
/1.10/usage/tutorials/ /1.10/tutorials/;
/1.10/usage/tutorials/autoscaling/ /1.10/tutorials/autoscaling/;
/1.10/usage/tutorials/autoscaling/cpu-memory/ /1.10/tutorials/autoscaling/cpu-memory/;
/1.10/usage/tutorials/autoscaling/microscaling-queue/ /1.10/tutorials/autoscaling/microscaling-queue/;
/1.10/usage/tutorials/autoscaling/requests-second/ /1.10/tutorials/autoscaling/requests-second/;
/1.10/usage/tutorials/create-service/ /1.10/tutorials/create-service/;
/1.10/usage/tutorials/deploy-on-marathon/ /1.10/tutorials/deploy-on-marathon/;
/1.10/usage/tutorials/docker-app/ /1.10/usage/managing-services/creating-services/deploy-docker-app/;
/1.10/usage/tutorials/inline-update/ /1.10/usage/managing-services/update-user-service/;
/1.10/usage/tutorials/iot_pipeline/ /1.10/tutorials/iot_pipeline/;
/1.10/usage/tutorials/public-app/ /1.10/usage/managing-services/expose-service/;
/1.10/usage/tutorials/registry/ https://github.com/dcos/examples/tree/master/registry/1.8;
/1.10/usage/tutorials/stateful-services/ /1.10/tutorials/stateful-services/;
/1.10/usage/tutorials/task-labels/ /1.10/tutorials/task-labels/;
/1.10/usage/webinterface/ /1.10/gui/;
/1.7/administration/dcosarchitecture/security/ /1.7/overview/;
/1.7/administration/installing/custom/automated-installer/system-requirements/ /1.7/administration/installing/custom/system-requirements/;
/1.7/administration/security-and-authentication/ /1.7/overview/security/;
/1.7/administration/service-discovery/ /1.7/overview/service-discovery/;
/1.7/advanced-installer/create-a-script-for-ip-address-discovery/ /1.7/administration/installing/oss/custom/advanced/;
/1.7/getting-started/overview/ /1.7/usage/;
/1.7/usage/jobs/getting-started/ /1.8/usage/jobs/getting-started/;
/1.7/usage/service-discovery/load-balancing-vips/virtual-ip-addresses/ /1.7/usage/service-discovery/virtual-ip-addresses/;
/1.7/usage/services/ /1.7/usage/managing-services/;
/1.7/usage/services/config/ /1.7/usage/managing-services/config/;
/1.7/usage/services/install/ /1.7/usage/managing-services/install/;
/1.7/usage/services/list/ /1.7/usage/managing-services/list/;
/1.7/usage/services/repo/ /1.7/usage/repo/;
/1.7/usage/services/uninstall/ /1.7/usage/managing-services/uninstall/;
/1.7/usage/services/uninstall/#framework-cleaner /1.7/usage/managing-services/uninstall/#framework-cleaner;
/1.7/usage/tutorials/marathon/inline-update/ /1.7/usage/tutorials/marathon/;
/1.7/usage/tutorials/ruby-on-rails/ /1.7/usage/tutorials/;
/1.8/administration/haproxy-adminrouter/ /1.8/administration/tls-ssl/haproxy-adminrouter/;
/1.8/administration/installing/cloud/aws/advanced/aws-custom/ /1.8/administration/installing/cloud/aws/advanced/;
/1.8/administration/installing/cloud/aws/advanced/quickstart/ /1.8/administration/installing/cloud/aws/advanced/;
/1.8/administration/installing/cloud/aws/advanced/system-requirements/ /1.8/administration/installing/cloud/aws/advanced/;
/1.8/administration/installing/custom/create-public-agent/ /1.8/administration/installing/custom/convert-agent-type/;
/1.8/administration/id-and-access-mgt/auth-api/ /1.8/administration/id-and-access-mgt/iam-api/;
/1.8/administration/overlay-networks/ /1.8/administration/virtual-networks/;
/1.8/administration/overlay-networks/ip-per-container/ /1.8/administration/virtual-networks/ip-per-container/;
/1.8/administration/overlay-networks/isolation/ /1.8/administration/virtual-networks/isolation/;
/1.8/administration/sshcluster/ /1.8/administration/access-node/sshcluster/;
/1.8/administration/telemetry/ /1.8/overview/telemetry/;
/1.8/administration/user-management/ /1.8/administration/id-and-access-mgt/user-management/;
/1.8/networking/mesos-dns/http-interface/ /1.8/networking/mesos-dns/mesos-dns-api/;
/1.8/usage/managing-services/application-basics/ /1.8/usage/managing-services/creating-services/;
/1.8/usage/managing-services/application-basics/deploy-docker-app/ /1.8/usage/managing-services/creating-services/deploy-docker-app/;
/1.8/usage/managing-services/config/ /1.8/usage/managing-services/config-universe-service/;
/1.8/usage/managing-services/list/ /1.8/usage/managing-services/monitoring/;
/1.8/usage/managing-services/monitoring/ /1.8/usage/managing-services/monitor-services/;
/1.8/usage/marathon/ /1.8/usage/managing-services/;
/1.8/usage/marathon/application-basics/ /1.8/usage/managing-services/creating-services/;
/1.8/usage/marathon/ports/ /1.8/usage/managing-services/ports/service-ports/;
/1.8/usage/overlay-networks/ /1.8/usage/service-discovery/load-balancing-vips/virtual-networks/;
/1.8/usage/registry/ https://github.com/dcos/examples/tree/master/1.8/registry;
/1.8/usage/service-discovery/custom-domain-service-discovery/ /1.8/usage/service-discovery/mesos-dns/custom-domain-service-discovery/;
/1.8/usage/service-discovery/dns-naming/ /1.8/usage/service-discovery/mesos-dns/service-naming/#dns-naming;
/1.8/usage/service-discovery/haproxy-adminrouter/ /1.8/administration/haproxy-adminrouter/;
/1.8/usage/service-discovery/load-balancing-vips/overlay-networks/ /.8/usage/service-discovery/load-balancing-vips/virtual-networks/;
/1.8/usage/service-discovery/marathon-lb/quickstart/ /1.8/usage/service-discovery/marathon-lb/marathon-lb-basic-tutorial/;
/1.8/usage/service-discovery/mesos-dns/custom-domain-service-discovery/ /1.8/usage/service-discovery/mesos-dns/expose-mesos-zone/;
/1.8/usage/service-discovery/virtual-ip-addresses/ /1.8/usage/service-discovery/load-balancing-vips/virtual-ip-addresses/;
/1.8/usage/tutorials/docker-app/ /1.8/usage/managing-services/creating-services/deploy-docker-app/;
/1.8/usage/tutorials/inline-update/ /1.8/usage/managing-services/update-user-service/;
/1.8/usage/tutorials/marathon/ /1.8/usage/tutorials/dcos-101/;
/1.8/usage/tutorials/marathon/inline-update/ /1.7/usage/tutorials/marathon/;
/1.8/usage/tutorials/marathon/stateful-services/ /1.7/usage/tutorials/marathon/stateful-services/;
/1.8/usage/tutorials/public-app/ /1.8/usage/managing-services/expose-service/;
/1.8/usage/tutorials/registry/ https://github.com/dcos/examples/tree/master/1.8/registry;
/1.9/administration/ /1.9/administering-clusters/;
/1.9/administration/access-node/ /1.9/administering-clusters/;
/1.9/administration/access-node/sshcluster/ /1.9/administering-clusters/sshcluster/;
/1.9/administration/access-node/tunnel/ /1.9/developing-services/tunnel/;
/1.9/administration/component-management/ /1.9/administering-clusters/component-management/;
/1.9/administration/debugging/ /1.9/usage/debugging/cli-debugging/task-exec/;
/1.9/administration/debugging/quickstart/ /1.9/usage/debugging/cli-debugging/task-exec/;
/1.9/administration/faq/ /1.9/installing/faq/;
/1.9/administration/gpu/ /1.9/deploying-services/gpu/;
/1.9/administration/gpu/aws-install/ /1.9/deploying-services/gpu/aws-install/;
/1.9/administration/gpu/custom-install/ /1.9/deploying-services/gpu/custom-install/;
/1.9/administration/haproxy-adminrouter/ /1.9/administration/tls-ssl/haproxy-adminrouter/;
/1.9/administration/high-availability/ /1.9/networking/high-availability/;
/1.9/administration/high-availability/multi-region/ /1.9/networking/high-availability/multi-region/;
/1.9/administration/high-availability/multi-zone/ /1.9/networking/high-availability/multi-zone/;
/1.9/administration/id-and-access-mgt/ /1.9/security/;
/1.9/administration/id-and-access-mgt/add-user-script/ /1.9/security/add-user-script/;
/1.9/administration/id-and-access-mgt/configure-your-security/ /1.9/security/configure-your-security/;
/1.9/administration/id-and-access-mgt/iam-api/ /1.9/security/iam-api/;
/1.9/administration/id-and-access-mgt/managing-authentication/ /1.9/security/managing-authentication/;
/1.9/administration/id-and-access-mgt/user-management/ /1.9/security/ent/users-groups/;
/1.9/administration/installing/ /1.9/installing/;
/1.9/administration/installing/cloud/ /1.9/installing/cloud/;
/1.9/administration/installing/cloud/aws/ /1.9/installing/cloud/aws/;
/1.9/administration/installing/cloud/aws/advanced/ /1.9/installing/cloud/aws/advanced/;
/1.9/administration/installing/cloud/aws/advanced/aws-ami/ /1.9/installing/cloud/aws/advanced/aws-ami/;
/1.9/administration/installing/cloud/aws/advanced/aws-custom/ /1.9/administration/installing/cloud/aws/advanced/;
/1.9/administration/installing/cloud/aws/advanced/quickstart/ /1.9/administration/installing/cloud/aws/advanced/;
/1.9/administration/installing/cloud/aws/advanced/system-requirements/ /1.9/administration/installing/cloud/aws/advanced/;
/1.9/administration/installing/cloud/aws/advanced/template-reference/ /1.9/installing/cloud/aws/advanced/template-reference/;
/1.9/administration/installing/cloud/aws/basic/ /1.9/installing/cloud/aws/basic/;
/1.9/administration/installing/cloud/aws/removeaws/ /1.9/installing/cloud/aws/removeaws/;
/1.9/administration/installing/cloud/azure/ /1.9/installing/cloud/azure/;
/1.9/administration/installing/cloud/digitalocean/ /1.9/installing/cloud/digitalocean/;
/1.9/administration/installing/cloud/gce/ /1.9/installing/cloud/gce/;
/1.9/administration/installing/cloud/packet/ /1.9/installing/cloud/packet/;
/1.9/administration/installing/custom/ /1.9/installing/custom/;
/1.9/administration/installing/custom/add-a-node/ /1.9/administering-clusters/add-a-node/;
/1.9/administration/installing/custom/advanced/ /1.9/installing/oss/custom/advanced/;
/1.9/administration/installing/custom/cli/ /1.9/installing/custom/cli/;
/1.9/administration/installing/custom/configuration-parameters/ /1.9/installing/custom/configuration/configuration-parameters/;
/1.9/administration/installing/custom/configure-proxy/ /1.9/installing/custom/configure-proxy/;
/1.9/administration/installing/custom/convert-agent-type/ /1.9/administering-clusters/convert-agent-type/;
/1.9/administration/installing/custom/gui/ /1.9/installing/custom/gui/;
/1.9/administration/installing/custom/system-requirements/ /1.9/installing/custom/system-requirements/;
/1.9/administration/installing/custom/system-requirements/install-docker-centos/ /1.9/installing/custom/system-requirements/install-docker-centos/;
/1.9/administration/installing/custom/troubleshooting/ /1.9/installing/troubleshooting/;
/1.9/administration/installing/custom/uninstall/ /1.9/installing/custom/uninstall/;
/1.9/administration/installing/deploying-a-local-dcos-universe/ /1.9/administering-clusters/deploying-a-local-dcos-universe/;
/1.9/administration/installing/local/ /1.9/installing/local/;
/1.9/administration/installing/opt-out/ /1.9/installing/custom/opt-out/;
/1.9/administration/installing/ports/ /1.9/installing/ports/;
/1.9/administration/installing/update-a-node/ /1.9/administering-clusters/update-a-node/;
/1.9/administration/locate-public-agent/ /1.9/administering-clusters/locate-public-agent/;
/1.9/administration/logging/ /1.9/monitoring/logging/;
/1.9/administration/logging/access-component-logs/ /1.9/monitoring/logging/access-component-logs/;
/1.9/administration/logging/access-task-logs/ /1.9/monitoring/logging/access-task-logs/;
/1.9/administration/logging/aggregating/ /1.9/monitoring/logging/aggregating/;
/1.9/administration/logging/aggregating/elk/ /1.9/monitoring/logging/aggregating/elk/;
/1.9/administration/logging/aggregating/filter-elk/ /1.9/monitoring/logging/aggregating/filter-elk/;
/1.9/administration/logging/aggregating/filter-splunk/ /1.9/monitoring/logging/aggregating/filter-splunk/;
/1.9/administration/logging/aggregating/splunk/ /1.9/monitoring/logging/aggregating/splunk/;
/1.9/administration/logging/logging-api/ /1.9/monitoring/logging/logging-api/;
/1.9/administration/logging/quickstart/ /1.9/monitoring/logging/quickstart/;
/1.9/administration/managing-aws/ /1.9/administering-clusters/managing-aws/;
/1.9/administration/metrics/ /1.9/administration/monitoring/metrics/;
/1.9/administration/metrics/metrics-api/ /1.9/administration/monitoring/metrics/metrics-api/;
/1.9/administration/metrics/quickstart/ /1.9/administration/monitoring/metrics/quickstart/;
/1.9/administration/monitoring/ /1.9/monitoring/;
/1.9/administration/monitoring/metrics/ /1.9/metrics/;
/1.9/administration/monitoring/metrics/metrics-api/ /1.9/metrics/metrics-api/;
/1.9/administration/monitoring/metrics/quickstart/ /1.9/metrics/quickstart/;
/1.9/administration/monitoring/nagios/ /1.9/administration/monitoring/performance-monitoring/nagios/;
/1.9/administration/monitoring/performance-monitoring/ /1.9/monitoring/performance-monitoring/;
/1.9/administration/monitoring/performance-monitoring/nagios/ /1.9/monitoring/performance-monitoring/nagios/;
/1.9/administration/overlay-networks/ /1.9/administration/virtual-networks/;
/1.9/administration/overlay-networks/ip-per-container/ /1.9/administration/virtual-networks/ip-per-container/;
/1.9/administration/overlay-networks/isolation/ /1.9/administration/virtual-networks/isolation/;
/1.9/administration/release-notes/ /1.9/release-notes/;
/1.9/administration/remove-agent/ /1.9/remove-agent/;
/1.9/administration/securing-your-cluster/ /1.9/administering-clusters/securing-your-cluster/;
/1.9/administration/storage/ /1.9/storage/;
/1.9/administration/storage/mount-disk-resources/ /1.9/storage/mount-disk-resources/;
/1.9/administration/storage/nfs/ /1.9/storage/nfs/;
/1.9/administration/tls-ssl/ /1.9/networking/tls-ssl/;
/1.9/administration/tls-ssl/haproxy-adminrouter/ /1.9/networking/tls-ssl/haproxy-adminrouter/;
/1.9/administration/upgrading/ /1.9/installing/upgrading/;
/1.9/administration/user-management/ /1.9/administration/id-and-access-mgt/user-management/;
/1.9/administration/virtual-networks/ /1.9/networking/virtual-networks/;
/1.9/administration/virtual-networks/ip-per-container/ /1.9/networking/virtual-networks/ip-per-container/;
/1.9/administration/virtual-networks/isolation/ /1.9/networking/virtual-networks/isolation/;
/1.9/debugging/cli-debugging/task-exec/quickstart/ /1.9/monitoring/debugging/cli-debugging/task-exec/;
/1.9/developing-services/create-package/ https://github.com/mesosphere/universe/blob/version-3.x/tutorial/GetStarted.md;
/1.9/developing-services/dcos-integration/ https://github.com/mesosphere/universe/blob/version-3.x/tutorial/GetStarted.md;
/1.9/developing-services/service-requirements-spec/ https://github.com/mesosphere/universe/blob/version-3.x/tutorial/GetStarted.md;
/1.9/development/ /1.9/developing-services/;
/1.9/installing/custom/configuration-parameters/ /1.9/installing/custom/configuration/configuration-parameters/;
/1.9/monitoring/debugging/cli-debugging/task-exec/ /1.9/monitoring/debugging/task-exec/;
/1.9/networking/mesos-dns/http-interface/ /1.9/networking/mesos-dns/mesos-dns-api/;
/1.9/overview/components/ /1.9/overview/architecture/components/;
/1.9/overview/roadmap/ /1.9/;
/1.9/release-notes/version-policy/ /version-policy/;
/1.9/usage/ /1.9/;
/1.9/usage/cli/ /1.9/cli/;
/1.9/usage/cli/command-reference/ /1.9/cli/command-reference/;
/1.9/usage/cli/command-reference/dcos-auth/ /1.9/cli/command-reference/dcos-auth/dcos-auth-login/;
/1.9/usage/cli/command-reference/dcos-auth/dcos-auth-list-providers/ /1.9/cli/command-reference/dcos-auth/dcos-auth-list-providers/;
/1.9/usage/cli/command-reference/dcos-auth/dcos-auth-login/ /1.9/cli/command-reference/dcos-auth/dcos-auth-login/;
/1.9/usage/cli/command-reference/dcos-auth/dcos-auth-logout/ /1.9/cli/command-reference/dcos-auth/dcos-auth-logout/;
/1.9/usage/cli/command-reference/dcos-config/ /1.9/cli/command-reference/dcos-config/;
/1.9/usage/cli/command-reference/dcos-config/dcos-config-set/ /1.9/cli/command-reference/dcos-config/dcos-config-set/;
/1.9/usage/cli/command-reference/dcos-config/dcos-config-show/ /1.9/cli/command-reference/dcos-config/dcos-config-show/;
/1.9/usage/cli/command-reference/dcos-config/dcos-config-unset/ /1.9/cli/command-reference/dcos-config/dcos-config-unset/;
/1.9/usage/cli/command-reference/dcos-config/dcos-config-validate/ /1.9/cli/command-reference/dcos-config/dcos-config-validate/;
/1.9/usage/cli/command-reference/dcos-experimental/ /1.9/cli/command-reference/dcos-experimental/;
/1.9/usage/cli/command-reference/dcos-experimental/dcos-experimental-package-add/ /1.9/cli/command-reference/dcos-experimental/dcos-experimental-package-add/;
/1.9/usage/cli/command-reference/dcos-experimental/dcos-experimental-package-build/ /1.9/cli/command-reference/dcos-experimental/dcos-experimental-package-build/;
/1.9/usage/cli/command-reference/dcos-experimental/dcos-experimental-package-start/ /1.9/cli/command-reference/dcos-experimental/dcos-experimental-package-start/;
/1.9/usage/cli/command-reference/dcos-help/ /1.9/cli/command-reference/dcos-help/;
/1.9/usage/cli/command-reference/dcos-job/ /1.9/cli/command-reference/dcos-job/;
/1.9/usage/cli/command-reference/dcos-job/dcos-job-add/ /1.9/cli/command-reference/dcos-job/dcos-job-add/;
/1.9/usage/cli/command-reference/dcos-job/dcos-job-history/ /1.9/cli/command-reference/dcos-job/dcos-job-history/;
/1.9/usage/cli/command-reference/dcos-job/dcos-job-kill/ /1.9/cli/command-reference/dcos-job/dcos-job-kill/;
/1.9/usage/cli/command-reference/dcos-job/dcos-job-list/ /1.9/cli/command-reference/dcos-job/dcos-job-list/;
/1.9/usage/cli/command-reference/dcos-job/dcos-job-remove/ /1.9/cli/command-reference/dcos-job/dcos-job-remove/;
/1.9/usage/cli/command-reference/dcos-job/dcos-job-run/ /1.9/cli/command-reference/dcos-job/dcos-job-run/;
/1.9/usage/cli/command-reference/dcos-job/dcos-job-schedule-add/ /1.9/cli/command-reference/dcos-job/dcos-job-schedule-add/;
/1.9/usage/cli/command-reference/dcos-job/dcos-job-schedule-remove/ /1.9/cli/command-reference/dcos-job/dcos-job-schedule-remove/;
/1.9/usage/cli/command-reference/dcos-job/dcos-job-schedule-show/ /1.9/cli/command-reference/dcos-job/dcos-job-schedule-show/;
/1.9/usage/cli/command-reference/dcos-job/dcos-job-schedule-update/ /1.9/cli/command-reference/dcos-job/dcos-job-schedule-update/;
/1.9/usage/cli/command-reference/dcos-job/dcos-job-show-runs/ /1.9/cli/command-reference/dcos-job/dcos-job-show-runs/;
/1.9/usage/cli/command-reference/dcos-job/dcos-job-show/ /1.9/cli/command-reference/dcos-job/dcos-job-show/;
/1.9/usage/cli/command-reference/dcos-job/dcos-job-update/ /1.9/cli/command-reference/dcos-job/dcos-job-update/;
/1.9/usage/cli/command-reference/dcos-marathon/ /1.9/cli/command-reference/dcos-marathon/;
/1.9/usage/cli/command-reference/dcos-marathon/dcos-marathon-about/ /1.9/cli/command-reference/dcos-marathon/dcos-marathon-about/;
/1.9/usage/cli/command-reference/dcos-marathon/dcos-marathon-app-add/ /1.9/cli/command-reference/dcos-marathon/dcos-marathon-app-add/;
/1.9/usage/cli/command-reference/dcos-marathon/dcos-marathon-app-kill/ /1.9/cli/command-reference/dcos-marathon/dcos-marathon-app-kill/;
/1.9/usage/cli/command-reference/dcos-marathon/dcos-marathon-app-list/ /1.9/cli/command-reference/dcos-marathon/dcos-marathon-app-list/;
/1.9/usage/cli/command-reference/dcos-marathon/dcos-marathon-app-remove/ /1.9/cli/command-reference/dcos-marathon/dcos-marathon-app-remove/;
/1.9/usage/cli/command-reference/dcos-marathon/dcos-marathon-app-restart/ /1.9/cli/command-reference/dcos-marathon/dcos-marathon-app-restart/;
/1.9/usage/cli/command-reference/dcos-marathon/dcos-marathon-app-show/ /1.9/cli/command-reference/dcos-marathon/dcos-marathon-app-show/;
/1.9/usage/cli/command-reference/dcos-marathon/dcos-marathon-app-start/ /1.9/cli/command-reference/dcos-marathon/dcos-marathon-app-start/;
/1.9/usage/cli/command-reference/dcos-marathon/dcos-marathon-app-stop/ /1.9/cli/command-reference/dcos-marathon/dcos-marathon-app-stop/;
/1.9/usage/cli/command-reference/dcos-marathon/dcos-marathon-app-update/ /1.9/cli/command-reference/dcos-marathon/dcos-marathon-app-update/;
/1.9/usage/cli/command-reference/dcos-marathon/dcos-marathon-app-version-list/ /1.9/cli/command-reference/dcos-marathon/dcos-marathon-app-version-list/;
/1.9/usage/cli/command-reference/dcos-marathon/dcos-marathon-debug-details/ /1.9/cli/command-reference/dcos-marathon/dcos-marathon-debug-details/;
/1.9/usage/cli/command-reference/dcos-marathon/dcos-marathon-debug-list/ /1.9/cli/command-reference/dcos-marathon/dcos-marathon-debug-list/;
/1.9/usage/cli/command-reference/dcos-marathon/dcos-marathon-debug-summary/ /1.9/cli/command-reference/dcos-marathon/dcos-marathon-debug-summary/;
/1.9/usage/cli/command-reference/dcos-marathon/dcos-marathon-deployment-list/ /1.9/cli/command-reference/dcos-marathon/dcos-marathon-deployment-list/;
/1.9/usage/cli/command-reference/dcos-marathon/dcos-marathon-deployment-rollback/ /1.9/cli/command-reference/dcos-marathon/dcos-marathon-deployment-rollback/;
/1.9/usage/cli/command-reference/dcos-marathon/dcos-marathon-deployment-stop/ /1.9/cli/command-reference/dcos-marathon/dcos-marathon-deployment-stop/;
/1.9/usage/cli/command-reference/dcos-marathon/dcos-marathon-deployment-watch/ /1.9/cli/command-reference/dcos-marathon/dcos-marathon-deployment-watch/;
/1.9/usage/cli/command-reference/dcos-marathon/dcos-marathon-group-add/ /1.9/cli/command-reference/dcos-marathon/dcos-marathon-group-add/;
/1.9/usage/cli/command-reference/dcos-marathon/dcos-marathon-group-list/ /1.9/cli/command-reference/dcos-marathon/dcos-marathon-group-list/;
/1.9/usage/cli/command-reference/dcos-marathon/dcos-marathon-group-remove/ /1.9/cli/command-reference/dcos-marathon/dcos-marathon-group-remove/;
/1.9/usage/cli/command-reference/dcos-marathon/dcos-marathon-group-scale/ /1.9/cli/command-reference/dcos-marathon/dcos-marathon-group-scale/;
/1.9/usage/cli/command-reference/dcos-marathon/dcos-marathon-group-show/ /1.9/cli/command-reference/dcos-marathon/dcos-marathon-group-show/;
/1.9/usage/cli/command-reference/dcos-marathon/dcos-marathon-group-update/ /1.9/cli/command-reference/dcos-marathon/dcos-marathon-group-update/;
/1.9/usage/cli/command-reference/dcos-marathon/dcos-marathon-pod-add/ /1.9/cli/command-reference/dcos-marathon/dcos-marathon-pod-add/;
/1.9/usage/cli/command-reference/dcos-marathon/dcos-marathon-pod-kill/ /1.9/cli/command-reference/dcos-marathon/dcos-marathon-pod-kill/;
/1.9/usage/cli/command-reference/dcos-marathon/dcos-marathon-pod-list/ /1.9/cli/command-reference/dcos-marathon/dcos-marathon-pod-list/;
/1.9/usage/cli/command-reference/dcos-marathon/dcos-marathon-pod-remove/ /1.9/cli/command-reference/dcos-marathon/dcos-marathon-pod-remove/;
/1.9/usage/cli/command-reference/dcos-marathon/dcos-marathon-pod-show/ /1.9/cli/command-reference/dcos-marathon/dcos-marathon-pod-show/;
/1.9/usage/cli/command-reference/dcos-marathon/dcos-marathon-pod-update/ /1.9/cli/command-reference/dcos-marathon/dcos-marathon-pod-update/;
/1.9/usage/cli/command-reference/dcos-marathon/dcos-marathon-task-list/ /1.9/cli/command-reference/dcos-marathon/dcos-marathon-task-list/;
/1.9/usage/cli/command-reference/dcos-marathon/dcos-marathon-task-show/ /1.9/cli/command-reference/dcos-marathon/dcos-marathon-task-show/;
/1.9/usage/cli/command-reference/dcos-marathon/dcos-marathon-task-stop/ /1.9/cli/command-reference/dcos-marathon/dcos-marathon-task-stop/;
/1.9/usage/cli/command-reference/dcos-node/ /1.9/cli/command-reference/dcos-node/;
/1.9/usage/cli/command-reference/dcos-node/dcos-node-diagnostics-create/ /1.9/cli/command-reference/dcos-node/dcos-node-diagnostics-create/;
/1.9/usage/cli/command-reference/dcos-node/dcos-node-diagnostics-delete/ /1.9/cli/command-reference/dcos-node/dcos-node-diagnostics-delete/;
/1.9/usage/cli/command-reference/dcos-node/dcos-node-diagnostics-download/ /1.9/cli/command-reference/dcos-node/dcos-node-diagnostics-download/;
/1.9/usage/cli/command-reference/dcos-node/dcos-node-diagnostics/ /1.9/cli/command-reference/dcos-node/dcos-node-diagnostics/;
/1.9/usage/cli/command-reference/dcos-node/dcos-node-list-components/ /1.9/cli/command-reference/dcos-node/dcos-node-list-components/;
/1.9/usage/cli/command-reference/dcos-node/dcos-node-log/ /1.9/cli/command-reference/dcos-node/dcos-node-log/;
/1.9/usage/cli/command-reference/dcos-node/dcos-node-ssh/ /1.9/cli/command-reference/dcos-node/dcos-node-ssh/;
/1.9/usage/cli/command-reference/dcos-package/ /1.9/cli/command-reference/dcos-package/;
/1.9/usage/cli/command-reference/dcos-package/dcos-package-describe/ /1.9/cli/command-reference/dcos-package/dcos-package-describe/;
/1.9/usage/cli/command-reference/dcos-package/dcos-package-install/ /1.9/cli/command-reference/dcos-package/dcos-package-install/;
/1.9/usage/cli/command-reference/dcos-package/dcos-package-list/ /1.9/cli/command-reference/dcos-package/dcos-package-list/;
/1.9/usage/cli/command-reference/dcos-package/dcos-package-repo-add/ /1.9/cli/command-reference/dcos-package/dcos-package-repo-add/;
/1.9/usage/cli/command-reference/dcos-package/dcos-package-repo-list/ /1.9/cli/command-reference/dcos-package/dcos-package-repo-list/;
/1.9/usage/cli/command-reference/dcos-package/dcos-package-repo-remove/ /1.9/cli/command-reference/dcos-package/dcos-package-repo-remove/;
/1.9/usage/cli/command-reference/dcos-package/dcos-package-search/ /1.9/cli/command-reference/dcos-package/dcos-package-search/;
/1.9/usage/cli/command-reference/dcos-package/dcos-package-uninstall/ /1.9/cli/command-reference/dcos-package/dcos-package-uninstall/;
/1.9/usage/cli/command-reference/dcos-package/dcos-package-update/ /1.9/cli/command-reference/dcos-package/dcos-package-update/;
/1.9/usage/cli/command-reference/dcos-service/ /1.9/cli/command-reference/dcos-service/;
/1.9/usage/cli/command-reference/dcos-service/dcos-service-log/ /1.9/cli/command-reference/dcos-service/dcos-service-log/;
/1.9/usage/cli/command-reference/dcos-service/dcos-service-shutdown/ /1.9/cli/command-reference/dcos-service/dcos-service-shutdown/;
/1.9/usage/cli/command-reference/dcos-task/ /1.9/cli/command-reference/dcos-task/;
/1.9/usage/cli/command-reference/dcos-task/dcos-task-exec/ /1.9/cli/command-reference/dcos-task/dcos-task-exec/;
/1.9/usage/cli/command-reference/dcos-task/dcos-task-log/ /1.9/cli/command-reference/dcos-task/dcos-task-log/;
/1.9/usage/cli/command-reference/dcos-task/dcos-task-ls/ /1.9/cli/command-reference/dcos-task/dcos-task-ls/;
/1.9/usage/cli/command-reference/dcos/ /1.9/cli/command-reference/dcos/;
/1.9/usage/cli/configure/ /1.9/cli/configure/;
/1.9/usage/cli/enterprise-cli/ /1.9/cli/enterprise-cli/;
/1.9/usage/cli/install/ /1.9/cli/install/;
/1.9/usage/cli/multi-cluster-cli/ /1.9/cli/multi-cluster-cli/;
/1.9/usage/cli/uninstall/ /1.9/cli/uninstall/;
/1.9/usage/cli/update/ /1.9/cli/update/;
/1.9/usage/containerizers/ /1.9/deploying-services/containerizers/;
/1.9/usage/debugging/ /1.9/monitoring/debugging/;
/1.9/usage/debugging/cli-debugging/ /1.9/monitoring/debugging/cli-debugging/;
/1.9/usage/debugging/cli-debugging/task-exec/ /1.9/monitoring/debugging/cli-debugging/task-exec/;
/1.9/usage/debugging/gui-debugging/ /1.9/monitoring/debugging/gui-debugging/;
/1.9/usage/debugging/stuck-deployment/ /1.9/monitoring/debugging/stuck-deployment/;
/1.9/usage/faq/ /1.9/deploying-services/faq/;
/1.9/usage/gpu/ /1.9/deploying-services/gpu/;
/1.9/usage/gpu/limitations/ /1.9/deploying-services/gpu/;
/1.9/usage/jobs/ /1.9/deploying-jobs/;
/1.9/usage/jobs/examples/ /1.9/deploying-jobs/examples/;
/1.9/usage/jobs/getting-started/ /1.9/deploying-jobs/quickstart/;
/1.9/usage/managing-services/ /1.9/deploying-services/;
/1.9/usage/managing-services/application-basics/ /1.9/deploying-services/creating-services/;
/1.9/usage/managing-services/application-basics/deploy-docker-app/ /1.9/deploying-services/creating-services/deploy-docker-app/;
/1.9/usage/managing-services/config-universe-service/ /1.9/deploying-services/config-universe-service/;
/1.9/usage/managing-services/config/ /1.9/usage/managing-services/config-universe-service/;
/1.9/usage/managing-services/developing-services/ /1.9/developing-services/;
/1.9/usage/managing-services/expose-service/ /1.9/deploying-services/expose-service/;
/1.9/usage/managing-services/install/ /1.9/deploying-services/install/;
/1.9/usage/managing-services/list/ /1.9/usage/managing-services/monitoring/;
/1.9/usage/managing-services/monitor-services/ /1.9/deploying-services/monitor-services/;
/1.9/usage/managing-services/monitoring/ /1.9/usage/managing-services/monitor-services/;
/1.9/usage/managing-services/package-api/ /1.9/deploying-services/package-api/;
/1.9/usage/managing-services/rest-api/ /1.9/deploying-services/marathon-api/;
/1.9/usage/managing-services/scale-service/ /1.9/deploying-services/scale-service/;
/1.9/usage/managing-services/service-ports/ /1.9/deploying-services/service-ports/;
/1.9/usage/managing-services/task-handling/ /1.9/deploying-services/task-handling/;
/1.9/usage/managing-services/task-handling/configure-task-handling/ /1.9/deploying-services/task-handling/configure-task-handling/;
/1.9/usage/managing-services/uninstall/ /1.9/deploying-services/uninstall/;
/1.9/usage/managing-services/update-user-service/ /1.9/deploying-services/update-user-service/;
/1.9/usage/marathon/ /1.9/usage/managing-services/;
/1.9/usage/marathon/application-basics/ /1.9/deploying-services/creating-services/;
/1.9/usage/marathon/ports/ /1.9/usage/managing-services/ports/service-ports/;
/1.9/usage/marathon/rest-api/ /1.9/usage/managing-services/rest-api/;
/1.9/usage/nginx.json /1.9/deploying-services/creating-services/nginx.json;
/1.9/usage/pods/ /1.9/deploying-services/pods/;
/1.9/usage/pods/examples/ /1.9/deploying-services/pods/examples/;
/1.9/usage/pods/pods-cli/ /1.9/usage/pods/using-pods/;
/1.9/usage/pods/quickstart/ /1.9/deploying-services/pods/quickstart/;
/1.9/usage/pods/technical-overview/ /1.9/deploying-services/pods/technical-overview/;
/1.9/usage/pods/using-pods/ /1.9/deploying-services/pods/using-pods/;
/1.9/usage/repo/ /1.9/administering-clusters/repo/;
/1.9/usage/service-discovery/ /1.9/networking/;
/1.9/usage/service-discovery/custom-domain-service-discovery/ /1.9/usage/service-discovery/mesos-dns/custom-domain-service-discovery/;
/1.9/usage/service-discovery/dns-naming/ /1.9/usage/service-discovery/mesos-dns/service-naming/#dns-naming;
/1.9/usage/service-discovery/dns-overview/ /1.9/networking/dns-/1.9/overview/;
/1.9/usage/service-discovery/load-balancing-vips/ /1.9/networking/load-balancing-vips/;
/1.9/usage/service-discovery/load-balancing-vips/overlay-networks/ /1.9/usage/service-discovery/load-balancing-vips/virtual-networks/;
/1.9/usage/service-discovery/load-balancing-vips/virtual-ip-addresses/ /1.9/networking/load-balancing-vips/virtual-ip-addresses/;
/1.9/usage/service-discovery/load-balancing-vips/virtual-networks/ /1.9/networking/load-balancing-vips/virtual-networks/;
/1.9/usage/service-discovery/marathon-lb/ /1.9/networking/marathon-lb/;
/1.9/usage/service-discovery/marathon-lb/advanced/ /1.9/networking/marathon-lb/advanced/;
/1.9/usage/service-discovery/marathon-lb/marathon-lb-advanced-tutorial/ /1.9/networking/marathon-lb/marathon-lb-advanced-tutorial/;
/1.9/usage/service-discovery/marathon-lb/marathon-lb-basic-tutorial/ /1.9/networking/marathon-lb/marathon-lb-basic-tutorial/;
/1.9/usage/service-discovery/marathon-lb/quickstart/ /1.9/usage/service-discovery/marathon-lb/marathon-lb-basic-tutorial/;
/1.9/usage/service-discovery/marathon-lb/usage/ /1.9/networking/marathon-lb/usage/;
/1.9/usage/service-discovery/mesos-dns/ /1.9/networking/mesos-dns/;
/1.9/usage/service-discovery/mesos-dns/custom-domain-service-discovery.md /1.9/usage/service-discovery/mesos-dns/expose-mesos-zone/;
/1.9/usage/service-discovery/mesos-dns/expose-mesos-zone/ /1.9/networking/mesos-dns/expose-mesos-zone/;
/1.9/usage/service-discovery/mesos-dns/http-interface/ /1.9/networking/mesos-dns/http-interface/;
/1.9/usage/service-discovery/mesos-dns/service-naming/ /1.9/networking/mesos-dns/service-naming/;
/1.9/usage/service-discovery/mesos-dns/troubleshooting/ /1.9/networking/mesos-dns/troubleshooting/;
/1.9/usage/storage/ /1.9/storage/;
/1.9/usage/storage/external-storage/ /1.9/storage/external-storage/;
/1.9/usage/storage/persistent-volume/ /1.9/storage/persistent-volume/;
/1.9/usage/tutorials/ /1.9/tutorials/;
/1.9/usage/tutorials/autoscaling/ /1.9/tutorials/autoscaling/;
/1.9/usage/tutorials/autoscaling/cpu-memory/ /1.9/tutorials/autoscaling/cpu-memory/;
/1.9/usage/tutorials/autoscaling/microscaling-queue/ /1.9/tutorials/autoscaling/microscaling-queue/;
/1.9/usage/tutorials/autoscaling/requests-second/ /1.9/tutorials/autoscaling/requests-second/;
/1.9/usage/tutorials/create-service/ /1.9/tutorials/create-service/;
/1.9/usage/tutorials/deploy-on-marathon/ /1.9/tutorials/deploy-on-marathon/;
/1.9/usage/tutorials/docker-app/ /1.9/usage/managing-services/creating-services/deploy-docker-app/;
/1.9/usage/tutorials/inline-update/ /1.9/usage/managing-services/update-user-service/;
/1.9/usage/tutorials/iot_pipeline/ /1.9/tutorials/iot_pipeline/;
/1.9/usage/tutorials/public-app/ /1.9/usage/managing-services/expose-service/;
/1.9/usage/tutorials/registry/ https://github.com/dcos/examples/tree/master/registry/1.8;
/1.9/usage/tutorials/stateful-services/ /1.9/tutorials/stateful-services/;
/1.9/usage/tutorials/task-labels/ /1.9/tutorials/task-labels/;
/1.9/usage/webinterface/ /1.9/gui/;
/administration/ /latest/administration/;
/development/ /latest/development/;
/documentation/ /latest/;
/latest/installing/ /latest/installing/oss/;
/latest/installing/cloud/ /latest/installing/oss/cloud/;
/latest/installing/custom/ /latest/installing/oss/custom/;
/latest/installing/local/ /latest/installing/oss/local/;
/overview/components/ /1.7/overview/components/;
/release-notes/open-source-attribution/ /1.10/release-notes/open-source-attribution/;
/services/beta-cassandra/v1.0.30-3.0.13-beta/ /services/beta-cassandra/1.0.30-3.0.13-beta/;
/services/beta-cassandra/v1.0.31-3.0.13-beta/ /services/beta-cassandra/1.0.31-3.0.13-beta/;
/services/beta-cassandra/v1.0.32-3.0.14-beta/ /services/beta-cassandra/1.0.32-3.0.14-beta/;
/services/beta-elastic/v1.0.13-5.4.1-beta/ /services/beta-elastic/1.0.13-5.4.1-beta/;
/services/beta-elastic/v1.0.14-5.5.0-beta/ /services/beta-elastic/1.0.14-5.5.0-beta/;
/services/beta-elastic/v1.0.15-5.5.1-beta/ /services/beta-elastic/1.0.15-5.5.1-beta/;
/services/beta-elastic/v2.0.0-5.5.1/ /services/beta-elastic/2.0.0-5.5.1/;
/services/beta-kafka/v1.1.25-0.10.1.0-beta/ /services/beta-kafka/1.1.25-0.10.1.0-beta/;
/services/beta-kafka/v1.1.26-0.10.1.0-beta/ /services/beta-kafka/1.1.26-0.10.1.0-beta/;
~^/services/edge-lb/0.1.9/(.*)$ /services/edge-lb/0.1/$1;
~^/services/edge-lb/1.0.0/(.*)$ /services/edge-lb/1.0/$1;
~^/services/edge-lb/latest/(.*)$ /services/edge-lb/1.0/$1;
/support/ https://support.mesosphere.com;
~^/docs/(?<path>.*)$ /$path;
